18:03:38 **** Incremental Build of configuration Debug for project LPC845_Project_UH_tavmero ****
make -r -j8 all 
Building file: ../source/LPC845_Project_UH_tavmero.c
Building file: ../source/UH_HCSR-04.c
Building file: ../board/peripherals.c
Invoking: MCU C Compiler
arm-none-eabi-gcc -D__REDLIB__ -DCPU_LPC845M301JBD48 -DCPU_LPC845M301JBD48_cm0plus -DSDK_OS_BAREMETAL -DSDK_DEBUGCONSOLE=1 -DCR_INTEGER_PRINTF -DPRINTF_FLOAT_ENABLE=0 -D__MCUXPRESSO -D__USE_CMSIS -DDEBUG -I"E:\5_LPC845-BRK\6_UH_tavmero_1xCAP\LPC845_Project_UH_tavmero\board" -I"E:\5_LPC845-BRK\6_UH_tavmero_1xCAP\LPC845_Project_UH_tavmero\source" -I"E:\5_LPC845-BRK\6_UH_tavmero_1xCAP\LPC845_Project_UH_tavmero\drivers" -I"E:\5_LPC845-BRK\6_UH_tavmero_1xCAP\LPC845_Project_UH_tavmero\CMSIS" -I"E:\5_LPC845-BRK\6_UH_tavmero_1xCAP\LPC845_Project_UH_tavmero\device" -I"E:\5_LPC845-BRK\6_UH_tavmero_1xCAP\LPC845_Project_UH_tavmero\component\uart" -I"E:\5_LPC845-BRK\6_UH_tavmero_1xCAP\LPC845_Project_UH_tavmero\utilities" -O0 -fno-common -g3 -Wall -c -ffunction-sections -fdata-sections -ffreestanding -fno-builtin -fmerge-constants -fmacro-prefix-map="../source/"= -mcpu=cortex-m0plus -mthumb -D__REDLIB__ -fstack-usage -specs=redlib.specs -MMD -MP -MF"source/LPC845_Project_UH_tavmero.d" -MT"source/LPC845_Project_UH_tavmero.o" -MT"source/LPC845_Project_UH_tavmero.d" -o "source/LPC845_Project_UH_tavmero.o" "../source/LPC845_Project_UH_tavmero.c"
Invoking: MCU C Compiler
arm-none-eabi-gcc -D__REDLIB__ -DCPU_LPC845M301JBD48 -DCPU_LPC845M301JBD48_cm0plus -DSDK_OS_BAREMETAL -DSDK_DEBUGCONSOLE=1 -DCR_INTEGER_PRINTF -DPRINTF_FLOAT_ENABLE=0 -D__MCUXPRESSO -D__USE_CMSIS -DDEBUG -I"E:\5_LPC845-BRK\6_UH_tavmero_1xCAP\LPC845_Project_UH_tavmero\board" -I"E:\5_LPC845-BRK\6_UH_tavmero_1xCAP\LPC845_Project_UH_tavmero\source" -I"E:\5_LPC845-BRK\6_UH_tavmero_1xCAP\LPC845_Project_UH_tavmero\drivers" -I"E:\5_LPC845-BRK\6_UH_tavmero_1xCAP\LPC845_Project_UH_tavmero\CMSIS" -I"E:\5_LPC845-BRK\6_UH_tavmero_1xCAP\LPC845_Project_UH_tavmero\device" -I"E:\5_LPC845-BRK\6_UH_tavmero_1xCAP\LPC845_Project_UH_tavmero\component\uart" -I"E:\5_LPC845-BRK\6_UH_tavmero_1xCAP\LPC845_Project_UH_tavmero\utilities" -O0 -fno-common -g3 -Wall -c -ffunction-sections -fdata-sections -ffreestanding -fno-builtin -fmerge-constants -fmacro-prefix-map="../source/"= -mcpu=cortex-m0plus -mthumb -D__REDLIB__ -fstack-usage -specs=redlib.specs -MMD -MP -MF"source/UH_HCSR-04.d" -MT"source/UH_HCSR-04.o" -MT"source/UH_HCSR-04.d" -o "source/UH_HCSR-04.o" "../source/UH_HCSR-04.c"
Invoking: MCU C Compiler
arm-none-eabi-gcc -D__REDLIB__ -DCPU_LPC845M301JBD48 -DCPU_LPC845M301JBD48_cm0plus -DSDK_OS_BAREMETAL -DSDK_DEBUGCONSOLE=1 -DCR_INTEGER_PRINTF -DPRINTF_FLOAT_ENABLE=0 -D__MCUXPRESSO -D__USE_CMSIS -DDEBUG -I"E:\5_LPC845-BRK\6_UH_tavmero_1xCAP\LPC845_Project_UH_tavmero\board" -I"E:\5_LPC845-BRK\6_UH_tavmero_1xCAP\LPC845_Project_UH_tavmero\source" -I"E:\5_LPC845-BRK\6_UH_tavmero_1xCAP\LPC845_Project_UH_tavmero\drivers" -I"E:\5_LPC845-BRK\6_UH_tavmero_1xCAP\LPC845_Project_UH_tavmero\CMSIS" -I"E:\5_LPC845-BRK\6_UH_tavmero_1xCAP\LPC845_Project_UH_tavmero\device" -I"E:\5_LPC845-BRK\6_UH_tavmero_1xCAP\LPC845_Project_UH_tavmero\component\uart" -I"E:\5_LPC845-BRK\6_UH_tavmero_1xCAP\LPC845_Project_UH_tavmero\utilities" -O0 -fno-common -g3 -Wall -c -ffunction-sections -fdata-sections -ffreestanding -fno-builtin -fmerge-constants -fmacro-prefix-map="../board/"= -mcpu=cortex-m0plus -mthumb -D__REDLIB__ -fstack-usage -specs=redlib.specs -MMD -MP -MF"board/peripherals.d" -MT"board/peripherals.o" -MT"board/peripherals.d" -o "board/peripherals.o" "../board/peripherals.c"
Building file: ../board/pin_mux.c
Invoking: MCU C Compiler
arm-none-eabi-gcc -D__REDLIB__ -DCPU_LPC845M301JBD48 -DCPU_LPC845M301JBD48_cm0plus -DSDK_OS_BAREMETAL -DSDK_DEBUGCONSOLE=1 -DCR_INTEGER_PRINTF -DPRINTF_FLOAT_ENABLE=0 -D__MCUXPRESSO -D__USE_CMSIS -DDEBUG -I"E:\5_LPC845-BRK\6_UH_tavmero_1xCAP\LPC845_Project_UH_tavmero\board" -I"E:\5_LPC845-BRK\6_UH_tavmero_1xCAP\LPC845_Project_UH_tavmero\source" -I"E:\5_LPC845-BRK\6_UH_tavmero_1xCAP\LPC845_Project_UH_tavmero\drivers" -I"E:\5_LPC845-BRK\6_UH_tavmero_1xCAP\LPC845_Project_UH_tavmero\CMSIS" -I"E:\5_LPC845-BRK\6_UH_tavmero_1xCAP\LPC845_Project_UH_tavmero\device" -I"E:\5_LPC845-BRK\6_UH_tavmero_1xCAP\LPC845_Project_UH_tavmero\component\uart" -I"E:\5_LPC845-BRK\6_UH_tavmero_1xCAP\LPC845_Project_UH_tavmero\utilities" -O0 -fno-common -g3 -Wall -c -ffunction-sections -fdata-sections -ffreestanding -fno-builtin -fmerge-constants -fmacro-prefix-map="../board/"= -mcpu=cortex-m0plus -mthumb -D__REDLIB__ -fstack-usage -specs=redlib.specs -MMD -MP -MF"board/pin_mux.d" -MT"board/pin_mux.o" -MT"board/pin_mux.d" -o "board/pin_mux.o" "../board/pin_mux.c"
Finished building: ../board/peripherals.c
Finished building: ../source/UH_HCSR-04.c
Finished building: ../source/LPC845_Project_UH_tavmero.c
 
 
 
Finished building: ../board/pin_mux.c
 
Building target: LPC845_Project_UH_tavmero.axf
Invoking: MCU Linker
arm-none-eabi-gcc -nostdlib -Xlinker -Map="LPC845_Project_UH_tavmero.map" -Xlinker --gc-sections -Xlinker -print-memory-usage -Xlinker --sort-section=alignment -Xlinker --cref -mcpu=cortex-m0plus -mthumb -T LPC845_Project_UH_tavmero_Debug.ld -o "LPC845_Project_UH_tavmero.axf" ./utilities/fsl_assert.o ./utilities/fsl_debug_console.o ./utilities/fsl_str.o  ./startup/startup_lpc845.o  ./source/LPC845_Project_UH_tavmero.o ./source/SysTimer.o ./source/UH_HCSR-04.o ./source/mtb.o ./source/semihost_hardfault.o ./source/sys.o  ./drivers/fsl_clock.o ./drivers/fsl_common.o ./drivers/fsl_common_arm.o ./drivers/fsl_ctimer.o ./drivers/fsl_gpio.o ./drivers/fsl_power.o ./drivers/fsl_reset.o ./drivers/fsl_sctimer.o ./drivers/fsl_swm.o ./drivers/fsl_usart.o  ./device/system_LPC845.o  ./component/uart/fsl_adapter_miniusart.o  ./board/board.o ./board/clock_config.o ./board/peripherals.o ./board/pin_mux.o   
Memory region         Used Size  Region Size  %age Used
   PROGRAM_FLASH:       19160 B        64 KB     29.24%
            SRAM:        2456 B      16352 B     15.02%
        IAP_SRAM:          0 GB         32 B      0.00%
Finished building target: LPC845_Project_UH_tavmero.axf
 
Performing post-build steps
arm-none-eabi-size "LPC845_Project_UH_tavmero.axf"; # arm-none-eabi-objcopy -v -O binary "LPC845_Project_UH_tavmero.axf" "LPC845_Project_UH_tavmero.bin" ; # checksum -p LPC845 -d "LPC845_Project_UH_tavmero.bin";
   text	   data	    bss	    dec	    hex	filename
  19152	      8	   2448	  21608	   5468	LPC845_Project_UH_tavmero.axf
 
18:08:18 **** Incremental Build of configuration Debug for project LPC845_Project_UH_tavmero ****
make -r -j8 all 
Building file: ../source/UH_HCSR-04.c
Invoking: MCU C Compiler
arm-none-eabi-gcc -D__REDLIB__ -DCPU_LPC845M301JBD48 -DCPU_LPC845M301JBD48_cm0plus -DSDK_OS_BAREMETAL -DSDK_DEBUGCONSOLE=1 -DCR_INTEGER_PRINTF -DPRINTF_FLOAT_ENABLE=0 -D__MCUXPRESSO -D__USE_CMSIS -DDEBUG -I"E:\5_LPC845-BRK\6_UH_tavmero_1xCAP\LPC845_Project_UH_tavmero\board" -I"E:\5_LPC845-BRK\6_UH_tavmero_1xCAP\LPC845_Project_UH_tavmero\source" -I"E:\5_LPC845-BRK\6_UH_tavmero_1xCAP\LPC845_Project_UH_tavmero\drivers" -I"E:\5_LPC845-BRK\6_UH_tavmero_1xCAP\LPC845_Project_UH_tavmero\CMSIS" -I"E:\5_LPC845-BRK\6_UH_tavmero_1xCAP\LPC845_Project_UH_tavmero\device" -I"E:\5_LPC845-BRK\6_UH_tavmero_1xCAP\LPC845_Project_UH_tavmero\component\uart" -I"E:\5_LPC845-BRK\6_UH_tavmero_1xCAP\LPC845_Project_UH_tavmero\utilities" -O0 -fno-common -g3 -Wall -c -ffunction-sections -fdata-sections -ffreestanding -fno-builtin -fmerge-constants -fmacro-prefix-map="../source/"= -mcpu=cortex-m0plus -mthumb -D__REDLIB__ -fstack-usage -specs=redlib.specs -MMD -MP -MF"source/UH_HCSR-04.d" -MT"source/UH_HCSR-04.o" -MT"source/UH_HCSR-04.d" -o "source/UH_HCSR-04.o" "../source/UH_HCSR-04.c"
../source/UH_HCSR-04.c:27:17: warning: type defaults to 'int' in declaration of 'cnt' [-Wimplicit-int]
   27 | volatile static cnt = 0;
      |                 ^~~
../source/UH_HCSR-04.c: In function 'ctimer0_capture1_callback':
../source/UH_HCSR-04.c:31:6: error: 'cap0' undeclared (first use in this function); did you mean 'cap2'?
   31 |      cap0 = CTIMER_GetCaptureValue(CTIMER0, kCTIMER_Capture_0);
      |      ^~~~
      |      cap2
../source/UH_HCSR-04.c:31:6: note: each undeclared identifier is reported only once for each function it appears in
make[1]: *** [source/subdir.mk:35: source/UH_HCSR-04.o] Error 1
make: *** [makefile:41: all] Error 2
"make -r -j8 all" terminated with exit code 2. Build might be incomplete.
18:08:47 **** Incremental Build of configuration Debug for project LPC845_Project_UH_tavmero ****
make -r -j8 all 
Building file: ../source/UH_HCSR-04.c
Invoking: MCU C Compiler
arm-none-eabi-gcc -D__REDLIB__ -DCPU_LPC845M301JBD48 -DCPU_LPC845M301JBD48_cm0plus -DSDK_OS_BAREMETAL -DSDK_DEBUGCONSOLE=1 -DCR_INTEGER_PRINTF -DPRINTF_FLOAT_ENABLE=0 -D__MCUXPRESSO -D__USE_CMSIS -DDEBUG -I"E:\5_LPC845-BRK\6_UH_tavmero_1xCAP\LPC845_Project_UH_tavmero\board" -I"E:\5_LPC845-BRK\6_UH_tavmero_1xCAP\LPC845_Project_UH_tavmero\source" -I"E:\5_LPC845-BRK\6_UH_tavmero_1xCAP\LPC845_Project_UH_tavmero\drivers" -I"E:\5_LPC845-BRK\6_UH_tavmero_1xCAP\LPC845_Project_UH_tavmero\CMSIS" -I"E:\5_LPC845-BRK\6_UH_tavmero_1xCAP\LPC845_Project_UH_tavmero\device" -I"E:\5_LPC845-BRK\6_UH_tavmero_1xCAP\LPC845_Project_UH_tavmero\component\uart" -I"E:\5_LPC845-BRK\6_UH_tavmero_1xCAP\LPC845_Project_UH_tavmero\utilities" -O0 -fno-common -g3 -Wall -c -ffunction-sections -fdata-sections -ffreestanding -fno-builtin -fmerge-constants -fmacro-prefix-map="../source/"= -mcpu=cortex-m0plus -mthumb -D__REDLIB__ -fstack-usage -specs=redlib.specs -MMD -MP -MF"source/UH_HCSR-04.d" -MT"source/UH_HCSR-04.o" -MT"source/UH_HCSR-04.d" -o "source/UH_HCSR-04.o" "../source/UH_HCSR-04.c"
../source/UH_HCSR-04.c:27:17: error: expected ';' before 'static'
   27 | volatile unit8_t static cnt = 0;
      |                 ^~~~~~~
      |                 ;
../source/UH_HCSR-04.c:27:25: warning: type defaults to 'int' in declaration of 'cnt' [-Wimplicit-int]
   27 | volatile unit8_t static cnt = 0;
      |                         ^~~
../source/UH_HCSR-04.c: In function 'ctimer0_capture1_callback':
../source/UH_HCSR-04.c:31:6: error: 'cap0' undeclared (first use in this function); did you mean 'cap2'?
   31 |      cap0 = CTIMER_GetCaptureValue(CTIMER0, kCTIMER_Capture_0);
      |      ^~~~
      |      cap2
../source/UH_HCSR-04.c:31:6: note: each undeclared identifier is reported only once for each function it appears in
make[1]: *** [source/subdir.mk:35: source/UH_HCSR-04.o] Error 1
make: *** [makefile:41: all] Error 2
"make -r -j8 all" terminated with exit code 2. Build might be incomplete.
18:09:04 **** Incremental Build of configuration Debug for project LPC845_Project_UH_tavmero ****
make -r -j8 all 
Building file: ../source/UH_HCSR-04.c
Invoking: MCU C Compiler
arm-none-eabi-gcc -D__REDLIB__ -DCPU_LPC845M301JBD48 -DCPU_LPC845M301JBD48_cm0plus -DSDK_OS_BAREMETAL -DSDK_DEBUGCONSOLE=1 -DCR_INTEGER_PRINTF -DPRINTF_FLOAT_ENABLE=0 -D__MCUXPRESSO -D__USE_CMSIS -DDEBUG -I"E:\5_LPC845-BRK\6_UH_tavmero_1xCAP\LPC845_Project_UH_tavmero\board" -I"E:\5_LPC845-BRK\6_UH_tavmero_1xCAP\LPC845_Project_UH_tavmero\source" -I"E:\5_LPC845-BRK\6_UH_tavmero_1xCAP\LPC845_Project_UH_tavmero\drivers" -I"E:\5_LPC845-BRK\6_UH_tavmero_1xCAP\LPC845_Project_UH_tavmero\CMSIS" -I"E:\5_LPC845-BRK\6_UH_tavmero_1xCAP\LPC845_Project_UH_tavmero\device" -I"E:\5_LPC845-BRK\6_UH_tavmero_1xCAP\LPC845_Project_UH_tavmero\component\uart" -I"E:\5_LPC845-BRK\6_UH_tavmero_1xCAP\LPC845_Project_UH_tavmero\utilities" -O0 -fno-common -g3 -Wall -c -ffunction-sections -fdata-sections -ffreestanding -fno-builtin -fmerge-constants -fmacro-prefix-map="../source/"= -mcpu=cortex-m0plus -mthumb -D__REDLIB__ -fstack-usage -specs=redlib.specs -MMD -MP -MF"source/UH_HCSR-04.d" -MT"source/UH_HCSR-04.o" -MT"source/UH_HCSR-04.d" -o "source/UH_HCSR-04.o" "../source/UH_HCSR-04.c"
../source/UH_HCSR-04.c: In function 'ctimer0_capture1_callback':
../source/UH_HCSR-04.c:31:6: error: 'cap0' undeclared (first use in this function); did you mean 'cap2'?
   31 |      cap0 = CTIMER_GetCaptureValue(CTIMER0, kCTIMER_Capture_0);
      |      ^~~~
      |      cap2
../source/UH_HCSR-04.c:31:6: note: each undeclared identifier is reported only once for each function it appears in
make[1]: *** [source/subdir.mk:35: source/UH_HCSR-04.o] Error 1
make: *** [makefile:41: all] Error 2
"make -r -j8 all" terminated with exit code 2. Build might be incomplete.
18:09:24 **** Incremental Build of configuration Debug for project LPC845_Project_UH_tavmero ****
make -r -j8 all 
Building file: ../source/UH_HCSR-04.c
Invoking: MCU C Compiler
arm-none-eabi-gcc -D__REDLIB__ -DCPU_LPC845M301JBD48 -DCPU_LPC845M301JBD48_cm0plus -DSDK_OS_BAREMETAL -DSDK_DEBUGCONSOLE=1 -DCR_INTEGER_PRINTF -DPRINTF_FLOAT_ENABLE=0 -D__MCUXPRESSO -D__USE_CMSIS -DDEBUG -I"E:\5_LPC845-BRK\6_UH_tavmero_1xCAP\LPC845_Project_UH_tavmero\board" -I"E:\5_LPC845-BRK\6_UH_tavmero_1xCAP\LPC845_Project_UH_tavmero\source" -I"E:\5_LPC845-BRK\6_UH_tavmero_1xCAP\LPC845_Project_UH_tavmero\drivers" -I"E:\5_LPC845-BRK\6_UH_tavmero_1xCAP\LPC845_Project_UH_tavmero\CMSIS" -I"E:\5_LPC845-BRK\6_UH_tavmero_1xCAP\LPC845_Project_UH_tavmero\device" -I"E:\5_LPC845-BRK\6_UH_tavmero_1xCAP\LPC845_Project_UH_tavmero\component\uart" -I"E:\5_LPC845-BRK\6_UH_tavmero_1xCAP\LPC845_Project_UH_tavmero\utilities" -O0 -fno-common -g3 -Wall -c -ffunction-sections -fdata-sections -ffreestanding -fno-builtin -fmerge-constants -fmacro-prefix-map="../source/"= -mcpu=cortex-m0plus -mthumb -D__REDLIB__ -fstack-usage -specs=redlib.specs -MMD -MP -MF"source/UH_HCSR-04.d" -MT"source/UH_HCSR-04.o" -MT"source/UH_HCSR-04.d" -o "source/UH_HCSR-04.o" "../source/UH_HCSR-04.c"
../source/UH_HCSR-04.c: In function 'ctimer0_capture1_callback':
../source/UH_HCSR-04.c:31:6: error: 'cap0' undeclared (first use in this function); did you mean 'cap2'?
   31 |      cap0 = CTIMER_GetCaptureValue(CTIMER0, kCTIMER_Capture_0);
      |      ^~~~
      |      cap2
../source/UH_HCSR-04.c:31:6: note: each undeclared identifier is reported only once for each function it appears in
make[1]: *** [source/subdir.mk:35: source/UH_HCSR-04.o] Error 1
make: *** [makefile:41: all] Error 2
"make -r -j8 all" terminated with exit code 2. Build might be incomplete.
18:09:31 **** Incremental Build of configuration Debug for project LPC845_Project_UH_tavmero ****
make -r -j8 all 
Building file: ../source/UH_HCSR-04.c
Invoking: MCU C Compiler
arm-none-eabi-gcc -D__REDLIB__ -DCPU_LPC845M301JBD48 -DCPU_LPC845M301JBD48_cm0plus -DSDK_OS_BAREMETAL -DSDK_DEBUGCONSOLE=1 -DCR_INTEGER_PRINTF -DPRINTF_FLOAT_ENABLE=0 -D__MCUXPRESSO -D__USE_CMSIS -DDEBUG -I"E:\5_LPC845-BRK\6_UH_tavmero_1xCAP\LPC845_Project_UH_tavmero\board" -I"E:\5_LPC845-BRK\6_UH_tavmero_1xCAP\LPC845_Project_UH_tavmero\source" -I"E:\5_LPC845-BRK\6_UH_tavmero_1xCAP\LPC845_Project_UH_tavmero\drivers" -I"E:\5_LPC845-BRK\6_UH_tavmero_1xCAP\LPC845_Project_UH_tavmero\CMSIS" -I"E:\5_LPC845-BRK\6_UH_tavmero_1xCAP\LPC845_Project_UH_tavmero\device" -I"E:\5_LPC845-BRK\6_UH_tavmero_1xCAP\LPC845_Project_UH_tavmero\component\uart" -I"E:\5_LPC845-BRK\6_UH_tavmero_1xCAP\LPC845_Project_UH_tavmero\utilities" -O0 -fno-common -g3 -Wall -c -ffunction-sections -fdata-sections -ffreestanding -fno-builtin -fmerge-constants -fmacro-prefix-map="../source/"= -mcpu=cortex-m0plus -mthumb -D__REDLIB__ -fstack-usage -specs=redlib.specs -MMD -MP -MF"source/UH_HCSR-04.d" -MT"source/UH_HCSR-04.o" -MT"source/UH_HCSR-04.d" -o "source/UH_HCSR-04.o" "../source/UH_HCSR-04.c"
../source/UH_HCSR-04.c: In function 'ctimer0_capture1_callback':
../source/UH_HCSR-04.c:31:6: error: 'cap0' undeclared (first use in this function); did you mean 'cap2'?
   31 |      cap0 = CTIMER_GetCaptureValue(CTIMER0, kCTIMER_Capture_0);
      |      ^~~~
      |      cap2
../source/UH_HCSR-04.c:31:6: note: each undeclared identifier is reported only once for each function it appears in
make[1]: *** [source/subdir.mk:35: source/UH_HCSR-04.o] Error 1
make: *** [makefile:41: all] Error 2
"make -r -j8 all" terminated with exit code 2. Build might be incomplete.
18:09:48 **** Incremental Build of configuration Debug for project LPC845_Project_UH_tavmero ****
make -r -j8 all 
Building file: ../source/UH_HCSR-04.c
Invoking: MCU C Compiler
arm-none-eabi-gcc -D__REDLIB__ -DCPU_LPC845M301JBD48 -DCPU_LPC845M301JBD48_cm0plus -DSDK_OS_BAREMETAL -DSDK_DEBUGCONSOLE=1 -DCR_INTEGER_PRINTF -DPRINTF_FLOAT_ENABLE=0 -D__MCUXPRESSO -D__USE_CMSIS -DDEBUG -I"E:\5_LPC845-BRK\6_UH_tavmero_1xCAP\LPC845_Project_UH_tavmero\board" -I"E:\5_LPC845-BRK\6_UH_tavmero_1xCAP\LPC845_Project_UH_tavmero\source" -I"E:\5_LPC845-BRK\6_UH_tavmero_1xCAP\LPC845_Project_UH_tavmero\drivers" -I"E:\5_LPC845-BRK\6_UH_tavmero_1xCAP\LPC845_Project_UH_tavmero\CMSIS" -I"E:\5_LPC845-BRK\6_UH_tavmero_1xCAP\LPC845_Project_UH_tavmero\device" -I"E:\5_LPC845-BRK\6_UH_tavmero_1xCAP\LPC845_Project_UH_tavmero\component\uart" -I"E:\5_LPC845-BRK\6_UH_tavmero_1xCAP\LPC845_Project_UH_tavmero\utilities" -O0 -fno-common -g3 -Wall -c -ffunction-sections -fdata-sections -ffreestanding -fno-builtin -fmerge-constants -fmacro-prefix-map="../source/"= -mcpu=cortex-m0plus -mthumb -D__REDLIB__ -fstack-usage -specs=redlib.specs -MMD -MP -MF"source/UH_HCSR-04.d" -MT"source/UH_HCSR-04.o" -MT"source/UH_HCSR-04.d" -o "source/UH_HCSR-04.o" "../source/UH_HCSR-04.c"
Finished building: ../source/UH_HCSR-04.c
 
Building target: LPC845_Project_UH_tavmero.axf
Invoking: MCU Linker
arm-none-eabi-gcc -nostdlib -Xlinker -Map="LPC845_Project_UH_tavmero.map" -Xlinker --gc-sections -Xlinker -print-memory-usage -Xlinker --sort-section=alignment -Xlinker --cref -mcpu=cortex-m0plus -mthumb -T LPC845_Project_UH_tavmero_Debug.ld -o "LPC845_Project_UH_tavmero.axf" ./utilities/fsl_assert.o ./utilities/fsl_debug_console.o ./utilities/fsl_str.o  ./startup/startup_lpc845.o  ./source/LPC845_Project_UH_tavmero.o ./source/SysTimer.o ./source/UH_HCSR-04.o ./source/mtb.o ./source/semihost_hardfault.o ./source/sys.o  ./drivers/fsl_clock.o ./drivers/fsl_common.o ./drivers/fsl_common_arm.o ./drivers/fsl_ctimer.o ./drivers/fsl_gpio.o ./drivers/fsl_power.o ./drivers/fsl_reset.o ./drivers/fsl_sctimer.o ./drivers/fsl_swm.o ./drivers/fsl_usart.o  ./device/system_LPC845.o  ./component/uart/fsl_adapter_miniusart.o  ./board/board.o ./board/clock_config.o ./board/peripherals.o ./board/pin_mux.o   
Memory region         Used Size  Region Size  %age Used
   PROGRAM_FLASH:       19216 B        64 KB     29.32%
            SRAM:        2464 B      16352 B     15.07%
        IAP_SRAM:          0 GB         32 B      0.00%
Finished building target: LPC845_Project_UH_tavmero.axf
 
Performing post-build steps
arm-none-eabi-size "LPC845_Project_UH_tavmero.axf"; # arm-none-eabi-objcopy -v -O binary "LPC845_Project_UH_tavmero.axf" "LPC845_Project_UH_tavmero.bin" ; # checksum -p LPC845 -d "LPC845_Project_UH_tavmero.bin";
   text	   data	    bss	    dec	    hex	filename
  19208	      8	   2456	  21672	   54a8	LPC845_Project_UH_tavmero.axf
 
18:10:03 **** Incremental Build of configuration Debug for project LPC845_Project_UH_tavmero ****
make -r -j8 all 
make[1]: Nothing to be done for 'main-build'.
Performing post-build steps
arm-none-eabi-size "LPC845_Project_UH_tavmero.axf"; # arm-none-eabi-objcopy -v -O binary "LPC845_Project_UH_tavmero.axf" "LPC845_Project_UH_tavmero.bin" ; # checksum -p LPC845 -d "LPC845_Project_UH_tavmero.bin";
   text	   data	    bss	    dec	    hex	filename
  19208	      8	   2456	  21672	   54a8	LPC845_Project_UH_tavmero.axf
 
18:13:24 **** Incremental Build of configuration Debug for project LPC845_Project_UH_tavmero ****
make -r -j8 all 
Building file: ../source/UH_HCSR-04.c
Invoking: MCU C Compiler
arm-none-eabi-gcc -D__REDLIB__ -DCPU_LPC845M301JBD48 -DCPU_LPC845M301JBD48_cm0plus -DSDK_OS_BAREMETAL -DSDK_DEBUGCONSOLE=1 -DCR_INTEGER_PRINTF -DPRINTF_FLOAT_ENABLE=0 -D__MCUXPRESSO -D__USE_CMSIS -DDEBUG -I"E:\5_LPC845-BRK\6_UH_tavmero_1xCAP\LPC845_Project_UH_tavmero\board" -I"E:\5_LPC845-BRK\6_UH_tavmero_1xCAP\LPC845_Project_UH_tavmero\source" -I"E:\5_LPC845-BRK\6_UH_tavmero_1xCAP\LPC845_Project_UH_tavmero\drivers" -I"E:\5_LPC845-BRK\6_UH_tavmero_1xCAP\LPC845_Project_UH_tavmero\CMSIS" -I"E:\5_LPC845-BRK\6_UH_tavmero_1xCAP\LPC845_Project_UH_tavmero\device" -I"E:\5_LPC845-BRK\6_UH_tavmero_1xCAP\LPC845_Project_UH_tavmero\component\uart" -I"E:\5_LPC845-BRK\6_UH_tavmero_1xCAP\LPC845_Project_UH_tavmero\utilities" -O0 -fno-common -g3 -Wall -c -ffunction-sections -fdata-sections -ffreestanding -fno-builtin -fmerge-constants -fmacro-prefix-map="../source/"= -mcpu=cortex-m0plus -mthumb -D__REDLIB__ -fstack-usage -specs=redlib.specs -MMD -MP -MF"source/UH_HCSR-04.d" -MT"source/UH_HCSR-04.o" -MT"source/UH_HCSR-04.d" -o "source/UH_HCSR-04.o" "../source/UH_HCSR-04.c"
Finished building: ../source/UH_HCSR-04.c
 
Building target: LPC845_Project_UH_tavmero.axf
Invoking: MCU Linker
arm-none-eabi-gcc -nostdlib -Xlinker -Map="LPC845_Project_UH_tavmero.map" -Xlinker --gc-sections -Xlinker -print-memory-usage -Xlinker --sort-section=alignment -Xlinker --cref -mcpu=cortex-m0plus -mthumb -T LPC845_Project_UH_tavmero_Debug.ld -o "LPC845_Project_UH_tavmero.axf" ./utilities/fsl_assert.o ./utilities/fsl_debug_console.o ./utilities/fsl_str.o  ./startup/startup_lpc845.o  ./source/LPC845_Project_UH_tavmero.o ./source/SysTimer.o ./source/UH_HCSR-04.o ./source/mtb.o ./source/semihost_hardfault.o ./source/sys.o  ./drivers/fsl_clock.o ./drivers/fsl_common.o ./drivers/fsl_common_arm.o ./drivers/fsl_ctimer.o ./drivers/fsl_gpio.o ./drivers/fsl_power.o ./drivers/fsl_reset.o ./drivers/fsl_sctimer.o ./drivers/fsl_swm.o ./drivers/fsl_usart.o  ./device/system_LPC845.o  ./component/uart/fsl_adapter_miniusart.o  ./board/board.o ./board/clock_config.o ./board/peripherals.o ./board/pin_mux.o   
Memory region         Used Size  Region Size  %age Used
   PROGRAM_FLASH:       19216 B        64 KB     29.32%
            SRAM:        2464 B      16352 B     15.07%
        IAP_SRAM:          0 GB         32 B      0.00%
Finished building target: LPC845_Project_UH_tavmero.axf
 
Performing post-build steps
arm-none-eabi-size "LPC845_Project_UH_tavmero.axf"; # arm-none-eabi-objcopy -v -O binary "LPC845_Project_UH_tavmero.axf" "LPC845_Project_UH_tavmero.bin" ; # checksum -p LPC845 -d "LPC845_Project_UH_tavmero.bin";
   text	   data	    bss	    dec	    hex	filename
  19208	      8	   2456	  21672	   54a8	LPC845_Project_UH_tavmero.axf
 
18:15:16 **** Incremental Build of configuration Debug for project LPC845_Project_UH_tavmero ****
make -r -j8 all 
Building file: ../source/UH_HCSR-04.c
Invoking: MCU C Compiler
arm-none-eabi-gcc -D__REDLIB__ -DCPU_LPC845M301JBD48 -DCPU_LPC845M301JBD48_cm0plus -DSDK_OS_BAREMETAL -DSDK_DEBUGCONSOLE=1 -DCR_INTEGER_PRINTF -DPRINTF_FLOAT_ENABLE=0 -D__MCUXPRESSO -D__USE_CMSIS -DDEBUG -I"E:\5_LPC845-BRK\6_UH_tavmero_1xCAP\LPC845_Project_UH_tavmero\board" -I"E:\5_LPC845-BRK\6_UH_tavmero_1xCAP\LPC845_Project_UH_tavmero\source" -I"E:\5_LPC845-BRK\6_UH_tavmero_1xCAP\LPC845_Project_UH_tavmero\drivers" -I"E:\5_LPC845-BRK\6_UH_tavmero_1xCAP\LPC845_Project_UH_tavmero\CMSIS" -I"E:\5_LPC845-BRK\6_UH_tavmero_1xCAP\LPC845_Project_UH_tavmero\device" -I"E:\5_LPC845-BRK\6_UH_tavmero_1xCAP\LPC845_Project_UH_tavmero\component\uart" -I"E:\5_LPC845-BRK\6_UH_tavmero_1xCAP\LPC845_Project_UH_tavmero\utilities" -O0 -fno-common -g3 -Wall -c -ffunction-sections -fdata-sections -ffreestanding -fno-builtin -fmerge-constants -fmacro-prefix-map="../source/"= -mcpu=cortex-m0plus -mthumb -D__REDLIB__ -fstack-usage -specs=redlib.specs -MMD -MP -MF"source/UH_HCSR-04.d" -MT"source/UH_HCSR-04.o" -MT"source/UH_HCSR-04.d" -o "source/UH_HCSR-04.o" "../source/UH_HCSR-04.c"
Finished building: ../source/UH_HCSR-04.c
 
Building target: LPC845_Project_UH_tavmero.axf
Invoking: MCU Linker
arm-none-eabi-gcc -nostdlib -Xlinker -Map="LPC845_Project_UH_tavmero.map" -Xlinker --gc-sections -Xlinker -print-memory-usage -Xlinker --sort-section=alignment -Xlinker --cref -mcpu=cortex-m0plus -mthumb -T LPC845_Project_UH_tavmero_Debug.ld -o "LPC845_Project_UH_tavmero.axf" ./utilities/fsl_assert.o ./utilities/fsl_debug_console.o ./utilities/fsl_str.o  ./startup/startup_lpc845.o  ./source/LPC845_Project_UH_tavmero.o ./source/SysTimer.o ./source/UH_HCSR-04.o ./source/mtb.o ./source/semihost_hardfault.o ./source/sys.o  ./drivers/fsl_clock.o ./drivers/fsl_common.o ./drivers/fsl_common_arm.o ./drivers/fsl_ctimer.o ./drivers/fsl_gpio.o ./drivers/fsl_power.o ./drivers/fsl_reset.o ./drivers/fsl_sctimer.o ./drivers/fsl_swm.o ./drivers/fsl_usart.o  ./device/system_LPC845.o  ./component/uart/fsl_adapter_miniusart.o  ./board/board.o ./board/clock_config.o ./board/peripherals.o ./board/pin_mux.o   
Memory region         Used Size  Region Size  %age Used
   PROGRAM_FLASH:       19220 B        64 KB     29.33%
            SRAM:        2464 B      16352 B     15.07%
        IAP_SRAM:          0 GB         32 B      0.00%
Finished building target: LPC845_Project_UH_tavmero.axf
 
Performing post-build steps
arm-none-eabi-size "LPC845_Project_UH_tavmero.axf"; # arm-none-eabi-objcopy -v -O binary "LPC845_Project_UH_tavmero.axf" "LPC845_Project_UH_tavmero.bin" ; # checksum -p LPC845 -d "LPC845_Project_UH_tavmero.bin";
   text	   data	    bss	    dec	    hex	filename
  19212	      8	   2456	  21676	   54ac	LPC845_Project_UH_tavmero.axf
 
18:18:12 **** Incremental Build of configuration Debug for project LPC845_Project_UH_tavmero ****
make -r -j8 all 
Building file: ../source/LPC845_Project_UH_tavmero.c
Building file: ../source/UH_HCSR-04.c
Invoking: MCU C Compiler
arm-none-eabi-gcc -D__REDLIB__ -DCPU_LPC845M301JBD48 -DCPU_LPC845M301JBD48_cm0plus -DSDK_OS_BAREMETAL -DSDK_DEBUGCONSOLE=1 -DCR_INTEGER_PRINTF -DPRINTF_FLOAT_ENABLE=0 -D__MCUXPRESSO -D__USE_CMSIS -DDEBUG -I"E:\5_LPC845-BRK\6_UH_tavmero_1xCAP\LPC845_Project_UH_tavmero\board" -I"E:\5_LPC845-BRK\6_UH_tavmero_1xCAP\LPC845_Project_UH_tavmero\source" -I"E:\5_LPC845-BRK\6_UH_tavmero_1xCAP\LPC845_Project_UH_tavmero\drivers" -I"E:\5_LPC845-BRK\6_UH_tavmero_1xCAP\LPC845_Project_UH_tavmero\CMSIS" -I"E:\5_LPC845-BRK\6_UH_tavmero_1xCAP\LPC845_Project_UH_tavmero\device" -I"E:\5_LPC845-BRK\6_UH_tavmero_1xCAP\LPC845_Project_UH_tavmero\component\uart" -I"E:\5_LPC845-BRK\6_UH_tavmero_1xCAP\LPC845_Project_UH_tavmero\utilities" -O0 -fno-common -g3 -Wall -c -ffunction-sections -fdata-sections -ffreestanding -fno-builtin -fmerge-constants -fmacro-prefix-map="../source/"= -mcpu=cortex-m0plus -mthumb -D__REDLIB__ -fstack-usage -specs=redlib.specs -MMD -MP -MF"source/LPC845_Project_UH_tavmero.d" -MT"source/LPC845_Project_UH_tavmero.o" -MT"source/LPC845_Project_UH_tavmero.d" -o "source/LPC845_Project_UH_tavmero.o" "../source/LPC845_Project_UH_tavmero.c"
Building file: ../board/peripherals.c
Invoking: MCU C Compiler
arm-none-eabi-gcc -D__REDLIB__ -DCPU_LPC845M301JBD48 -DCPU_LPC845M301JBD48_cm0plus -DSDK_OS_BAREMETAL -DSDK_DEBUGCONSOLE=1 -DCR_INTEGER_PRINTF -DPRINTF_FLOAT_ENABLE=0 -D__MCUXPRESSO -D__USE_CMSIS -DDEBUG -I"E:\5_LPC845-BRK\6_UH_tavmero_1xCAP\LPC845_Project_UH_tavmero\board" -I"E:\5_LPC845-BRK\6_UH_tavmero_1xCAP\LPC845_Project_UH_tavmero\source" -I"E:\5_LPC845-BRK\6_UH_tavmero_1xCAP\LPC845_Project_UH_tavmero\drivers" -I"E:\5_LPC845-BRK\6_UH_tavmero_1xCAP\LPC845_Project_UH_tavmero\CMSIS" -I"E:\5_LPC845-BRK\6_UH_tavmero_1xCAP\LPC845_Project_UH_tavmero\device" -I"E:\5_LPC845-BRK\6_UH_tavmero_1xCAP\LPC845_Project_UH_tavmero\component\uart" -I"E:\5_LPC845-BRK\6_UH_tavmero_1xCAP\LPC845_Project_UH_tavmero\utilities" -O0 -fno-common -g3 -Wall -c -ffunction-sections -fdata-sections -ffreestanding -fno-builtin -fmerge-constants -fmacro-prefix-map="../source/"= -mcpu=cortex-m0plus -mthumb -D__REDLIB__ -fstack-usage -specs=redlib.specs -MMD -MP -MF"source/UH_HCSR-04.d" -MT"source/UH_HCSR-04.o" -MT"source/UH_HCSR-04.d" -o "source/UH_HCSR-04.o" "../source/UH_HCSR-04.c"
Invoking: MCU C Compiler
arm-none-eabi-gcc -D__REDLIB__ -DCPU_LPC845M301JBD48 -DCPU_LPC845M301JBD48_cm0plus -DSDK_OS_BAREMETAL -DSDK_DEBUGCONSOLE=1 -DCR_INTEGER_PRINTF -DPRINTF_FLOAT_ENABLE=0 -D__MCUXPRESSO -D__USE_CMSIS -DDEBUG -I"E:\5_LPC845-BRK\6_UH_tavmero_1xCAP\LPC845_Project_UH_tavmero\board" -I"E:\5_LPC845-BRK\6_UH_tavmero_1xCAP\LPC845_Project_UH_tavmero\source" -I"E:\5_LPC845-BRK\6_UH_tavmero_1xCAP\LPC845_Project_UH_tavmero\drivers" -I"E:\5_LPC845-BRK\6_UH_tavmero_1xCAP\LPC845_Project_UH_tavmero\CMSIS" -I"E:\5_LPC845-BRK\6_UH_tavmero_1xCAP\LPC845_Project_UH_tavmero\device" -I"E:\5_LPC845-BRK\6_UH_tavmero_1xCAP\LPC845_Project_UH_tavmero\component\uart" -I"E:\5_LPC845-BRK\6_UH_tavmero_1xCAP\LPC845_Project_UH_tavmero\utilities" -O0 -fno-common -g3 -Wall -c -ffunction-sections -fdata-sections -ffreestanding -fno-builtin -fmerge-constants -fmacro-prefix-map="../board/"= -mcpu=cortex-m0plus -mthumb -D__REDLIB__ -fstack-usage -specs=redlib.specs -MMD -MP -MF"board/peripherals.d" -MT"board/peripherals.o" -MT"board/peripherals.d" -o "board/peripherals.o" "../board/peripherals.c"
Finished building: ../source/LPC845_Project_UH_tavmero.c
Finished building: ../board/peripherals.c
Finished building: ../source/UH_HCSR-04.c
 
 
 
Building target: LPC845_Project_UH_tavmero.axf
Invoking: MCU Linker
arm-none-eabi-gcc -nostdlib -Xlinker -Map="LPC845_Project_UH_tavmero.map" -Xlinker --gc-sections -Xlinker -print-memory-usage -Xlinker --sort-section=alignment -Xlinker --cref -mcpu=cortex-m0plus -mthumb -T LPC845_Project_UH_tavmero_Debug.ld -o "LPC845_Project_UH_tavmero.axf" ./utilities/fsl_assert.o ./utilities/fsl_debug_console.o ./utilities/fsl_str.o  ./startup/startup_lpc845.o  ./source/LPC845_Project_UH_tavmero.o ./source/SysTimer.o ./source/UH_HCSR-04.o ./source/mtb.o ./source/semihost_hardfault.o ./source/sys.o  ./drivers/fsl_clock.o ./drivers/fsl_common.o ./drivers/fsl_common_arm.o ./drivers/fsl_ctimer.o ./drivers/fsl_gpio.o ./drivers/fsl_power.o ./drivers/fsl_reset.o ./drivers/fsl_sctimer.o ./drivers/fsl_swm.o ./drivers/fsl_usart.o  ./device/system_LPC845.o  ./component/uart/fsl_adapter_miniusart.o  ./board/board.o ./board/clock_config.o ./board/peripherals.o ./board/pin_mux.o   
Memory region         Used Size  Region Size  %age Used
   PROGRAM_FLASH:       19220 B        64 KB     29.33%
            SRAM:        2464 B      16352 B     15.07%
        IAP_SRAM:          0 GB         32 B      0.00%
Finished building target: LPC845_Project_UH_tavmero.axf
 
Performing post-build steps
arm-none-eabi-size "LPC845_Project_UH_tavmero.axf"; # arm-none-eabi-objcopy -v -O binary "LPC845_Project_UH_tavmero.axf" "LPC845_Project_UH_tavmero.bin" ; # checksum -p LPC845 -d "LPC845_Project_UH_tavmero.bin";
   text	   data	    bss	    dec	    hex	filename
  19212	      8	   2456	  21676	   54ac	LPC845_Project_UH_tavmero.axf
 
18:18:24 **** Incremental Build of configuration Debug for project LPC845_Project_UH_tavmero ****
make -r -j8 all 
make[1]: Nothing to be done for 'main-build'.
Performing post-build steps
arm-none-eabi-size "LPC845_Project_UH_tavmero.axf"; # arm-none-eabi-objcopy -v -O binary "LPC845_Project_UH_tavmero.axf" "LPC845_Project_UH_tavmero.bin" ; # checksum -p LPC845 -d "LPC845_Project_UH_tavmero.bin";
   text	   data	    bss	    dec	    hex	filename
  19212	      8	   2456	  21676	   54ac	LPC845_Project_UH_tavmero.axf
 
19:17:01 **** Clean-only build of configuration Debug for project LPC845_Project_UH_tavmero ****
make -r -j12 clean 
rm -rf ./utilities/fsl_assert.d ./utilities/fsl_assert.o ./utilities/fsl_debug_console.d ./utilities/fsl_debug_console.o ./utilities/fsl_str.d ./utilities/fsl_str.o
rm -rf ./startup/startup_lpc845.d ./startup/startup_lpc845.o
rm -rf ./source/LPC845_Project_UH_tavmero.d ./source/LPC845_Project_UH_tavmero.o ./source/SysTimer.d ./source/SysTimer.o ./source/UH_HCSR-04.d ./source/UH_HCSR-04.o ./source/mtb.d ./source/mtb.o ./source/semihost_hardfault.d ./source/semihost_hardfault.o ./source/sys.d ./source/sys.o
rm -rf ./drivers/fsl_clock.d ./drivers/fsl_clock.o ./drivers/fsl_common.d ./drivers/fsl_common.o ./drivers/fsl_common_arm.d ./drivers/fsl_common_arm.o ./drivers/fsl_ctimer.d ./drivers/fsl_ctimer.o ./drivers/fsl_gpio.d ./drivers/fsl_gpio.o ./drivers/fsl_power.d ./drivers/fsl_power.o ./drivers/fsl_reset.d ./drivers/fsl_reset.o ./drivers/fsl_sctimer.d ./drivers/fsl_sctimer.o ./drivers/fsl_swm.d ./drivers/fsl_swm.o ./drivers/fsl_usart.d ./drivers/fsl_usart.o
rm -rf ./device/system_LPC845.d ./device/system_LPC845.o
rm -rf ./component/uart/fsl_adapter_miniusart.d ./component/uart/fsl_adapter_miniusart.o
rm -rf ./board/board.d ./board/board.o ./board/clock_config.d ./board/clock_config.o ./board/peripherals.d ./board/peripherals.o ./board/pin_mux.d ./board/pin_mux.o
rm -rf LPC845_Project_UH_tavmero.axf
 
19:17:03 **** Build of configuration Debug for project LPC845_Project_UH_tavmero ****
make -r -j12 all 
Building file: ../utilities/fsl_debug_console.c
Building file: ../utilities/fsl_assert.c
Building file: ../utilities/fsl_str.c
Invoking: MCU C Compiler
Building file: ../startup/startup_lpc845.c
Invoking: MCU C Compiler
arm-none-eabi-gcc -D__REDLIB__ -DCPU_LPC845M301JBD48 -DCPU_LPC845M301JBD48_cm0plus -DSDK_OS_BAREMETAL -DSDK_DEBUGCONSOLE=1 -DCR_INTEGER_PRINTF -DPRINTF_FLOAT_ENABLE=0 -D__MCUXPRESSO -D__USE_CMSIS -DDEBUG -I"F:\MCU_WorkSpaces\6_UH_tavmero_1xCAP\LPC845_Project_UH_tavmero\board" -I"F:\MCU_WorkSpaces\6_UH_tavmero_1xCAP\LPC845_Project_UH_tavmero\source" -I"F:\MCU_WorkSpaces\6_UH_tavmero_1xCAP\LPC845_Project_UH_tavmero\drivers" -I"F:\MCU_WorkSpaces\6_UH_tavmero_1xCAP\LPC845_Project_UH_tavmero\CMSIS" -I"F:\MCU_WorkSpaces\6_UH_tavmero_1xCAP\LPC845_Project_UH_tavmero\device" -I"F:\MCU_WorkSpaces\6_UH_tavmero_1xCAP\LPC845_Project_UH_tavmero\component\uart" -I"F:\MCU_WorkSpaces\6_UH_tavmero_1xCAP\LPC845_Project_UH_tavmero\utilities" -O0 -fno-common -g3 -Wall -c -ffunction-sections -fdata-sections -ffreestanding -fno-builtin -fmerge-constants -fmacro-prefix-map="../utilities/"= -mcpu=cortex-m0plus -mthumb -D__REDLIB__ -fstack-usage -specs=redlib.specs -MMD -MP -MF"utilities/fsl_assert.d" -MT"utilities/fsl_assert.o" -MT"utilities/fsl_assert.d" -o "utilities/fsl_assert.o" "../utilities/fsl_assert.c"
Invoking: MCU C Compiler
arm-none-eabi-gcc -D__REDLIB__ -DCPU_LPC845M301JBD48 -DCPU_LPC845M301JBD48_cm0plus -DSDK_OS_BAREMETAL -DSDK_DEBUGCONSOLE=1 -DCR_INTEGER_PRINTF -DPRINTF_FLOAT_ENABLE=0 -D__MCUXPRESSO -D__USE_CMSIS -DDEBUG -I"F:\MCU_WorkSpaces\6_UH_tavmero_1xCAP\LPC845_Project_UH_tavmero\board" -I"F:\MCU_WorkSpaces\6_UH_tavmero_1xCAP\LPC845_Project_UH_tavmero\source" -I"F:\MCU_WorkSpaces\6_UH_tavmero_1xCAP\LPC845_Project_UH_tavmero\drivers" -I"F:\MCU_WorkSpaces\6_UH_tavmero_1xCAP\LPC845_Project_UH_tavmero\CMSIS" -I"F:\MCU_WorkSpaces\6_UH_tavmero_1xCAP\LPC845_Project_UH_tavmero\device" -I"F:\MCU_WorkSpaces\6_UH_tavmero_1xCAP\LPC845_Project_UH_tavmero\component\uart" -I"F:\MCU_WorkSpaces\6_UH_tavmero_1xCAP\LPC845_Project_UH_tavmero\utilities" -O0 -fno-common -g3 -Wall -c -ffunction-sections -fdata-sections -ffreestanding -fno-builtin -fmerge-constants -fmacro-prefix-map="../utilities/"= -mcpu=cortex-m0plus -mthumb -D__REDLIB__ -fstack-usage -specs=redlib.specs -MMD -MP -MF"utilities/fsl_debug_console.d" -MT"utilities/fsl_debug_coInvoking: MCU C Compiler
nsole.o" -MT"utilities/fsl_debug_console.d" -o "utilities/fsl_debug_console.o" "../utilities/fsl_debug_console.c"
arm-none-eabi-gcc -D__REDLIB__ -DCPU_LPC845M301JBD48 -DCPU_LPC845M301JBD48_cm0plus -DSDK_OS_BAREMETAL -DSDK_DEBUGCONSOLE=1 -DCR_INTEGER_PRINTF -DPRINTF_FLOAT_ENABLE=0 -D__MCUXPRESSO -D__USE_CMSIS -DDEBUG -I"F:\MCU_WorkSpaces\6_UH_tavmero_1xCAP\LPC845_Project_UH_tavmero\board" -I"F:\MCU_WorkSpaces\6_UH_tavmero_1xCAP\LPC845_Project_UH_tavmero\source" -I"F:\MCU_WorkSpaces\6_UH_tavmero_1xCAP\LPC845_Project_UH_tavmero\drivers" -I"F:\MCU_WorkSpaces\6_UH_tavmero_1xCAP\LPC845_Project_UH_tavmero\CMSIS" -I"F:\MCU_WorkSpaces\6_UH_tavmero_1xCAP\LPC845_Project_UH_tavmero\device" -I"F:\MCU_WorkSpaces\6_UH_tavmero_1xCAP\LPC845_Project_UH_tavmero\component\uart" -I"F:\MCU_WorkSpaces\6_UH_tavmero_1xCAP\LPC845_Project_UH_tavmero\utilities" -O0 -fno-common -g3 -Wall -c -ffunction-sections -fdata-sections -ffreestanding -fno-builtin -fmerge-constants -fmacro-prefix-map="../utilities/"= -mcpu=cortex-m0plus -mthumb -D__REDLIB__ -fstack-usage -specs=redlib.specs -MMD -MP -MF"utilities/fsl_str.d" -MT"utilities/fsl_str.o" -MT"utilities/fsl_str.d" -o "utilities/fsl_str.o" "../utilities/fsl_str.c"
arm-none-eabi-gcc -D__REDLIB__ -DCPU_LPC845M301JBD48 -DCPU_LPC845M301JBD48_cm0plus -DSDK_OS_BAREMETAL -DSDK_DEBUGCONSOLE=1 -DCR_INTEGER_PRINTF -DPRINTF_FLOAT_ENABLE=0 -D__MCUXPRESSO -D__USE_CMSIS -DDEBUG -I"F:\MCU_WorkSpaces\6_UH_tavmero_1xCAP\LPC845_Project_UH_tavmero\board" -I"F:\MCU_WorkSpaces\6_UH_tavmero_1xCAP\LPC845_Project_UH_tavmero\source" -I"F:\MCU_WorkSpaces\6_UH_tavmero_1xCAP\LPC845_Project_UH_tavmero\drivers" -I"F:\MCU_WorkSpaces\6_UH_tavmero_1xCAP\LPC845_Project_UH_tavmero\CMSIS" -I"F:\MCU_WorkSpaces\6_UH_tavmero_1xCAP\LPC845_Project_UH_tavmero\device" -I"F:\MCU_WorkSpaces\6_UH_tavmero_1xCAP\LPC845_Project_UH_tavmero\component\uart" -I"F:\MCU_WorkSpaces\6_UH_tavmero_1xCAP\LPC845_Project_UH_tavmero\utilities" -O0 -fno-common -g3 -Wall -c -ffunction-sections -fdata-sections -ffreestanding -fno-builtin -fmerge-constants -fmacro-prefix-map="../startup/"= -mcpu=cortex-m0plus -mthumb -D__REDLIB__ -fstack-usage -specs=redlib.specs -MMD -MP -MF"startup/startup_lpc845.d" -MT"startup/startup_lpc845.o" -MT"startup/startup_lpc845.d" -o "startup/startup_lpc845.o" "../startup/startup_lpc845.c"
Building file: ../source/LPC845_Project_UH_tavmero.c
Building file: ../source/SysTimer.c
Building file: ../source/UH_HCSR-04.c
Invoking: MCU C Compiler
Invoking: MCU C Compiler
arm-none-eabi-gcc -D__REDLIB__ -DCPU_LPC845M301JBD48 -DCPU_LPC845M301JBD48_cm0plus -DSDK_OS_BAREMETAL -DSDK_DEBUGCONSOLE=1 -DCR_INTEGER_PRINTF -DPRINTF_FLOAT_ENABLE=0 -D__MCUXPRESSO -D__USE_CMSIS -DDEBUG -I"F:\MCU_WorkSpaces\6_UH_tavmero_1xCAP\LPC845_Project_UH_tavmero\board" -I"F:\MCU_WorkSpaces\6_UH_tavmero_1xCAP\LPC845_Project_UH_tavmero\source" -I"F:\MCU_WorkSpaces\6_UH_tavmero_1xCAP\LPC845_Project_UH_tavmero\drivers" -I"F:\MCU_WorkSpaces\6_UH_tavmero_1xCAP\LPC845_Project_UH_tavmero\CMSIS" -I"F:\MCU_WorkSpaces\6_UH_tavmero_1xCAP\LPC845_Project_UH_tavmero\device" -I"F:\MCU_WorkSpaces\6_UH_tavmero_1xCAP\LPC845_Project_UH_tavmero\component\uart" -I"F:\MCU_WorkSpaces\6_UH_tavmero_1xCAP\LPC845_Project_UH_tavmero\utilities" -O0 -fno-common -g3 -Wall -c -ffunction-sections -fdata-sections -ffreestanding -fno-builtin -fmerge-constants -fmacro-prefix-map="../source/"= -mcpu=cortex-m0plus -mthumb -D__REDLIB__ -fstack-usage -specs=redlib.specs -MMD -MP -MF"source/LPC845_Project_UH_tavmero.d" -MT"source/LPC845_Project_UH_tavmero.o" -MT"source/LPC845_Project_UH_tavmero.d" -o "source/LPC845_Project_UH_tavmero.o" "../source/LPC845_Project_UH_tavmero.c"
arm-none-eabi-gcc -D__REDLIB__ -DCPU_LPC845M301JBD48 -DCPU_LPC845M301JBD48_cm0plus -DSDK_OS_BAREMETAL -DSDK_DEBUGCONSOLE=1 -DCR_INTEGER_PRINTF -DPRINTF_FLOAT_ENABLE=0 -D__MCUXPRESSO -D__USE_CMSIS -DDEBUG -I"F:\MCU_WorkSpaces\6_UH_tavmero_1xCAP\LPC845_Project_UH_tavmero\board" -I"F:\MCU_WorkSpaces\6_UH_tavmero_1xCAP\LPC845_Project_UH_tavmero\source" -I"F:\MCU_WorkSpaces\6_UH_tavmero_1xCAP\LPC845_Project_UH_tavmero\drivers" -I"F:\MCU_WorkSpaces\6_UH_tavmero_1xCAP\LPC845_Project_UH_tavmero\CMSIS" -I"F:\MCU_WorkSpaces\6_UH_tavmero_1xCAP\LPC845_Project_UH_tavmero\device" -I"F:\MCU_WorkSpaces\6_UH_tavmero_1xCAP\LPC845_Project_UH_tavmero\component\uart" -I"F:\MCU_WorkSpaces\6_UH_tavmero_1xCAP\LPC845_Project_UH_tavmero\utilities" -O0 -fno-common -g3 -Wall -c -ffunction-sections -fdata-sections -ffreestanding -fno-builtin -fmerge-constants -fmacro-prefix-map="../source/"= -mcpu=cortex-m0plus -mthumb -D__REDLIB__ -fstack-usage -specs=redlib.specs -MMD -MP -MF"source/SysTimer.d" -MT"source/SysTimer.o" -MT"source/SysTimer.d" -o "source/SysTimer.o" "../source/SysTimer.c"
Invoking: MCU C Compiler
arm-none-eabi-gcc -D__REDLIB__ -DCPU_LPC845M301JBD48 -DCPU_LPC845M301JBD48_cm0plus -DSDK_OS_BAREMETAL -DSDK_DEBUGCONSOLE=1 -DCR_INTEGER_PRINTF -DPRINTF_FLOAT_ENABLE=0 -D__MCUXPRESSO -D__USE_CMSIS -DDEBUG -I"F:\MCU_WorkSpaces\6_UH_tavmero_1xCAP\LPC845_Project_UH_tavmero\board" -I"F:\MCU_WorkSpaces\6_UH_tavmero_1xCAP\LPC845_Project_UH_tavmero\source" -I"F:\MCU_WorkSpaces\6_UH_tavmero_1xCAP\LPC845_Project_UH_tavmero\drivers" -I"F:\MCU_WorkSpaces\6_UH_tavmero_1xCAP\LPC845_Project_UH_tavmero\CMSIS" -I"F:\MCU_WorkSpaces\6_UH_tavmero_1xCAP\LPC845_Project_UH_tavmero\device" -I"F:\MCU_WorkSpaces\6_UH_tavmero_1xCAP\LPC845_Project_UH_tavmero\component\uart" -I"F:\MCU_WorkSpaces\6_UH_tavmero_1xCAP\LPC845_Project_UH_tavmero\utilities" -O0 -fno-common -g3 -Wall -c -ffunction-sections -fdata-sections -ffreestanding -fno-builtin -fmerge-constants -fmacro-prefix-map="../source/"= -mcpu=cortex-m0plus -mthumb -D__REDLIB__ -fstack-usage -specs=redlib.specs -MMD -MP -MF"source/UH_HCSR-04.d" -MT"source/UH_HCSR-04.o" -MT"source/UH_HCSR-04.d" -o "source/UH_HCSR-04.o" "../source/UH_HCSR-04.c"
Building file: ../source/mtb.c
Invoking: MCU C Compiler
Building file: ../source/semihost_hardfault.c
Building file: ../source/sys.c
arm-none-eabi-gcc -D__REDLIB__ -DCPU_LPC845M301JBD48 -DCPU_LPC845M301JBD48_cm0plus -DSDK_OS_BAREMETAL -DSDK_DEBUGCONSOLE=1 -DCR_INTEGER_PRINTF -DPRINTF_FLOAT_ENABLE=0 -D__MCUXPRESSO -D__USE_CMSIS -DDEBUG -I"F:\MCU_WorkSpaces\6_UH_tavmero_1xCAP\LPC845_Project_UH_tavmero\board" -I"F:\MCU_WorkSpaces\6_UH_tavmero_1xCAP\LPC845_Project_UH_tavmero\source" -I"F:\MCU_WorkSpaces\6_UH_tavmero_1xCAP\LPC845_Project_UH_tavmero\drivers" -I"F:\MCU_WorkSpaces\6_UH_tavmero_1xCAP\LPC845_Project_UH_tavmero\CMSIS" -I"F:\MCU_WorkSpaces\6_UH_tavmero_1xCAP\LPC845_Project_UH_tavmero\device" -I"F:\MCU_WorkSpaces\6_UH_tavmero_1xCAP\LPC845_Project_UH_tavmero\component\uart" -I"F:\MCU_WorkSpaces\6_UH_tavmero_1xCAP\LPC845_Project_UH_tavmero\utilities" -O0 -fno-common -g3 -Wall -c -ffunction-sections -fdata-sections -ffreestanding -fno-builtin -fmerge-constants -fmacro-prefix-map="../source/"= -mcpu=cortex-m0plus -mthumb -D__REDLIB__ -fstack-usage -specs=redlib.specs -MMD -MP -MF"source/mtb.d" -MT"source/mtb.o" -MT"source/mtb.d" -o "source/mtb.o" "../source/mtb.c"
Building file: ../drivers/fsl_clock.c
Invoking: MCU C Compiler
arm-none-eabi-gcc -D__REDLIB__ -DCPU_LPC845M301JBD48 -DCPU_LPC845M301JBD48_cm0plus -DSDK_OS_BAREMETAL -DSDK_DEBUGCONSOLE=1 -DCR_INTEGER_PRINTF -DPRINTF_FLOAT_ENABLE=0 -D__MCUXPRESSO -D__USE_CMSIS -DDEBUG -I"F:\MCU_WorkSpaces\6_UH_tavmero_1xCAP\LPC845_Project_UH_tavmero\board" -I"F:\MCU_WorkSpaces\6_UH_tavmero_1xCAP\LPC845_Project_UH_tavmero\source" -I"F:\MCU_WorkSpaces\6_UH_tavmero_1xCAP\LPC845_Project_UH_tavmero\drivers" -I"F:\MCU_WorkSpaces\6_UH_tavmero_1xCAP\LPC845_Project_UH_tavmero\CMSIS" -I"F:\MCU_WorkSpaces\6_UH_tavmero_1xCAP\LPC845_Project_UH_tavmero\device" -I"F:\MCU_WorkSpaces\6_UH_tavmero_1xCAP\LPC845_Project_UH_tavmero\component\uart" -I"F:\MCU_WorkSpaces\6_UH_tavmero_1xCAP\LPC845_Project_UH_tavmero\utilities" -O0 -fno-common -g3 -Wall -c -ffunction-sections -fdata-sections -ffreestanding -fno-builtin -fmerge-constants -fmacro-prefix-map="../source/"= -mcpu=cortex-m0plus -mthumb -D__REDLIB__ -fstack-usage -specs=redlib.specs -MMD -MP -MF"source/semihost_hardfault.d" -MT"source/semihost_hardfault.o" -MT"source/semihost_hardfault.d" -o "source/semihost_hardfault.o" "../source/semihost_hardfault.c"
Invoking: MCU C Compiler
Invoking: MCU C Compiler
arm-none-eabi-gcc -D__REDLIB__ -DCPU_LPC845M301JBD48 -DCPU_LPC845M301JBD48_cm0plus -DSDK_OS_BAREMETAL -DSDK_DEBUGCONSOLE=1 -DCR_INTEGER_PRINTF -DPRINTF_FLOAT_ENABLE=0 -D__MCUXPRESSO -D__USE_CMSIS -DDEBUG -I"F:\MCU_WorkSpaces\6_UH_tavmero_1xCAP\LPC845_Project_UH_tavmero\board" -I"F:\MCU_WorkSpaces\6_UH_tavmero_1xCAP\LPC845_Project_UH_tavmero\source" -I"F:\MCU_WorkSpaces\6_UH_tavmero_1xCAP\LPC845_Project_UH_tavmero\drivers" -I"F:\MCU_WorkSpaces\6_UH_tavmero_1xCAP\LPC845_Project_UH_tavmero\CMSIS" -I"F:\MCU_WorkSpaces\6_UH_tavmero_1xCAP\LPC845_Project_UH_tavmero\device" -I"F:\MCU_WorkSpaces\6_UH_tavmero_1xCAP\LPC845_Project_UH_tavmero\component\uart" -I"F:\MCU_WorkSpaces\6_UH_tavmero_1xCAP\LPC845_Project_UH_tavmero\utilities" -O0 -fno-common -g3 -Wall -c -ffunction-sections -fdata-sections -ffreestanding -fno-builtin -fmerge-constants -fmacro-prefix-map="../source/"= -mcpu=cortex-m0plus -mthumb -D__REDLIB__ -fstack-usage -specs=redlib.specs -MMD -MP -MF"source/sys.d" -MT"source/sys.o" -MT"source/sys.d" -o "source/sys.o" "../source/sys.c"
arm-none-eabi-gcc -D__REDLIB__ -DCPU_LPC845M301JBD48 -DCPU_LPC845M301JBD48_cm0plus -DSDK_OS_BAREMETAL -DSDK_DEBUGCONSOLE=1 -DCR_INTEGER_PRINTF -DPRINTF_FLOAT_ENABLE=0 -D__MCUXPRESSO -D__USE_CMSIS -DDEBUG -I"F:\MCU_WorkSpaces\6_UH_tavmero_1xCAP\LPC845_Project_UH_tavmero\board" -I"F:\MCU_WorkSpaces\6_UH_tavmero_1xCAP\LPC845_Project_UH_tavmero\source" -I"F:\MCU_WorkSpaces\6_UH_tavmero_1xCAP\LPC845_Project_UH_tavmero\drivers" -I"F:\MCU_WorkSpaces\6_UH_tavmero_1xCAP\LPC845_Project_UH_tavmero\CMSIS" -I"F:\MCU_WorkSpaces\6_UH_tavmero_1xCAP\LPC845_Project_UH_tavmero\device" -I"F:\MCU_WorkSpaces\6_UH_tavmero_1xCAP\LPC845_Project_UH_tavmero\component\uart" -I"F:\MCU_WorkSpaces\6_UH_tavmero_1xCAP\LPC845_Project_UH_tavmero\utilities" -O0 -fno-common -g3 -Wall -c -ffunction-sections -fdata-sections -ffreestanding -fno-builtin -fmerge-constants -fmacro-prefix-map="../drivers/"= -mcpu=cortex-m0plus -mthumb -D__REDLIB__ -fstack-usage -specs=redlib.specs -MMD -MP -MF"drivers/fsl_clock.d" -MT"drivers/fsl_clock.o" -MT"drivers/fsl_clock.d" -o "drivers/fsl_clock.o" "../drivers/fsl_clock.c"
Building file: ../drivers/fsl_common.c
Invoking: MCU C Compiler
arm-none-eabi-gcc -D__REDLIB__ -DCPU_LPC845M301JBD48 -DCPU_LPC845M301JBD48_cm0plus -DSDK_OS_BAREMETAL -DSDK_DEBUGCONSOLE=1 -DCR_INTEGER_PRINTF -DPRINTF_FLOAT_ENABLE=0 -D__MCUXPRESSO -D__USE_CMSIS -DDEBUG -I"F:\MCU_WorkSpaces\6_UH_tavmero_1xCAP\LPC845_Project_UH_tavmero\board" -I"F:\MCU_WorkSpaces\6_UH_tavmero_1xCAP\LPC845_Project_UH_tavmero\source" -I"F:\MCU_WorkSpaces\6_UH_tavmero_1xCAP\LPC845_Project_UH_tavmero\drivers" -I"F:\MCU_WorkSpaces\6_UH_tavmero_1xCAP\LPC845_Project_UH_tavmero\CMSIS" -I"F:\MCU_WorkSpaces\6_UH_tavmero_1xCAP\LPC845_Project_UH_tavmero\device" -I"F:\MCU_WorkSpaces\6_UH_tavmero_1xCAP\LPC845_Project_UH_tavmero\component\uart" -I"F:\MCU_WorkSpaces\6_UH_tavmero_1xCAP\LPC845_Project_UH_tavmero\utilities" -O0 -fno-common -g3 -Wall -c -ffunction-sections -fdata-sections -ffreestanding -fno-builtin -fmerge-constants -fmacro-prefix-map="../drivers/"= -mcpu=cortex-m0plus -mthumb -D__REDLIB__ -fstack-usage -specs=redlib.specs -MMD -MP -MF"drivers/fsl_common.d" -MT"drivers/fsl_common.o" -MT"drivers/fsl_common.d" -o "drivers/fsl_common.o" "../drivers/fsl_common.c"
Finished building: ../utilities/fsl_assert.c
Finished building: ../utilities/fsl_str.c
Finished building: ../utilities/fsl_debug_console.c
Finished building: ../startup/startup_lpc845.c
Finished building: ../source/LPC845_Project_UH_tavmero.c
Finished building: ../source/SysTimer.c
Finished building: ../source/UH_HCSR-04.c
Finished building: ../source/mtb.c
Finished building: ../source/semihost_hardfault.c
Finished building: ../source/sys.c
Finished building: ../drivers/fsl_clock.c
Finished building: ../drivers/fsl_common.c
 
 
 
 
 
 
 
 
 
 
 
 
Building file: ../drivers/fsl_common_arm.c
Building file: ../drivers/fsl_ctimer.c
Building file: ../drivers/fsl_gpio.c
Invoking: MCU C Compiler
arm-none-eabi-gcc -D__REDLIB__ -DCPU_LPC845M301JBD48 -DCPU_LPC845M301JBD48_cm0plus -DSDK_OS_BAREMETAL -DSDK_DEBUGCONSOLE=1 -DCR_INTEGER_PRINTF -DPRINTF_FLOAT_ENABLE=0 -D__MCUXPRESSO -D__USE_CMSIS -DDEBUG -I"F:\MCU_WorkSpaces\6_UH_tavmero_1xCAP\LPC845_Project_UH_tavmero\board" -I"F:\MCU_WorkSpaces\6_UH_tavmero_1xCAP\LPC845_Project_UH_tavmero\source" -I"F:\MCU_WorkSpaces\6_UH_tavmero_1xCAP\LPC845_Project_UH_tavmero\drivers" -I"F:\MCU_WorkSpaces\6_UH_tavmero_1xCAP\LPC845_Project_UH_tavmero\CMSIS" -I"F:\MCU_WorkSpaces\6_UH_tavmero_1xCAP\LPC845_Project_UH_tavmero\device" -I"F:\MCU_WorkSpaces\6_UH_tavmero_1xCAP\LPC845_Project_UH_tavmero\component\uart" -I"F:\MCU_WorkSpaces\6_UH_tavmero_1xCAP\LPC845_Project_UH_tavmero\utilities" -O0 -fno-common -g3 -Wall -c -ffunction-sections -fdata-sections -ffreestanding -fno-builtin -fmerge-constants -fmacro-prefix-map="../drivers/"= -mcpu=cortex-m0plus -mthumb -D__REDLIB__ -fstack-usage -specs=redlib.specs -MMD -MP -MF"drivers/fsl_common_arm.d" -MT"drivers/fsl_common_arm.o" -MT"drivers/fsl_common_arm.d" -o "drivers/fsl_common_arm.o" "../drivers/fsl_common_arm.c"
Invoking: MCU C Compiler
arm-none-eabi-gcc -D__REDLIB__ -DCPU_LPC845M301JBD48 -DCPU_LPC845M301JBD48_cm0plus -DSDK_OS_BAREMETAL -DSDK_DEBUGCONSOLE=1 -DCR_INTEGER_PRINTF -DPRINTF_FLOAT_ENABLE=0 -D__MCUXPRESSO -D__USE_CMSIS -DDEBUG -I"F:\MCU_WorkSpaces\6_UH_tavmero_1xCAP\LPC845_Project_UH_tavmero\board" -I"F:\MCU_WorkSpaces\6_UH_tavmero_1xCAP\LPC845_Project_UH_tavmero\source" -I"F:\MCU_WorkSpaces\6_UH_tavmero_1xCAP\LPC845_Project_UH_tavmero\drivers" -I"F:\MCU_WorkSpaces\6_UH_tavmero_1xCAP\LPC845_Project_UH_tavmero\CMSIS" -I"F:\MCU_WorkSpaces\6_UH_tavmero_1xCAP\LPC845_Project_UH_tavmero\device" -I"F:\MCU_WorkSpaces\6_UH_tavmero_1xCAP\LPC845_Project_UH_tavmero\component\uart" -I"F:\MCU_WorkSpaces\6_UH_tavmero_1xCAP\LPC845_Project_UH_tavmero\utilities" -O0 -fno-common -g3 -Wall -c -ffunction-sections -fdata-sections -ffreestanding -fno-builtin -fmerge-constants -fmacro-prefix-map="../drivers/"= -mcpu=cortex-m0plus -mthumb -D__REDLIB__ -fstack-usage -specs=redlib.specs -MMD -MP -MF"drivers/fsl_ctimer.d" -MT"drivers/fsl_ctimer.o" -MT"drivers/fsl_ctimer.d" -o "drivers/fsl_ctimer.o" "../drivers/fsl_ctimer.c"
Invoking: MCU C Compiler
arm-none-eabi-gcc -D__REDLIB__ -DCPU_LPC845M301JBD48 -DCPU_LPC845M301JBD48_cm0plus -DSDK_OS_BAREMETAL -DSDK_DEBUGCONSOLE=1 -DCR_INTEGER_PRINTF -DPRINTF_FLOAT_ENABLE=0 -D__MCUXPRESSO -D__USE_CMSIS -DDEBUG -I"F:\MCU_WorkSpaces\6_UH_tavmero_1xCAP\LPC845_Project_UH_tavmero\board" -I"F:\MCU_WorkSpaces\6_UH_tavmero_1xCAP\LPC845_Project_UH_tavmero\source" -I"F:\MCU_WorkSpaces\6_UH_tavmero_1xCAP\LPC845_Project_UH_tavmero\drivers" -I"F:\MCU_WorkSpaces\6_UH_tavmero_1xCAP\LPC845_Project_UH_tavmero\CMSIS" -I"F:\MCU_WorkSpaces\6_UH_tavmero_1xCAP\LPC845_Project_UH_tavmero\device" -I"F:\MCU_WorkSpaces\6_UH_tavmero_1xCAP\LPC845_Project_UH_tavmero\component\uart" -I"F:\MCU_WorkSpaces\6_UH_tavmero_1xCAP\LPC845_Project_UH_tavmero\utilities" -O0 -fno-common -g3 -Wall -c -ffunction-sections -fdata-sections -ffreestanding -fno-builtin -fmerge-constants -fmacro-prefix-map="../drivers/"= -mcpu=cortex-m0plus -mthumb -D__REDLIB__ -fstack-usage -specs=redlib.specs -MMD -MP -MF"drivers/fsl_gpio.d" -MT"drivers/fsl_gpio.o" -MT"drivers/fsl_gpio.d" -o "drivers/fsl_gpio.o" "../drivers/fsl_gpio.c"
Building file: ../drivers/fsl_power.c
Building file: ../drivers/fsl_reset.c
Building file: ../drivers/fsl_sctimer.c
Invoking: MCU C Compiler
arm-none-eabi-gcc -D__REDLIB__ -DCPU_LPC845M301JBD48 -DCPU_LPC845M301JBD48_cm0plus -DSDK_OS_BAREMETAL -DSDK_DEBUGCONSOLE=1 -DCR_INTEGER_PRINTF -DPRINTF_FLOAT_ENABLE=0 -D__MCUXPRESSO -D__USE_CMSIS -DDEBUG -I"F:\MCU_WorkSpaces\6_UH_tavmero_1xCAP\LPC845_Project_UH_tavmero\board" -I"F:\MCU_WorkSpaces\6_UH_tavmero_1xCAP\LPC845_Project_UH_tavmero\source" -I"F:\MCU_WorkSpaces\6_UH_tavmero_1xCAP\LPC845_Project_UH_tavmero\drivers" -I"F:\MCU_WorkSpaces\6_UH_tavmero_1xCAP\LPC845_Project_UH_tavmero\CMSIS" -I"F:\MCU_WorkSpaces\6_UH_tavmero_1xCAP\LPC845_Project_UH_tavmero\device" -I"F:\MCU_WorkSpaces\6_UH_tavmero_1xCAP\LPC845_Project_UH_tavmero\component\uart" -I"F:\MCU_WorkSpaces\6_UH_tavmero_1xCAP\LPC845_Project_UH_tavmero\utilities" -O0 -fno-common -g3 -Wall -c -ffunction-sections -fdata-sections -ffreestanding -fno-builtin -fmerge-constants -fmacro-prefix-map="../drivers/"= -mcpu=cortex-m0plus -mthumb -D__REDLIB__ -fstack-usage -specs=redlib.specs -MMD -MP -MF"drivers/fsl_power.d" -MT"drivers/fsl_power.o" -MT"drivers/fsl_power.d" -o "drivers/fsl_power.o" "../drivers/fsl_power.c"
Invoking: MCU C Compiler
arm-none-eabi-gcc -D__REDLIB__ -DCPU_LPC845M301JBD48 -DCPU_LPC845M301JBD48_cm0plus -DSDK_OS_BAREMETAL -DSDK_DEBUGCONSOLE=1 -DCR_INTEGER_PRINTF -DPRINTF_FLOAT_ENABLE=0 -D__MCUXPRESSO -D__USE_CMSIS -DDEBUG -I"F:\MCU_WorkSpaces\6_UH_tavmero_1xCAP\LPC845_Project_UH_tavmero\board" -I"F:\MCU_WorkSpaces\6_UH_tavmero_1xCAP\LPC845_Project_UH_tavmero\source" -I"F:\MCU_WorkSpaces\6_UH_tavmero_1xCAP\LPC845_Project_UH_tavmero\drivers" -I"F:\MCU_WorkSpaces\6_UH_tavmero_1xCAP\LPC845_Project_UH_tavmero\CMSIS" -I"F:\MCU_WorkSpaces\6_UH_tavmero_1xCAP\LPC845_Project_UH_tavmero\device" -I"F:\MCU_WorkSpaces\6_UH_tavmero_1xCAP\LPC845_Project_UH_tavmero\component\uart" -I"F:\MCU_WorkSpaces\6_UH_tavmero_1xCAP\LPC845_Project_UH_tavmero\utilities" -O0 -fno-common -g3 -Wall -c -ffunction-sections -fdata-sections -ffreestanding -fno-builtin -fmerge-constants -fmacro-prefix-map="../drivers/"= -mcpu=cortex-m0plus -mthumb -D__REDLIB__ -fstack-usage -specs=redlib.specs -MMD -MP -MF"drivers/fsl_reset.d" -MT"drivers/fsl_reset.o" -MT"drivers/fsl_reset.d" -o "drivers/fsl_reset.o" "../drivers/fsl_reset.c"
Invoking: MCU C Compiler
arm-none-eabi-gcc -D__REDLIB__ -DCPU_LPC845M301JBD48 -DCPU_LPC845M301JBD48_cm0plus -DSDK_OS_BAREMETAL -DSDK_DEBUGCONSOLE=1 -DCR_INTEGER_PRINTF -DPRINTF_FLOAT_ENABLE=0 -D__MCUXPRESSO -D__USE_CMSIS -DDEBUG -I"F:\MCU_WorkSpaces\6_UH_tavmero_1xCAP\LPC845_Project_UH_tavmero\board" -I"F:\MCU_WorkSpaces\6_UH_tavmero_1xCAP\LPC845_Project_UH_tavmero\source" -I"F:\MCU_WorkSpaces\6_UH_tavmero_1xCAP\LPC845_Project_UH_tavmero\drivers" -I"F:\MCU_WorkSpaces\6_UH_tavmero_1xCAP\LPC845_Project_UH_tavmero\CMSIS" -I"F:\MCU_WorkSpaces\6_UH_tavmero_1xCAP\LPC845_Project_UH_tavmero\device" -I"F:\MCU_WorkSpaces\6_UH_tavmero_1xCAP\LPC845_Project_UH_tavmero\component\uart" -I"F:\MCU_WorkSpaces\6_UH_tavmero_1xCAP\LPC845_Project_UH_tavmero\utilities" -O0 -fno-common -g3 -Wall -c -ffunction-sections -fdata-sections -ffreestanding -fno-builtin -fmerge-constants -fmacro-prefix-map="../drivers/"= -mcpu=cortex-m0plus -mthumb -D__REDLIB__ -fstack-usage -specs=redlib.specs -MMD -MP -MF"drivers/fsl_sctimer.d" -MT"drivers/fsl_sctimer.o" -MT"drivers/fsl_sctimer.d" -o "drivers/fsl_sctimer.o" "../drivers/fsl_sctimer.c"
Building file: ../drivers/fsl_swm.c
Building file: ../drivers/fsl_usart.c
Building file: ../device/system_LPC845.c
Invoking: MCU C Compiler
arm-none-eabi-gcc -D__REDLIB__ -DCPU_LPC845M301JBD48 -DCPU_LPC845M301JBD48_cm0plus -DSDK_OS_BAREMETAL -DSDK_DEBUGCONSOLE=1 -DCR_INTEGER_PRINTF -DPRINTF_FLOAT_ENABLE=0 -D__MCUXPRESSO -D__USE_CMSIS -DDEBUG -I"F:\MCU_WorkSpaces\6_UH_tavmero_1xCAP\LPC845_Project_UH_tavmero\board" -I"F:\MCU_WorkSpaces\6_UH_tavmero_1xCAP\LPC845_Project_UH_tavmero\source" -I"F:\MCU_WorkSpaces\6_UH_tavmero_1xCAP\LPC845_Project_UH_tavmero\drivers" -I"F:\MCU_WorkSpaces\6_UH_tavmero_1xCAP\LPC845_Project_UH_tavmero\CMSIS" -I"F:\MCU_WorkSpaces\6_UH_tavmero_1xCAP\LPC845_Project_UH_tavmero\device" -I"F:\MCU_WorkSpaces\6_UH_tavmero_1xCAP\LPC845_Project_UH_tavmero\component\uart" -I"F:\MCU_WorkSpaces\6_UH_tavmero_1xCAP\LPC845_Project_UH_tavmero\utilities" -O0 -fno-common -g3 -Wall -c -ffunction-sections -fdata-sections -ffreestanding -fno-builtin -fmerge-constants -fmacro-prefix-map="../drivers/"= -mcpu=cortex-m0plus -mthumb -D__REDLIB__ -fstack-usage -specs=redlib.specs -MMD -MP -MF"drivers/fsl_swm.d" -MT"drivers/fsl_swm.o" -MT"drivers/fsl_swm.d" -o "drivers/fsl_swm.o" "../drivers/fsl_swm.c"
Invoking: MCU C Compiler
arm-none-eabi-gcc -D__REDLIB__ -DCPU_LPC845M301JBD48 -DCPU_LPC845M301JBD48_cm0plus -DSDK_OS_BAREMETAL -DSDK_DEBUGCONSOLE=1 -DCR_INTEGER_PRINTF -DPRINTF_FLOAT_ENABLE=0 -D__MCUXPRESSO -D__USE_CMSIS -DDEBUG -I"F:\MCU_WorkSpaces\6_UH_tavmero_1xCAP\LPC845_Project_UH_tavmero\board" -I"F:\MCU_WorkSpaces\6_UH_tavmero_1xCAP\LPC845_Project_UH_tavmero\source" -I"F:\MCU_WorkSpaces\6_UH_tavmero_1xCAP\LPC845_Project_UH_tavmero\drivers" -I"F:\MCU_WorkSpaces\6_UH_tavmero_1xCAP\LPC845_Project_UH_tavmero\CMSIS" -I"F:\MCU_WorkSpaces\6_UH_tavmero_1xCAP\LPC845_Project_UH_tavmero\device" -I"F:\MCU_WorkSpaces\6_UH_tavmero_1xCAP\LPC845_Project_UH_tavmero\component\uart" -I"F:\MCU_WorkSpaces\6_UH_tavmero_1xCAP\LPC845_Project_UH_tavmero\utilities" -O0 -fno-common -g3 -Wall -c -ffunction-sections -fdata-sections -ffreestanding -fno-builtin -fmerge-constants -fmacro-prefix-map="../drivers/"= -mcpu=cortex-m0plus -mthumb -D__REDLIB__ -fstack-usage -specs=redlib.specs -MMD -MP -MF"drivers/fsl_usart.d" -MT"drivers/fsl_usart.o" -MT"drivers/fsl_usart.d" -o "drivers/fsl_usart.o" "../drivers/fsl_usart.c"
Invoking: MCU C Compiler
arm-none-eabi-gcc -D__REDLIB__ -DCPU_LPC845M301JBD48 -DCPU_LPC845M301JBD48_cm0plus -DSDK_OS_BAREMETAL -DSDK_DEBUGCONSOLE=1 -DCR_INTEGER_PRINTF -DPRINTF_FLOAT_ENABLE=0 -D__MCUXPRESSO -D__USE_CMSIS -DDEBUG -I"F:\MCU_WorkSpaces\6_UH_tavmero_1xCAP\LPC845_Project_UH_tavmero\board" -I"F:\MCU_WorkSpaces\6_UH_tavmero_1xCAP\LPC845_Project_UH_tavmero\source" -I"F:\MCU_WorkSpaces\6_UH_tavmero_1xCAP\LPC845_Project_UH_tavmero\drivers" -I"F:\MCU_WorkSpaces\6_UH_tavmero_1xCAP\LPC845_Project_UH_tavmero\CMSIS" -I"F:\MCU_WorkSpaces\6_UH_tavmero_1xCAP\LPC845_Project_UH_tavmero\device" -I"F:\MCU_WorkSpaces\6_UH_tavmero_1xCAP\LPC845_Project_UH_tavmero\component\uart" -I"F:\MCU_WorkSpaces\6_UH_tavmero_1xCAP\LPC845_Project_UH_tavmero\utilities" -O0 -fno-common -g3 -Wall -c -ffunction-sections -fdata-sections -ffreestanding -fno-builtin -fmerge-constants -fmacro-prefix-map="../device/"= -mcpu=cortex-m0plus -mthumb -D__REDLIB__ -fstack-usage -specs=redlib.specs -MMD -MP -MF"device/system_LPC845.d" -MT"device/system_LPC845.o" -MT"device/system_LPC845.d" -o "device/system_LPC845.o" "../device/system_LPC845.c"
Building file: ../component/uart/fsl_adapter_miniusart.c
Building file: ../board/board.c
Building file: ../board/clock_config.c
Invoking: MCU C Compiler
Invoking: MCU C Compiler
arm-none-eabi-gcc -D__REDLIB__ -DCPU_LPC845M301JBD48 -DCPU_LPC845M301JBD48_cm0plus -DSDK_OS_BAREMETAL -DSDK_DEBUGCONSOLE=1 -DCR_INTEGER_PRINTF -DPRINTF_FLOAT_ENABLE=0 -D__MCUXPRESSO -D__USE_CMSIS -DDEBUG -I"F:\MCU_WorkSpaces\6_UH_tavmero_1xCAP\LPC845_Project_UH_tavmero\board" -I"F:\MCU_WorkSpaces\6_UH_tavmero_1xCAP\LPC845_Project_UH_tavmero\source" -I"F:\MCU_WorkSpaces\6_UH_tavmero_1xCAP\LPC845_Project_UH_tavmero\drivers" -I"F:\MCU_WorkSpaces\6_UH_tavmero_1xCAP\LPC845_Project_UH_tavmero\CMSIS" -I"F:\MCU_WorkSpaces\6_UH_tavmero_1xCAP\LPC845_Project_UH_tavmero\device" -I"F:\MCU_WorkSpaces\6_UH_tavmero_1xCAP\LPC845_Project_UH_tavmero\component\uart" -I"F:\MCU_WorkSpaces\6_UH_tavmero_1xCAP\LPC845_Project_UH_tavmero\utilities" -O0 -fno-common -g3 -Wall -c -ffunction-sections -fdata-sections -ffreestanding -fno-builtin -fmerge-constants -fmacro-prefix-map="../component/uart/"= -mcpu=cortex-m0plus -mthumb -D__REDLIB__ -fstack-usage -specs=redlib.specs -MMD -MP -MF"component/uart/fsl_adapter_miniusart.d" -MT"component/uart/fsl_adapter_miniusart.o" -MT"component/uart/fsl_adapter_miniusart.d" -o "component/uart/fsl_adapter_miniusart.o" "../component/uart/fsl_adapter_miniusart.c"
arm-none-eabi-gcc -D__REDLIB__ -DCPU_LPC845M301JBD48 -DCPU_LPC845M301JBD48_cm0plus -DSDK_OS_BAREMETAL -DSDK_DEBUGCONSOLE=1 -DCR_INTEGER_PRINTF -DPRINTF_FLOAT_ENABLE=0 -D__MCUXPRESSO -D__USE_CMSIS -DDEBUG -I"F:\MCU_WorkSpaces\6_UH_tavmero_1xCAP\LPC845_Project_UH_tavmero\board" -I"F:\MCU_WorkSpaces\6_UH_tavmero_1xCAP\LPC845_Project_UH_tavmero\source" -I"F:\MCU_WorkSpaces\6_UH_tavmero_1xCAP\LPC845_Project_UH_tavmero\drivers" -I"F:\MCU_WorkSpaces\6_UH_tavmero_1xCAP\LPC845_Project_UH_tavmero\CMSIS" -I"F:\MCU_WorkSpaces\6_UH_tavmero_1xCAP\LPC845_Project_UH_tavmero\device" -I"F:\MCU_WorkSpaces\6_UH_tavmero_1xCAP\LPC845_Project_UH_tavmero\component\uart" -I"F:\MCU_WorkSpaces\6_UH_tavmero_1xCAP\LPC845_Project_UH_tavmero\utilities" -O0 -fno-common -g3 -Wall -c -ffunction-sections -fdata-sections -ffreestanding -fno-builtin -fmerge-constants -fmacro-prefix-map="../board/"= -mcpu=cortex-m0plus -mthumb -D__REDLIB__ -fstack-usage -specs=redlib.specs -MMD -MP -MF"board/board.d" -MT"board/board.o" -MT"board/board.d" -o "board/board.o" "../board/board.c"
Invoking: MCU C Compiler
arm-none-eabi-gcc -D__REDLIB__ -DCPU_LPC845M301JBD48 -DCPU_LPC845M301JBD48_cm0plus -DSDK_OS_BAREMETAL -DSDK_DEBUGCONSOLE=1 -DCR_INTEGER_PRINTF -DPRINTF_FLOAT_ENABLE=0 -D__MCUXPRESSO -D__USE_CMSIS -DDEBUG -I"F:\MCU_WorkSpaces\6_UH_tavmero_1xCAP\LPC845_Project_UH_tavmero\board" -I"F:\MCU_WorkSpaces\6_UH_tavmero_1xCAP\LPC845_Project_UH_tavmero\source" -I"F:\MCU_WorkSpaces\6_UH_tavmero_1xCAP\LPC845_Project_UH_tavmero\drivers" -I"F:\MCU_WorkSpaces\6_UH_tavmero_1xCAP\LPC845_Project_UH_tavmero\CMSIS" -I"F:\MCU_WorkSpaces\6_UH_tavmero_1xCAP\LPC845_Project_UH_tavmero\device" -I"F:\MCU_WorkSpaces\6_UH_tavmero_1xCAP\LPC845_Project_UH_tavmero\component\uart" -I"F:\MCU_WorkSpaces\6_UH_tavmero_1xCAP\LPC845_Project_UH_tavmero\utilities" -O0 -fno-common -g3 -Wall -c -ffunction-sections -fdata-sections -ffreestanding -fno-builtin -fmerge-constants -fmacro-prefix-map="../board/"= -mcpu=cortex-m0plus -mthumb -D__REDLIB__ -fstack-usage -specs=redlib.specs -MMD -MP -MF"board/clock_config.d" -MT"board/clock_config.o" -MT"board/clock_config.d" -o "board/clock_config.o" "../board/clock_config.c"
Finished building: ../drivers/fsl_common_arm.c
Finished building: ../drivers/fsl_ctimer.c
 
Finished building: ../drivers/fsl_power.c
Finished building: ../drivers/fsl_gpio.c
Finished building: ../drivers/fsl_reset.c
 
 
 
 
Finished building: ../device/system_LPC845.c
Building file: ../board/peripherals.c
Finished building: ../drivers/fsl_swm.c
 
Invoking: MCU C Compiler
arm-none-eabi-gcc -D__REDLIB__ -DCPU_LPC845M301JBD48 -DCPU_LPC845M301JBD48_cm0plus -DSDK_OS_BAREMETAL -DSDK_DEBUGCONSOLE=1 -DCR_INTEGER_PRINTF -DPRINTF_FLOAT_ENABLE=0 -D__MCUXPRESSO -D__USE_CMSIS -DDEBUG -I"F:\MCU_WorkSpaces\6_UH_tavmero_1xCAP\LPC845_Project_UH_tavmero\board" -I"F:\MCU_WorkSpaces\6_UH_tavmero_1xCAP\LPC845_Project_UH_tavmero\source" -I"F:\MCU_WorkSpaces\6_UH_tavmero_1xCAP\LPC845_Project_UH_tavmero\drivers" -I"F:\MCU_WorkSpaces\6_UH_tavmero_1xCAP\LPC845_Project_UH_tavmero\CMSIS" -I"F:\MCU_WorkSpaces\6_UH_tavmero_1xCAP\LPC845_Project_UH_tavmero\device" -I"F:\MCU_WorkSpaces\6_UH_tavmero_1xCAP\LPC845_Project_UH_tavmero\component\uart" -I"F:\MCU_WorkSpaces\6_UH_tavmero_1xCAP\LPC845_Project_UH_tavmero\utilities" -O0 -fno-common -g3 -Wall -c -ffunction-sections -fdata-sections -ffreestanding -fno-builtin -fmerge-constants -fmacro-prefix-map="../board/"= -mcpu=cortex-m0plus -mthumb -D__REDLIB__ -fstack-usage -specs=redlib.specs -MMD -MP -MF"board/peripherals.d" -MT"board/peripherals.o" -MT"board/peripherals.d" -o "board/peripherals.o" "../board/peripherals.c"
Building file: ../board/pin_mux.c
 
Invoking: MCU C Compiler
Finished building: ../drivers/fsl_sctimer.c
Finished building: ../drivers/fsl_usart.c
arm-none-eabi-gcc -D__REDLIB__ -DCPU_LPC845M301JBD48 -DCPU_LPC845M301JBD48_cm0plus -DSDK_OS_BAREMETAL -DSDK_DEBUGCONSOLE=1 -DCR_INTEGER_PRINTF -DPRINTF_FLOAT_ENABLE=0 -D__MCUXPRESSO -D__USE_CMSIS -DDEBUG -I"F:\MCU_WorkSpaces\6_UH_tavmero_1xCAP\LPC845_Project_UH_tavmero\board" -I"F:\MCU_WorkSpaces\6_UH_tavmero_1xCAP\LPC845_Project_UH_tavmero\source" -I"F:\MCU_WorkSpaces\6_UH_tavmero_1xCAP\LPC845_Project_UH_tavmero\drivers" -I"F:\MCU_WorkSpaces\6_UH_tavmero_1xCAP\LPC845_Project_UH_tavmero\CMSIS" -I"F:\MCU_WorkSpaces\6_UH_tavmero_1xCAP\LPC845_Project_UH_tavmero\device" -I"F:\MCU_WorkSpaces\6_UH_tavmero_1xCAP\LPC845_Project_UH_tavmero\component\uart" -I"F:\MCU_WorkSpaces\6_UH_tavmero_1xCAP\LPC845_Project_UH_tavmero\utilities" -O0 -fno-common -g3 -Wall -c -ffunction-sections -fdata-sections -ffreestanding -fno-builtin -fmerge-constants -fmacro-prefix-map="../board/"= -mcpu=cortex-m0plus -mthumb -D__REDLIB__ -fstack-usage -specs=redlib.specs -MMD -MP -MF"board/pin_mux.d" -MT"board/pin_mux.o" -MT"board/pin_mux.d" -o "board/pin_mux.o" "../board/pin_mux.c"
Finished building: ../component/uart/fsl_adapter_miniusart.c
Finished building: ../board/board.c
 
 
Finished building: ../board/clock_config.c
 
 
 
Finished building: ../board/peripherals.c
 
Finished building: ../board/pin_mux.c
 
Building target: LPC845_Project_UH_tavmero.axf
Invoking: MCU Linker
arm-none-eabi-gcc -nostdlib -Xlinker -Map="LPC845_Project_UH_tavmero.map" -Xlinker --gc-sections -Xlinker -print-memory-usage -Xlinker --sort-section=alignment -Xlinker --cref -mcpu=cortex-m0plus -mthumb -T LPC845_Project_UH_tavmero_Debug.ld -o "LPC845_Project_UH_tavmero.axf" ./utilities/fsl_assert.o ./utilities/fsl_debug_console.o ./utilities/fsl_str.o  ./startup/startup_lpc845.o  ./source/LPC845_Project_UH_tavmero.o ./source/SysTimer.o ./source/UH_HCSR-04.o ./source/mtb.o ./source/semihost_hardfault.o ./source/sys.o  ./drivers/fsl_clock.o ./drivers/fsl_common.o ./drivers/fsl_common_arm.o ./drivers/fsl_ctimer.o ./drivers/fsl_gpio.o ./drivers/fsl_power.o ./drivers/fsl_reset.o ./drivers/fsl_sctimer.o ./drivers/fsl_swm.o ./drivers/fsl_usart.o  ./device/system_LPC845.o  ./component/uart/fsl_adapter_miniusart.o  ./board/board.o ./board/clock_config.o ./board/peripherals.o ./board/pin_mux.o   
Memory region         Used Size  Region Size  %age Used
   PROGRAM_FLASH:       19224 B        64 KB     29.33%
            SRAM:        2464 B      16352 B     15.07%
        IAP_SRAM:          0 GB         32 B      0.00%
Finished building target: LPC845_Project_UH_tavmero.axf
 
Performing post-build steps
arm-none-eabi-size "LPC845_Project_UH_tavmero.axf"; # arm-none-eabi-objcopy -v -O binary "LPC845_Project_UH_tavmero.axf" "LPC845_Project_UH_tavmero.bin" ; # checksum -p LPC845 -d "LPC845_Project_UH_tavmero.bin";
   text	   data	    bss	    dec	    hex	filename
  19216	      8	   2456	  21680	   54b0	LPC845_Project_UH_tavmero.axf
 
19:21:11 **** Incremental Build of configuration Debug for project LPC845_Project_UH_tavmero ****
make -r -j12 all 
make[1]: Nothing to be done for 'main-build'.
Performing post-build steps
arm-none-eabi-size "LPC845_Project_UH_tavmero.axf"; # arm-none-eabi-objcopy -v -O binary "LPC845_Project_UH_tavmero.axf" "LPC845_Project_UH_tavmero.bin" ; # checksum -p LPC845 -d "LPC845_Project_UH_tavmero.bin";
   text	   data	    bss	    dec	    hex	filename
  19216	      8	   2456	  21680	   54b0	LPC845_Project_UH_tavmero.axf
 
19:24:12 **** Incremental Build of configuration Debug for project LPC845_Project_UH_tavmero ****
make -r -j12 all 
make[1]: Nothing to be done for 'main-build'.
Performing post-build steps
arm-none-eabi-size "LPC845_Project_UH_tavmero.axf"; # arm-none-eabi-objcopy -v -O binary "LPC845_Project_UH_tavmero.axf" "LPC845_Project_UH_tavmero.bin" ; # checksum -p LPC845 -d "LPC845_Project_UH_tavmero.bin";
   text	   data	    bss	    dec	    hex	filename
  19216	      8	   2456	  21680	   54b0	LPC845_Project_UH_tavmero.axf
 
02:39:47 **** Clean-only build of configuration Debug for project LPC845_Project_UH_tavmero ****
make -r -j12 clean 
rm -rf ./utilities/fsl_assert.d ./utilities/fsl_assert.o ./utilities/fsl_debug_console.d ./utilities/fsl_debug_console.o ./utilities/fsl_str.d ./utilities/fsl_str.o
rm -rf ./startup/startup_lpc845.d ./startup/startup_lpc845.o
rm -rf ./source/LPC845_Project_UH_tavmero.d ./source/LPC845_Project_UH_tavmero.o ./source/SysTimer.d ./source/SysTimer.o ./source/UH_HCSR-04.d ./source/UH_HCSR-04.o ./source/mtb.d ./source/mtb.o ./source/semihost_hardfault.d ./source/semihost_hardfault.o ./source/sys.d ./source/sys.o
rm -rf ./drivers/fsl_clock.d ./drivers/fsl_clock.o ./drivers/fsl_common.d ./drivers/fsl_common.o ./drivers/fsl_common_arm.d ./drivers/fsl_common_arm.o ./drivers/fsl_ctimer.d ./drivers/fsl_ctimer.o ./drivers/fsl_gpio.d ./drivers/fsl_gpio.o ./drivers/fsl_power.d ./drivers/fsl_power.o ./drivers/fsl_reset.d ./drivers/fsl_reset.o ./drivers/fsl_sctimer.d ./drivers/fsl_sctimer.o ./drivers/fsl_swm.d ./drivers/fsl_swm.o ./drivers/fsl_usart.d ./drivers/fsl_usart.o
rm -rf ./device/system_LPC845.d ./device/system_LPC845.o
rm -rf ./component/uart/fsl_adapter_miniusart.d ./component/uart/fsl_adapter_miniusart.o
rm -rf ./board/board.d ./board/board.o ./board/clock_config.d ./board/clock_config.o ./board/peripherals.d ./board/peripherals.o ./board/pin_mux.d ./board/pin_mux.o
rm -rf LPC845_Project_UH_tavmero.axf
 
02:39:50 **** Incremental Build of configuration Debug for project LPC845_Project_UH_tavmero ****
make -r -j12 all 
Building file: ../utilities/fsl_assert.c
Building file: ../utilities/fsl_debug_console.c
Building file: ../utilities/fsl_str.c
Invoking: MCU C Compiler
Invoking: MCU C Compiler
arm-none-eabi-gcc -D__REDLIB__ -DCPU_LPC845M301JBD48 -DCPU_LPC845M301JBD48_cm0plus -DSDK_OS_BAREMETAL -DSDK_DEBUGCONSOLE=1 -DCR_INTEGER_PRINTF -DPRINTF_FLOAT_ENABLE=0 -D__MCUXPRESSO -D__USE_CMSIS -DDEBUG -I"F:\MCU_WorkSpaces\6_UH_tavmero_1xCAP\LPC845_Project_UH_tavmero\board" -I"F:\MCU_WorkSpaces\6_UH_tavmero_1xCAP\LPC845_Project_UH_tavmero\source" -I"F:\MCU_WorkSpaces\6_UH_tavmero_1xCAP\LPC845_Project_UH_tavmero\drivers" -I"F:\MCU_WorkSpaces\6_UH_tavmero_1xCAP\LPC845_Project_UH_tavmero\CMSIS" -I"F:\MCU_WorkSpaces\6_UH_tavmero_1xCAP\LPC845_Project_UH_tavmero\device" -I"F:\MCU_WorkSpaces\6_UH_tavmero_1xCAP\LPC845_Project_UH_tavmero\component\uart" -I"F:\MCU_WorkSpaces\6_UH_tavmero_1xCAP\LPC845_Project_UH_tavmero\utilities" -O0 -fno-common -g3 -Wall -c -ffunction-sections -fdata-sections -ffreestanding -fno-builtin -fmerge-constants -fmacro-prefix-map="../utilities/"= -mcpu=cortex-m0plus -mthumb -D__REDLIB__ -fstack-usage -specs=redlib.specs -MMD -MP -MF"utilities/fsl_assert.d" -MT"utilities/fsl_assert.o" -MT"utilities/fsl_assert.d" -o "utilities/fsl_assert.o" "../utilities/fsl_assert.c"
arm-none-eabi-gcc -D__REDLIB__ -DCPU_LPC845M301JBD48 -DCPU_LPC845M301JBD48_cm0plus -DSDK_OS_BAREMETAL -DSDK_DEBUGCONSOLE=1 -DCR_INTEGER_PRINTF -DPRINTF_FLOAT_ENABLE=0 -D__MCUXPRESSO -D__USE_CMSIS -DDEBUG -I"F:\MCU_WorkSpaces\6_UH_tavmero_1xCAP\LPC845_Project_UH_tavmero\board" -I"F:\MCU_WorkSpaces\6_UH_tavmero_1xCAP\LPC845_Project_UH_tavmero\source" -I"F:\MCU_WorkSpaces\6_UH_tavmero_1xCAP\LPC845_Project_UH_tavmero\drivers" -I"F:\MCU_WorkSpaces\6_UH_tavmero_1xCAP\LPC845_Project_UH_tavmero\CMSIS" -I"F:\MCU_WorkSpaces\6_UH_tavmero_1xCAP\LPC845_Project_UH_tavmero\device" -I"F:\MCU_WorkSpaces\6_UH_tavmero_1xCAP\LPC845_Project_UH_tavmero\component\uart" -I"F:\MCU_WorkSpaces\6_UH_tavmero_1xCAP\LPC845_Project_UH_tavmero\utilities" -O0 -fno-common -g3 -Wall -c -ffunction-sections -fdata-sections -ffreestanding -fno-builtin -fmerge-constants -fmacro-prefix-map="../utilities/"= -mcpu=cortex-m0plus -mthumb -D__REDLIB__ -fstack-usage -specs=redlib.specs -MMD -MP -MF"utilities/fsl_debug_console.d" -MT"utilities/fsl_debug_coInvoking: MCU C Compiler
nsole.o" -MT"utilities/fsl_debug_console.d" -o "utilities/fsl_debug_console.o" "../utilities/fsl_debug_console.c"
arm-none-eabi-gcc -D__REDLIB__ -DCPU_LPC845M301JBD48 -DCPU_LPC845M301JBD48_cm0plus -DSDK_OS_BAREMETAL -DSDK_DEBUGCONSOLE=1 -DCR_INTEGER_PRINTF -DPRINTF_FLOAT_ENABLE=0 -D__MCUXPRESSO -D__USE_CMSIS -DDEBUG -I"F:\MCU_WorkSpaces\6_UH_tavmero_1xCAP\LPC845_Project_UH_tavmero\board" -I"F:\MCU_WorkSpaces\6_UH_tavmero_1xCAP\LPC845_Project_UH_tavmero\source" -I"F:\MCU_WorkSpaces\6_UH_tavmero_1xCAP\LPC845_Project_UH_tavmero\drivers" -I"F:\MCU_WorkSpaces\6_UH_tavmero_1xCAP\LPC845_Project_UH_tavmero\CMSIS" -I"F:\MCU_WorkSpaces\6_UH_tavmero_1xCAP\LPC845_Project_UH_tavmero\device" -I"F:\MCU_WorkSpaces\6_UH_tavmero_1xCAP\LPC845_Project_UH_tavmero\component\uart" -I"F:\MCU_WorkSpaces\6_UH_tavmero_1xCAP\LPC845_Project_UH_tavmero\utilities" -O0 -fno-common -g3 -Wall -c -ffunction-sections -fdata-sections -ffreestanding -fno-builtin -fmerge-constants -fmacro-prefix-map="../utilities/"= -mcpu=cortex-m0plus -mthumb -D__REDLIB__ -fstack-usage -specs=redlib.specs -MMD -MP -MF"utilities/fsl_str.d" -MT"utilities/fsl_str.o" -MT"utilities/fsl_str.d" -o "utilities/fsl_str.o" "../utilities/fsl_str.c"
Building file: ../startup/startup_lpc845.c
Building file: ../source/LPC845_Project_UH_tavmero.c
Building file: ../source/SysTimer.c
Invoking: MCU C Compiler
arm-none-eabi-gcc -D__REDLIB__ -DCPU_LPC845M301JBD48 -DCPU_LPC845M301JBD48_cm0plus -DSDK_OS_BAREMETAL -DSDK_DEBUGCONSOLE=1 -DCR_INTEGER_PRINTF -DPRINTF_FLOAT_ENABLE=0 -D__MCUXPRESSO -D__USE_CMSIS -DDEBUG -I"F:\MCU_WorkSpaces\6_UH_tavmero_1xCAP\LPC845_Project_UH_tavmero\board" -I"F:\MCU_WorkSpaces\6_UH_tavmero_1xCAP\LPC845_Project_UH_tavmero\source" -I"F:\MCU_WorkSpaces\6_UH_tavmero_1xCAP\LPC845_Project_UH_tavmero\drivers" -I"F:\MCU_WorkSpaces\6_UH_tavmero_1xCAP\LPC845_Project_UH_tavmero\CMSIS" -I"F:\MCU_WorkSpaces\6_UH_tavmero_1xCAP\LPC845_Project_UH_tavmero\device" -I"F:\MCU_WorkSpaces\6_UH_tavmero_1xCAP\LPC845_Project_UH_tavmero\component\uart" -I"F:\MCU_WorkSpaces\6_UH_tavmero_1xCAP\LPC845_Project_UH_tavmero\utilities" -O0 -fno-common -g3 -Wall -c -ffunction-sections -fdata-sections -ffreestanding -fno-builtin -fmerge-constants -fmacro-prefix-map="../startup/"= -mcpu=cortex-m0plus -mthumb -D__REDLIB__ -fstack-usage -specs=redlib.specs -MMD -MP -MF"startup/startup_lpc845.d" -MT"startup/startup_lpc845.o" -MT"startup/startup_lpc845.d" -o "startup/startup_lpc845.o" "../startup/startup_lpc845.c"
Invoking: MCU C Compiler
arm-none-eabi-gcc -D__REDLIB__ -DCPU_LPC845M301JBD48 -DCPU_LPC845M301JBD48_cm0plus -DSDK_OS_BAREMETAL -DSDK_DEBUGCONSOLE=1 -DCR_INTEGER_PRINTF -DPRINTF_FLOAT_ENABLE=0 -D__MCUXPRESSO -D__USE_CMSIS -DDEBUG -I"F:\MCU_WorkSpaces\6_UH_tavmero_1xCAP\LPC845_Project_UH_tavmero\board" -I"F:\MCU_WorkSpaces\6_UH_tavmero_1xCAP\LPC845_Project_UH_tavmero\source" -I"F:\MCU_WorkSpaces\6_UH_tavmero_1xCAP\LPC845_Project_UH_tavmero\drivers" -I"F:\MCU_WorkSpaces\6_UH_tavmero_1xCAP\LPC845_Project_UH_tavmero\CMSIS" -I"F:\MCU_WorkSpaces\6_UH_tavmero_1xCAP\LPC845_Project_UH_tavmero\device" -I"F:\MCU_WorkSpaces\6_UH_tavmero_1xCAP\LPC845_Project_UH_tavmero\component\uart" -I"F:\MCU_WorkSpaces\6_UH_tavmero_1xCAP\LPC845_Project_UH_tavmero\utilities" -O0 -fno-common -g3 -Wall -c -ffunction-sections -fdata-sections -ffreestanding -fno-builtin -fmerge-constants -fmacro-prefix-map="../source/"= -mcpu=cortex-m0plus -mthumb -D__REDLIB__ -fstack-usage -specs=redlib.specs -MMD -MP -MF"source/LPC845_Project_UH_tavmero.d" -MT"source/LPC845_Project_UH_tavmero.o" -MT"source/LPC845_Project_UH_tavmero.d" -o "source/LPC845_Project_UH_tavmero.o" "../source/LPC845_Project_UH_tavmero.c"
Invoking: MCU C Compiler
arm-none-eabi-gcc -D__REDLIB__ -DCPU_LPC845M301JBD48 -DCPU_LPC845M301JBD48_cm0plus -DSDK_OS_BAREMETAL -DSDK_DEBUGCONSOLE=1 -DCR_INTEGER_PRINTF -DPRINTF_FLOAT_ENABLE=0 -D__MCUXPRESSO -D__USE_CMSIS -DDEBUG -I"F:\MCU_WorkSpaces\6_UH_tavmero_1xCAP\LPC845_Project_UH_tavmero\board" -I"F:\MCU_WorkSpaces\6_UH_tavmero_1xCAP\LPC845_Project_UH_tavmero\source" -I"F:\MCU_WorkSpaces\6_UH_tavmero_1xCAP\LPC845_Project_UH_tavmero\drivers" -I"F:\MCU_WorkSpaces\6_UH_tavmero_1xCAP\LPC845_Project_UH_tavmero\CMSIS" -I"F:\MCU_WorkSpaces\6_UH_tavmero_1xCAP\LPC845_Project_UH_tavmero\device" -I"F:\MCU_WorkSpaces\6_UH_tavmero_1xCAP\LPC845_Project_UH_tavmero\component\uart" -I"F:\MCU_WorkSpaces\6_UH_tavmero_1xCAP\LPC845_Project_UH_tavmero\utilities" -O0 -fno-common -g3 -Wall -c -ffunction-sections -fdata-sections -ffreestanding -fno-builtin -fmerge-constants -fmacro-prefix-map="../source/"= -mcpu=cortex-m0plus -mthumb -D__REDLIB__ -fstack-usage -specs=redlib.specs -MMD -MP -MF"source/SysTimer.d" -MT"source/SysTimer.o" -MT"source/SysTimer.d" -o "source/SysTimer.o" "../source/SysTimer.c"
Building file: ../source/UH_HCSR-04.c
Building file: ../source/mtb.c
Building file: ../source/semihost_hardfault.c
Invoking: MCU C Compiler
arm-none-eabi-gcc -D__REDLIB__ -DCPU_LPC845M301JBD48 -DCPU_LPC845M301JBD48_cm0plus -DSDK_OS_BAREMETAL -DSDK_DEBUGCONSOLE=1 -DCR_INTEGER_PRINTF -DPRINTF_FLOAT_ENABLE=0 -D__MCUXPRESSO -D__USE_CMSIS -DDEBUG -I"F:\MCU_WorkSpaces\6_UH_tavmero_1xCAP\LPC845_Project_UH_tavmero\board" -I"F:\MCU_WorkSpaces\6_UH_tavmero_1xCAP\LPC845_Project_UH_tavmero\source" -I"F:\MCU_WorkSpaces\6_UH_tavmero_1xCAP\LPC845_Project_UH_tavmero\drivers" -I"F:\MCU_WorkSpaces\6_UH_tavmero_1xCAP\LPC845_Project_UH_tavmero\CMSIS" -I"F:\MCU_WorkSpaces\6_UH_tavmero_1xCAP\LPC845_Project_UH_tavmero\device" -I"F:\MCU_WorkSpaces\6_UH_tavmero_1xCAP\LPC845_Project_UH_tavmero\component\uart" -I"F:\MCU_WorkSpaces\6_UH_tavmero_1xCAP\LPC845_Project_UH_tavmero\utilities" -O0 -fno-common -g3 -Wall -c -ffunction-sections -fdata-sections -ffreestanding -fno-builtin -fmerge-constants -fmacro-prefix-map="../source/"= -mcpu=cortex-m0plus -mthumb -D__REDLIB__ -fstack-usage -specs=redlib.specs -MMD -MP -MF"source/UH_HCSR-04.d" -MT"source/UH_HCSR-04.o" -MT"source/UH_HCSR-04.d" -o "source/UH_HCSR-04.o" "../source/UH_HCSR-04.c"
Invoking: MCU C Compiler
arm-none-eabi-gcc -D__REDLIB__ -DCPU_LPC845M301JBD48 -DCPU_LPC845M301JBD48_cm0plus -DSDK_OS_BAREMETAL -DSDK_DEBUGCONSOLE=1 -DCR_INTEGER_PRINTF -DPRINTF_FLOAT_ENABLE=0 -D__MCUXPRESSO -D__USE_CMSIS -DDEBUG -I"F:\MCU_WorkSpaces\6_UH_tavmero_1xCAP\LPC845_Project_UH_tavmero\board" -I"F:\MCU_WorkSpaces\6_UH_tavmero_1xCAP\LPC845_Project_UH_tavmero\source" -I"F:\MCU_WorkSpaces\6_UH_tavmero_1xCAP\LPC845_Project_UH_tavmero\drivers" -I"F:\MCU_WorkSpaces\6_UH_tavmero_1xCAP\LPC845_Project_UH_tavmero\CMSIS" -I"F:\MCU_WorkSpaces\6_UH_tavmero_1xCAP\LPC845_Project_UH_tavmero\device" -I"F:\MCU_WorkSpaces\6_UH_tavmero_1xCAP\LPC845_Project_UH_tavmero\component\uart" -I"F:\MCU_WorkSpaces\6_UH_tavmero_1xCAP\LPC845_Project_UH_tavmero\utilities" -O0 -fno-common -g3 -Wall -c -ffunction-sections -fdata-sections -ffreestanding -fno-builtin -fmerge-constants -fmacro-prefix-map="../source/"= -mcpu=cortex-m0plus -mthumb -D__REDLIB__ -fstack-usage -specs=redlib.specs -MMD -MP -MF"source/mtb.d" -MT"source/mtb.o" -MT"source/mtb.d" -o "source/mtb.o" "../source/mtb.c"
Invoking: MCU C Compiler
arm-none-eabi-gcc -D__REDLIB__ -DCPU_LPC845M301JBD48 -DCPU_LPC845M301JBD48_cm0plus -DSDK_OS_BAREMETAL -DSDK_DEBUGCONSOLE=1 -DCR_INTEGER_PRINTF -DPRINTF_FLOAT_ENABLE=0 -D__MCUXPRESSO -D__USE_CMSIS -DDEBUG -I"F:\MCU_WorkSpaces\6_UH_tavmero_1xCAP\LPC845_Project_UH_tavmero\board" -I"F:\MCU_WorkSpaces\6_UH_tavmero_1xCAP\LPC845_Project_UH_tavmero\source" -I"F:\MCU_WorkSpaces\6_UH_tavmero_1xCAP\LPC845_Project_UH_tavmero\drivers" -I"F:\MCU_WorkSpaces\6_UH_tavmero_1xCAP\LPC845_Project_UH_tavmero\CMSIS" -I"F:\MCU_WorkSpaces\6_UH_tavmero_1xCAP\LPC845_Project_UH_tavmero\device" -I"F:\MCU_WorkSpaces\6_UH_tavmero_1xCAP\LPC845_Project_UH_tavmero\component\uart" -I"F:\MCU_WorkSpaces\6_UH_tavmero_1xCAP\LPC845_Project_UH_tavmero\utilities" -O0 -fno-common -g3 -Wall -c -ffunction-sections -fdata-sections -ffreestanding -fno-builtin -fmerge-constants -fmacro-prefix-map="../source/"= -mcpu=cortex-m0plus -mthumb -D__REDLIB__ -fstack-usage -specs=redlib.specs -MMD -MP -MF"source/semihost_hardfault.d" -MT"source/semihost_hardfault.o" -MT"source/semihost_hardfault.d" -o "source/semihost_hardfault.o" "../source/semihost_hardfault.c"
Building file: ../source/sys.c
Building file: ../drivers/fsl_clock.c
Building file: ../drivers/fsl_common.c
Invoking: MCU C Compiler
[...]
Building file: ../drivers/fsl_ctimer.c
Finished building: ../drivers/fsl_clock.c
Invoking: MCU C Compiler
Invoking: MCU C Compiler
arm-none-eabi-gcc -D__REDLIB__ -DCPU_LPC845M301JBD48 -DCPU_LPC845M301JBD48_cm0plus -DSDK_OS_BAREMETAL -DSDK_DEBUGCONSOLE=1 -DCR_INTEGER_PRINTF -DPRINTF_FLOAT_ENABLE=0 -D__MCUXPRESSO -D__USE_CMSIS -DDEBUG -I"F:\1study\6f\Mikro\_project\Tiny_car\code_mcuxpresso_ws\kisauto\board" -I"F:\1study\6f\Mikro\_project\Tiny_car\code_mcuxpresso_ws\kisauto\source" -I"F:\1study\6f\Mikro\_project\Tiny_car\code_mcuxpresso_ws\kisauto\drivers" -I"F:\1study\6f\Mikro\_project\Tiny_car\code_mcuxpresso_ws\kisauto\CMSIS" -I"F:\1study\6f\Mikro\_project\Tiny_car\code_mcuxpresso_ws\kisauto\device" -I"F:\1study\6f\Mikro\_project\Tiny_car\code_mcuxpresso_ws\kisauto\component\uart" -I"F:\1study\6f\Mikro\_project\Tiny_car\code_mcuxpresso_ws\kisauto\utilities" -O0 -fno-common -g3 -Wall -c -ffunction-sections -fdata-sections -ffreestanding -fno-builtin -fmerge-constants -fmacro-prefix-map="../drivers/"= -mcpu=cortex-m0plus -mthumb -D__REDLIB__ -fstack-usage -specs=redlib.specs -MMD -MP -MF"drivers/fsl_common.d" -MT"drivers/fsl_common.o" -MT"drivers/fsl_common.d" -o "drivers/fsl_common.o" "../drivers/fsl_common.c"
Invoking: MCU C Compiler
 
arm-none-eabi-gcc -D__REDLIB__ -DCPU_LPC845M301JBD48 -DCPU_LPC845M301JBD48_cm0plus -DSDK_OS_BAREMETAL -DSDK_DEBUGCONSOLE=1 -DCR_INTEGER_PRINTF -DPRINTF_FLOAT_ENABLE=0 -D__MCUXPRESSO -D__USE_CMSIS -DDEBUG -I"F:\1study\6f\Mikro\_project\Tiny_car\code_mcuxpresso_ws\kisauto\board" -I"F:\1study\6f\Mikro\_project\Tiny_car\code_mcuxpresso_ws\kisauto\source" -I"F:\1study\6f\Mikro\_project\Tiny_car\code_mcuxpresso_ws\kisauto\drivers" -I"F:\1study\6f\Mikro\_project\Tiny_car\code_mcuxpresso_ws\kisauto\CMSIS" -I"F:\1study\6f\Mikro\_project\Tiny_car\code_mcuxpresso_ws\kisauto\device" -I"F:\1study\6f\Mikro\_project\Tiny_car\code_mcuxpresso_ws\kisauto\component\uart" -I"F:\1study\6f\Mikro\_project\Tiny_car\code_mcuxpresso_ws\kisauto\utilities" -O0 -fno-common -g3 -Wall -c -ffunction-sections -fdata-sections -ffreestanding -fno-builtin -fmerge-constants -fmacro-prefix-map="../drivers/"= -mcpu=cortex-m0plus -mthumb -D__REDLIB__ -fstack-usage -specs=redlib.specs -MMD -MP -MF"drivers/fsl_common_arm.d" -MT"drivers/fsl_common_arm.o" -MT"drivers/fsl_common_arm.d" -o "drivers/fsl_common_arm.o" "../drivers/fsl_common_arm.c"
arm-none-eabi-gcc -D__REDLIB__ -DCPU_LPC845M301JBD48 -DCPU_LPC845M301JBD48_cm0plus -DSDK_OS_BAREMETAL -DSDK_DEBUGCONSOLE=1 -DCR_INTEGER_PRINTF -DPRINTF_FLOAT_ENABLE=0 -D__MCUXPRESSO -D__USE_CMSIS -DDEBUG -I"F:\1study\6f\Mikro\_project\Tiny_car\code_mcuxpresso_ws\kisauto\board" -I"F:\1study\6f\Mikro\_project\Tiny_car\code_mcuxpresso_ws\kisauto\source" -I"F:\1study\6f\Mikro\_project\Tiny_car\code_mcuxpresso_ws\kisauto\drivers" -I"F:\1study\6f\Mikro\_project\Tiny_car\code_mcuxpresso_ws\kisauto\CMSIS" -I"F:\1study\6f\Mikro\_project\Tiny_car\code_mcuxpresso_ws\kisauto\device" -I"F:\1study\6f\Mikro\_project\Tiny_car\code_mcuxpresso_ws\kisauto\component\uart" -I"F:\1study\6f\Mikro\_project\Tiny_car\code_mcuxpresso_ws\kisauto\utilities" -O0 -fno-common -g3 -Wall -c -ffunction-sections -fdata-sections -ffreestanding -fno-builtin -fmerge-constants -fmacro-prefix-map="../drivers/"= -mcpu=cortex-m0plus -mthumb -D__REDLIB__ -fstack-usage -specs=redlib.specs -MMD -MP -MF"drivers/fsl_ctimer.d" -MT"drivers/fsl_ctimer.o" -MT"drivers/fsl_ctimer.d" -o "drivers/fsl_ctimer.o" "../drivers/fsl_ctimer.c"
Building file: ../drivers/fsl_gpio.c
Building file: ../drivers/fsl_power.c
Building file: ../drivers/fsl_reset.c
Invoking: MCU C Compiler
arm-none-eabi-gcc -D__REDLIB__ -DCPU_LPC845M301JBD48 -DCPU_LPC845M301JBD48_cm0plus -DSDK_OS_BAREMETAL -DSDK_DEBUGCONSOLE=1 -DCR_INTEGER_PRINTF -DPRINTF_FLOAT_ENABLE=0 -D__MCUXPRESSO -D__USE_CMSIS -DDEBUG -I"F:\1study\6f\Mikro\_project\Tiny_car\code_mcuxpresso_ws\kisauto\board" -I"F:\1study\6f\Mikro\_project\Tiny_car\code_mcuxpresso_ws\kisauto\source" -I"F:\1study\6f\Mikro\_project\Tiny_car\code_mcuxpresso_ws\kisauto\drivers" -I"F:\1study\6f\Mikro\_project\Tiny_car\code_mcuxpresso_ws\kisauto\CMSIS" -I"F:\1study\6f\Mikro\_project\Tiny_car\code_mcuxpresso_ws\kisauto\device" -I"F:\1study\6f\Mikro\_project\Tiny_car\code_mcuxpresso_ws\kisauto\component\uart" -I"F:\1study\6f\Mikro\_project\Tiny_car\code_mcuxpresso_ws\kisauto\utilities" -O0 -fno-common -g3 -Wall -c -ffunction-sections -fdata-sections -ffreestanding -fno-builtin -fmerge-constants -fmacro-prefix-map="../drivers/"= -mcpu=cortex-m0plus -mthumb -D__REDLIB__ -fstack-usage -specs=redlib.specs -MMD -MP -MF"drivers/fsl_gpio.d" -MT"drivers/fsl_gpio.o" -MT"drivers/fsl_gpio.d" -o "drivers/fsl_gpio.o" "../drivers/fsl_gpio.c"
Invoking: MCU C Compiler
arm-none-eabi-gcc -D__REDLIB__ -DCPU_LPC845M301JBD48 -DCPU_LPC845M301JBD48_cm0plus -DSDK_OS_BAREMETAL -DSDK_DEBUGCONSOLE=1 -DCR_INTEGER_PRINTF -DPRINTF_FLOAT_ENABLE=0 -D__MCUXPRESSO -D__USE_CMSIS -DDEBUG -I"F:\1study\6f\Mikro\_project\Tiny_car\code_mcuxpresso_ws\kisauto\board" -I"F:\1study\6f\Mikro\_project\Tiny_car\code_mcuxpresso_ws\kisauto\source" -I"F:\1study\6f\Mikro\_project\Tiny_car\code_mcuxpresso_ws\kisauto\drivers" -I"F:\1study\6f\Mikro\_project\Tiny_car\code_mcuxpresso_ws\kisauto\CMSIS" -I"F:\1study\6f\Mikro\_project\Tiny_car\code_mcuxpresso_ws\kisauto\device" -I"F:\1study\6f\Mikro\_project\Tiny_car\code_mcuxpresso_ws\kisauto\component\uart" -I"F:\1study\6f\Mikro\_project\Tiny_car\code_mcuxpresso_ws\kisauto\utilities" -O0 -fno-common -g3 -Wall -c -ffunction-sections -fdata-sections -ffreestanding -fno-builtin -fmerge-constants -fmacro-prefix-map="../drivers/"= -mcpu=cortex-m0plus -mthumb -D__REDLIB__ -fstack-usage -specs=redlib.specs -MMD -MP -MF"drivers/fsl_power.d" -MT"drivers/fsl_power.o" -MT"drivers/fsl_power.d" -o "drivers/fsl_power.o" "../drivers/fsl_power.c"
Invoking: MCU C Compiler
arm-none-eabi-gcc -D__REDLIB__ -DCPU_LPC845M301JBD48 -DCPU_LPC845M301JBD48_cm0plus -DSDK_OS_BAREMETAL -DSDK_DEBUGCONSOLE=1 -DCR_INTEGER_PRINTF -DPRINTF_FLOAT_ENABLE=0 -D__MCUXPRESSO -D__USE_CMSIS -DDEBUG -I"F:\1study\6f\Mikro\_project\Tiny_car\code_mcuxpresso_ws\kisauto\board" -I"F:\1study\6f\Mikro\_project\Tiny_car\code_mcuxpresso_ws\kisauto\source" -I"F:\1study\6f\Mikro\_project\Tiny_car\code_mcuxpresso_ws\kisauto\drivers" -I"F:\1study\6f\Mikro\_project\Tiny_car\code_mcuxpresso_ws\kisauto\CMSIS" -I"F:\1study\6f\Mikro\_project\Tiny_car\code_mcuxpresso_ws\kisauto\device" -I"F:\1study\6f\Mikro\_project\Tiny_car\code_mcuxpresso_ws\kisauto\component\uart" -I"F:\1study\6f\Mikro\_project\Tiny_car\code_mcuxpresso_ws\kisauto\utilities" -O0 -fno-common -g3 -Wall -c -ffunction-sections -fdata-sections -ffreestanding -fno-builtin -fmerge-constants -fmacro-prefix-map="../drivers/"= -mcpu=cortex-m0plus -mthumb -D__REDLIB__ -fstack-usage -specs=redlib.specs -MMD -MP -MF"drivers/fsl_reset.d" -MT"drivers/fsl_reset.o" -MT"drivers/fsl_reset.d" -o "drivers/fsl_reset.o" "../drivers/fsl_reset.c"
Building file: ../drivers/fsl_sctimer.c
Building file: ../drivers/fsl_swm.c
Building file: ../drivers/fsl_usart.c
Building file: ../device/system_LPC845.c
Building file: ../component/uart/fsl_adapter_miniusart.c
Invoking: MCU C Compiler
Invoking: MCU C Compiler
arm-none-eabi-gcc -D__REDLIB__ -DCPU_LPC845M301JBD48 -DCPU_LPC845M301JBD48_cm0plus -DSDK_OS_BAREMETAL -DSDK_DEBUGCONSOLE=1 -DCR_INTEGER_PRINTF -DPRINTF_FLOAT_ENABLE=0 -D__MCUXPRESSO -D__USE_CMSIS -DDEBUG -I"F:\1study\6f\Mikro\_project\Tiny_car\code_mcuxpresso_ws\kisauto\board" -I"F:\1study\6f\Mikro\_project\Tiny_car\code_mcuxpresso_ws\kisauto\source" -I"F:\1study\6f\Mikro\_project\Tiny_car\code_mcuxpresso_ws\kisauto\drivers" -I"F:\1study\6f\Mikro\_project\Tiny_car\code_mcuxpresso_ws\kisauto\CMSIS" -I"F:\1study\6f\Mikro\_project\Tiny_car\code_mcuxpresso_ws\kisauto\device" -I"F:\1study\6f\Mikro\_project\Tiny_car\code_mcuxpresso_ws\kisauto\component\uart" -I"F:\1study\6f\Mikro\_project\Tiny_car\code_mcuxpresso_ws\kisauto\utilities" -O0 -fno-common -g3 -Wall -c -ffunction-sections -fdata-sections -ffreestanding -fno-builtin -fmerge-constants -fmacro-prefix-map="../drivers/"= -mcpu=cortex-m0plus -mthumb -D__REDLIB__ -fstack-usage -specs=redlib.specs -MMD -MP -MF"drivers/fsl_sctimer.d" -MT"drivers/fsl_sctimer.o" -MT"drivers/fsl_sctimer.d" -o "drivers/fsl_sctimer.o" "../drivers/fsl_sctimer.c"
Invoking: MCU C Compiler
Invoking: MCU C Compiler
arm-none-eabi-gcc -D__REDLIB__ -DCPU_LPC845M301JBD48 -DCPU_LPC845M301JBD48_cm0plus -DSDK_OS_BAREMETAL -DSDK_DEBUGCONSOLE=1 -DCR_INTEGER_PRINTF -DPRINTF_FLOAT_ENABLE=0 -D__MCUXPRESSO -D__USE_CMSIS -DDEBUG -I"F:\1study\6f\Mikro\_project\Tiny_car\code_mcuxpresso_ws\kisauto\board" -I"F:\1study\6f\Mikro\_project\Tiny_car\code_mcuxpresso_ws\kisauto\source" -I"F:\1study\6f\Mikro\_project\Tiny_car\code_mcuxpresso_ws\kisauto\drivers" -I"F:\1study\6f\Mikro\_project\Tiny_car\code_mcuxpresso_ws\kisauto\CMSIS" -I"F:\1study\6f\Mikro\_project\Tiny_car\code_mcuxpresso_ws\kisauto\device" -I"F:\1study\6f\Mikro\_project\Tiny_car\code_mcuxpresso_ws\kisauto\component\uart" -I"F:\1study\6f\Mikro\_project\Tiny_car\code_mcuxpresso_ws\kisauto\utilities" -O0 -fno-common -g3 -Wall -c -ffunction-sections -fdata-sections -ffreestanding -fno-builtin -fmerge-constants -fmacro-prefix-map="../drivers/"= -mcpu=cortex-m0plus -mthumb -D__REDLIB__ -fstack-usage -specs=redlib.specs -MMD -MP -MF"drivers/fsl_swm.d" -MT"drivers/fsl_swm.o" -MT"drivers/fsl_swm.d" -o "drivers/fsl_swm.o" "../drivers/fsl_swm.c"
Invoking: MCU C Compiler
arm-none-eabi-gcc -D__REDLIB__ -DCPU_LPC845M301JBD48 -DCPU_LPC845M301JBD48_cm0plus -DSDK_OS_BAREMETAL -DSDK_DEBUGCONSOLE=1 -DCR_INTEGER_PRINTF -DPRINTF_FLOAT_ENABLE=0 -D__MCUXPRESSO -D__USE_CMSIS -DDEBUG -I"F:\1study\6f\Mikro\_project\Tiny_car\code_mcuxpresso_ws\kisauto\board" -I"F:\1study\6f\Mikro\_project\Tiny_car\code_mcuxpresso_ws\kisauto\source" -I"F:\1study\6f\Mikro\_project\Tiny_car\code_mcuxpresso_ws\kisauto\drivers" -I"F:\1study\6f\Mikro\_project\Tiny_car\code_mcuxpresso_ws\kisauto\CMSIS" -I"F:\1study\6f\Mikro\_project\Tiny_car\code_mcuxpresso_ws\kisauto\device" -I"F:\1study\6f\Mikro\_project\Tiny_car\code_mcuxpresso_ws\kisauto\component\uart" -I"F:\1study\6f\Mikro\_project\Tiny_car\code_mcuxpresso_ws\kisauto\utilities" -O0 -fno-common -g3 -Wall -c -ffunction-sections -fdata-sections -ffreestanding -fno-builtin -fmerge-constants -fmacro-prefix-map="../drivers/"= -mcpu=cortex-m0plus -mthumb -D__REDLIB__ -fstack-usage -specs=redlib.specs -MMD -MP -MF"drivers/fsl_usart.d" -MT"drivers/fsl_usart.o" -MT"drivers/fsl_usart.d" -o "drivers/fsl_usart.o" "../drivers/fsl_usart.c"
arm-none-eabi-gcc -D__REDLIB__ -DCPU_LPC845M301JBD48 -DCPU_LPC845M301JBD48_cm0plus -DSDK_OS_BAREMETAL -DSDK_DEBUGCONSOLE=1 -DCR_INTEGER_PRINTF -DPRINTF_FLOAT_ENABLE=0 -D__MCUXPRESSO -D__USE_CMSIS -DDEBUG -I"F:\1study\6f\Mikro\_project\Tiny_car\code_mcuxpresso_ws\kisauto\board" -I"F:\1study\6f\Mikro\_project\Tiny_car\code_mcuxpresso_ws\kisauto\source" -I"F:\1study\6f\Mikro\_project\Tiny_car\code_mcuxpresso_ws\kisauto\drivers" -I"F:\1study\6f\Mikro\_project\Tiny_car\code_mcuxpresso_ws\kisauto\CMSIS" -I"F:\1study\6f\Mikro\_project\Tiny_car\code_mcuxpresso_ws\kisauto\device" -I"F:\1study\6f\Mikro\_project\Tiny_car\code_mcuxpresso_ws\kisauto\component\uart" -I"F:\1study\6f\Mikro\_project\Tiny_car\code_mcuxpresso_ws\kisauto\utilities" -O0 -fno-common -g3 -Wall -c -ffunction-sections -fdata-sections -ffreestanding -fno-builtin -fmerge-constants -fmacro-prefix-map="../device/"= -mcpu=cortex-m0plus -mthumb -D__REDLIB__ -fstack-usage -specs=redlib.specs -MMD -MP -MF"device/system_LPC845.d" -MT"device/system_LPC845.o" -MT"device/system_LPC845.d" -o "device/system_LPC845.o" "../device/system_LPC845.c"
arm-none-eabi-gcc -D__REDLIB__ -DCPU_LPC845M301JBD48 -DCPU_LPC845M301JBD48_cm0plus -DSDK_OS_BAREMETAL -DSDK_DEBUGCONSOLE=1 -DCR_INTEGER_PRINTF -DPRINTF_FLOAT_ENABLE=0 -D__MCUXPRESSO -D__USE_CMSIS -DDEBUG -I"F:\1study\6f\Mikro\_project\Tiny_car\code_mcuxpresso_ws\kisauto\board" -I"F:\1study\6f\Mikro\_project\Tiny_car\code_mcuxpresso_ws\kisauto\source" -I"F:\1study\6f\Mikro\_project\Tiny_car\code_mcuxpresso_ws\kisauto\drivers" -I"F:\1study\6f\Mikro\_project\Tiny_car\code_mcuxpresso_ws\kisauto\CMSIS" -I"F:\1study\6f\Mikro\_project\Tiny_car\code_mcuxpresso_ws\kisauto\device" -I"F:\1study\6f\Mikro\_project\Tiny_car\code_mcuxpresso_ws\kisauto\component\uart" -I"F:\1study\6f\Mikro\_project\Tiny_car\code_mcuxpresso_ws\kisauto\utilities" -O0 -fno-common -g3 -Wall -c -ffunction-sections -fdata-sections -ffreestanding -fno-builtin -fmerge-constants -fmacro-prefix-map="../component/uart/"= -mcpu=cortex-m0plus -mthumb -D__REDLIB__ -fstack-usage -specs=redlib.specs -MMD -MP -MF"component/uart/fsl_adapter_miniusart.d" -MT"component/uart/fsl_adapter_miniusart.o" -MT"component/uart/fsl_adapter_miniusart.d" -o "component/uart/fsl_adapter_miniusart.o" "../component/uart/fsl_adapter_miniusart.c"
Building file: ../board/board.c
Invoking: MCU C Compiler
arm-none-eabi-gcc -D__REDLIB__ -DCPU_LPC845M301JBD48 -DCPU_LPC845M301JBD48_cm0plus -DSDK_OS_BAREMETAL -DSDK_DEBUGCONSOLE=1 -DCR_INTEGER_PRINTF -DPRINTF_FLOAT_ENABLE=0 -D__MCUXPRESSO -D__USE_CMSIS -DDEBUG -I"F:\1study\6f\Mikro\_project\Tiny_car\code_mcuxpresso_ws\kisauto\board" -I"F:\1study\6f\Mikro\_project\Tiny_car\code_mcuxpresso_ws\kisauto\source" -I"F:\1study\6f\Mikro\_project\Tiny_car\code_mcuxpresso_ws\kisauto\drivers" -I"F:\1study\6f\Mikro\_project\Tiny_car\code_mcuxpresso_ws\kisauto\CMSIS" -I"F:\1study\6f\Mikro\_project\Tiny_car\code_mcuxpresso_ws\kisauto\device" -I"F:\1study\6f\Mikro\_project\Tiny_car\code_mcuxpresso_ws\kisauto\component\uart" -I"F:\1study\6f\Mikro\_project\Tiny_car\code_mcuxpresso_ws\kisauto\utilities" -O0 -fno-common -g3 -Wall -c -ffunction-sections -fdata-sections -ffreestanding -fno-builtin -fmerge-constants -fmacro-prefix-map="../board/"= -mcpu=cortex-m0plus -mthumb -D__REDLIB__ -fstack-usage -specs=redlib.specs -MMD -MP -MF"board/board.d" -MT"board/board.o" -MT"board/board.d" -o "board/board.o" "../board/board.c"
Finished building: ../drivers/fsl_common.c
Finished building: ../drivers/fsl_common_arm.c
 
Finished building: ../drivers/fsl_ctimer.c
 
Finished building: ../drivers/fsl_gpio.c
Finished building: ../drivers/fsl_power.c
Finished building: ../drivers/fsl_reset.c
 
 
 
Finished building: ../drivers/fsl_swm.c
Finished building: ../device/system_LPC845.c
Finished building: ../component/uart/fsl_adapter_miniusart.c
 
 
 
Finished building: ../drivers/fsl_sctimer.c
Finished building: ../drivers/fsl_usart.c
 
 
 
Building file: ../board/clock_config.c
Building file: ../board/peripherals.c
Building file: ../board/pin_mux.c
Invoking: MCU C Compiler
Invoking: MCU C Compiler
arm-none-eabi-gcc -D__REDLIB__ -DCPU_LPC845M301JBD48 -DCPU_LPC845M301JBD48_cm0plus -DSDK_OS_BAREMETAL -DSDK_DEBUGCONSOLE=1 -DCR_INTEGER_PRINTF -DPRINTF_FLOAT_ENABLE=0 -D__MCUXPRESSO -D__USE_CMSIS -DDEBUG -I"F:\1study\6f\Mikro\_project\Tiny_car\code_mcuxpresso_ws\kisauto\board" -I"F:\1study\6f\Mikro\_project\Tiny_car\code_mcuxpresso_ws\kisauto\source" -I"F:\1study\6f\Mikro\_project\Tiny_car\code_mcuxpresso_ws\kisauto\drivers" -I"F:\1study\6f\Mikro\_project\Tiny_car\code_mcuxpresso_ws\kisauto\CMSIS" -I"F:\1study\6f\Mikro\_project\Tiny_car\code_mcuxpresso_ws\kisauto\device" -I"F:\1study\6f\Mikro\_project\Tiny_car\code_mcuxpresso_ws\kisauto\component\uart" -I"F:\1study\6f\Mikro\_project\Tiny_car\code_mcuxpresso_ws\kisauto\utilities" -O0 -fno-common -g3 -Wall -c -ffunction-sections -fdata-sections -ffreestanding -fno-builtin -fmerge-constants -fmacro-prefix-map="../board/"= -mcpu=cortex-m0plus -mthumb -D__REDLIB__ -fstack-usage -specs=redlib.specs -MMD -MP -MF"board/clock_config.d" -MT"board/clock_config.o" -MT"board/clock_config.d" -o "board/clock_config.o" "../board/clock_config.c"
Finished building: ../board/board.c
arm-none-eabi-gcc -D__REDLIB__ -DCPU_LPC845M301JBD48 -DCPU_LPC845M301JBD48_cm0plus -DSDK_OS_BAREMETAL -DSDK_DEBUGCONSOLE=1 -DCR_INTEGER_PRINTF -DPRINTF_FLOAT_ENABLE=0 -D__MCUXPRESSO -D__USE_CMSIS -DDEBUG -I"F:\1study\6f\Mikro\_project\Tiny_car\code_mcuxpresso_ws\kisauto\board" -I"F:\1study\6f\Mikro\_project\Tiny_car\code_mcuxpresso_ws\kisauto\source" -I"F:\1study\6f\Mikro\_project\Tiny_car\code_mcuxpresso_ws\kisauto\drivers" -I"F:\1study\6f\Mikro\_project\Tiny_car\code_mcuxpresso_ws\kisauto\CMSIS" -I"F:\1study\6f\Mikro\_project\Tiny_car\code_mcuxpresso_ws\kisauto\device" -I"F:\1study\6f\Mikro\_project\Tiny_car\code_mcuxpresso_ws\kisauto\component\uart" -I"F:\1study\6f\Mikro\_project\Tiny_car\code_mcuxpresso_ws\kisauto\utilities" -O0 -fno-common -g3 -Wall -c -ffunction-sections -fdata-sections -ffreestanding -fno-builtin -fmerge-constants -fmacro-prefix-map="../board/"= -mcpu=cortex-m0plus -mthumb -D__REDLIB__ -fstack-usage -specs=redlib.specs -MMD -MP -MF"board/peripherals.d" -MT"board/peripherals.o" -MT"board/peripherals.d" -o "board/peripherals.o" "../board/peripherals.c"
Invoking: MCU C Compiler
arm-none-eabi-gcc -D__REDLIB__ -DCPU_LPC845M301JBD48 -DCPU_LPC845M301JBD48_cm0plus -DSDK_OS_BAREMETAL -DSDK_DEBUGCONSOLE=1 -DCR_INTEGER_PRINTF -DPRINTF_FLOAT_ENABLE=0 -D__MCUXPRESSO -D__USE_CMSIS -DDEBUG -I"F:\1study\6f\Mikro\_project\Tiny_car\code_mcuxpresso_ws\kisauto\board" -I"F:\1study\6f\Mikro\_project\Tiny_car\code_mcuxpresso_ws\kisauto\source" -I"F:\1study\6f\Mikro\_project\Tiny_car\code_mcuxpresso_ws\kisauto\drivers" -I"F:\1study\6f\Mikro\_project\Tiny_car\code_mcuxpresso_ws\kisauto\CMSIS" -I"F:\1study\6f\Mikro\_project\Tiny_car\code_mcuxpresso_ws\kisauto\device" -I"F:\1study\6f\Mikro\_project\Tiny_car\code_mcuxpresso_ws\kisauto\component\uart" -I"F:\1study\6f\Mikro\_project\Tiny_car\code_mcuxpresso_ws\kisauto\utilities" -O0 -fno-common -g3 -Wall -c -ffunction-sections -fdata-sections -ffreestanding -fno-builtin -fmerge-constants -fmacro-prefix-map="../board/"= -mcpu=cortex-m0plus -mthumb -D__REDLIB__ -fstack-usage -specs=redlib.specs -MMD -MP -MF"board/pin_mux.d" -MT"board/pin_mux.o" -MT"board/pin_mux.d" -o "board/pin_mux.o" "../board/pin_mux.c"
 
Finished building: ../board/clock_config.c
Finished building: ../board/peripherals.c
 
Finished building: ../board/pin_mux.c
 
 
Building target: kisauto.axf
Invoking: MCU Linker
arm-none-eabi-gcc -nostdlib -Xlinker -Map="kisauto.map" -Xlinker --gc-sections -Xlinker -print-memory-usage -Xlinker --sort-section=alignment -Xlinker --cref -mcpu=cortex-m0plus -mthumb -T "kisauto_Debug.ld" -o "kisauto.axf" ./utilities/fsl_assert.o ./utilities/fsl_debug_console.o ./utilities/fsl_str.o  ./startup/startup_lpc845.o  ./source/Dist/Measure.o ./source/Dist/UH_HCSR-04.o  ./source/LPC845_Project_UH_tavmero.o ./source/SysTimer.o ./source/mtb.o ./source/semihost_hardfault.o ./source/sys.o  ./drivers/fsl_clock.o ./drivers/fsl_common.o ./drivers/fsl_common_arm.o ./drivers/fsl_ctimer.o ./drivers/fsl_gpio.o ./drivers/fsl_power.o ./drivers/fsl_reset.o ./drivers/fsl_sctimer.o ./drivers/fsl_swm.o ./drivers/fsl_usart.o  ./device/system_LPC845.o  ./component/uart/fsl_adapter_miniusart.o  ./board/board.o ./board/clock_config.o ./board/peripherals.o ./board/pin_mux.o   
Memory region         Used Size  Region Size  %age Used
   PROGRAM_FLASH:       15164 B        64 KB     23.14%
            SRAM:        2488 B      16352 B     15.22%
        IAP_SRAM:          0 GB         32 B      0.00%
Finished building target: kisauto.axf
 
Performing post-build steps
arm-none-eabi-size "kisauto.axf"; # arm-none-eabi-objcopy -v -O binary "kisauto.axf" "kisauto.bin" ; # checksum -p LPC845 -d "kisauto.bin";
   text	   data	    bss	    dec	    hex	filename
  15128	     36	   2452	  17616	   44d0	kisauto.axf
 
01:20:33 **** Incremental Build of configuration Debug for project kisauto ****
make -r -j12 all 
make[1]: Nothing to be done for 'main-build'.
Performing post-build steps
arm-none-eabi-size "kisauto.axf"; # arm-none-eabi-objcopy -v -O binary "kisauto.axf" "kisauto.bin" ; # checksum -p LPC845 -d "kisauto.bin";
   text	   data	    bss	    dec	    hex	filename
  15128	     36	   2452	  17616	   44d0	kisauto.axf
 
