16:06:52 **** Incremental Build of configuration Debug for project LPC845_Project_UH_tavmero ****
make -r -j12 all 
make[1]: Nothing to be done for 'main-build'.
Performing post-build steps
arm-none-eabi-size "LPC845_Project_UH_tavmero.axf"; # arm-none-eabi-objcopy -v -O binary "LPC845_Project_UH_tavmero.axf" "LPC845_Project_UH_tavmero.bin" ; # checksum -p LPC845 -d "LPC845_Project_UH_tavmero.bin";
   text	   data	    bss	    dec	    hex	filename
  15128	     36	   2452	  17616	   44d0	LPC845_Project_UH_tavmero.axf
 

16:06:52 Build Finished. 0 errors, 0 warnings. (took 277ms)

