F:\1study\6f\Mikro\_project\Tiny_car\code_mcuxpresso_ws\kisauto\drivers/fsl_clock.h:558:20:CLOCK_EnableClock	16	static
F:\1study\6f\Mikro\_project\Tiny_car\code_mcuxpresso_ws\kisauto\drivers/fsl_clock.h:569:20:CLOCK_DisableClock	16	static
F:\1study\6f\Mikro\_project\Tiny_car\code_mcuxpresso_ws\kisauto\drivers/fsl_iocon.h:102:22:IOCON_PinMuxSet	24	static
../board/pin_mux.c:39:6:BOARD_InitBootPins	8	static
../board/pin_mux.c:72:6:BOARD_InitPins	16	static
../board/pin_mux.c:125:6:BOARD_InitLEDsPins	32	static
../board/pin_mux.c:223:6:BOARD_InitDEBUG_UARTPins	16	static
../board/pin_mux.c:293:6:BOARD_InitSWD_DEBUGPins	24	static
../board/pin_mux.c:377:6:BOARD_InitBUTTONsPins	16	static
../board/pin_mux.c:435:6:BOARD_InitCAPTPins	24	static
../board/pin_mux.c:538:6:Board_InitCTIMER0_CAP01	8	static
