Archive member included to satisfy reference by file (symbol)

f:/mcuxpressoide_11.7.0_9198/ide/plugins/com.nxp.mcuxpresso.tools.win32_11.7.0.202209140929/tools/bin/../lib/gcc/arm-none-eabi/10.3.1/../../../../arm-none-eabi/lib/thumb/v6-m/nofp\libcr_nohost_nf.a(_cr__main.o)
                              ./startup/startup_lpc845.o (__main)
f:/mcuxpressoide_11.7.0_9198/ide/plugins/com.nxp.mcuxpresso.tools.win32_11.7.0.202209140929/tools/bin/../lib/gcc/arm-none-eabi/10.3.1/../../../../arm-none-eabi/lib/thumb/v6-m/nofp\libcr_c.a(ceilf.o)
                              ./source/SysTimer.o (ceilf)
f:/mcuxpressoide_11.7.0_9198/ide/plugins/com.nxp.mcuxpresso.tools.win32_11.7.0.202209140929/tools/bin/../lib/gcc/arm-none-eabi/10.3.1/../../../../arm-none-eabi/lib/thumb/v6-m/nofp\libcr_c.a(memcpy.o)
                              ./utilities/fsl_debug_console.o (memcpy)
f:/mcuxpressoide_11.7.0_9198/ide/plugins/com.nxp.mcuxpresso.tools.win32_11.7.0.202209140929/tools/bin/../lib/gcc/arm-none-eabi/10.3.1/../../../../arm-none-eabi/lib/thumb/v6-m/nofp\libcr_c.a(memset.o)
                              ./drivers/fsl_ctimer.o (memset)
f:/mcuxpressoide_11.7.0_9198/ide/plugins/com.nxp.mcuxpresso.tools.win32_11.7.0.202209140929/tools/bin/../lib/gcc/arm-none-eabi/10.3.1/../../../../arm-none-eabi/lib/thumb/v6-m/nofp\libcr_c.a(alloc.o)
                              ./drivers/fsl_common.o (malloc)
f:/mcuxpressoide_11.7.0_9198/ide/plugins/com.nxp.mcuxpresso.tools.win32_11.7.0.202209140929/tools/bin/../lib/gcc/arm-none-eabi/10.3.1/../../../../arm-none-eabi/lib/thumb/v6-m/nofp\libcr_c.a(errno.o)
                              ./utilities/fsl_str.o (errno)
f:/mcuxpressoide_11.7.0_9198/ide/plugins/com.nxp.mcuxpresso.tools.win32_11.7.0.202209140929/tools/bin/../lib/gcc/arm-none-eabi/10.3.1/../../../../arm-none-eabi/lib/thumb/v6-m/nofp\libcr_c.a(initio.o)
                              f:/mcuxpressoide_11.7.0_9198/ide/plugins/com.nxp.mcuxpresso.tools.win32_11.7.0.202209140929/tools/bin/../lib/gcc/arm-none-eabi/10.3.1/../../../../arm-none-eabi/lib/thumb/v6-m/nofp\libcr_nohost_nf.a(_cr__main.o) (_initio)
f:/mcuxpressoide_11.7.0_9198/ide/plugins/com.nxp.mcuxpresso.tools.win32_11.7.0.202209140929/tools/bin/../lib/gcc/arm-none-eabi/10.3.1/../../../../arm-none-eabi/lib/thumb/v6-m/nofp\libcr_c.a(scanf.o)
                              ./utilities/fsl_str.o (strtoul)
f:/mcuxpressoide_11.7.0_9198/ide/plugins/com.nxp.mcuxpresso.tools.win32_11.7.0.202209140929/tools/bin/../lib/gcc/arm-none-eabi/10.3.1/../../../../arm-none-eabi/lib/thumb/v6-m/nofp\libcr_c.a(setvbuf.o)
                              f:/mcuxpressoide_11.7.0_9198/ide/plugins/com.nxp.mcuxpresso.tools.win32_11.7.0.202209140929/tools/bin/../lib/gcc/arm-none-eabi/10.3.1/../../../../arm-none-eabi/lib/thumb/v6-m/nofp\libcr_c.a(initio.o) (setvbuf)
f:/mcuxpressoide_11.7.0_9198/ide/plugins/com.nxp.mcuxpresso.tools.win32_11.7.0.202209140929/tools/bin/../lib/gcc/arm-none-eabi/10.3.1/../../../../arm-none-eabi/lib/thumb/v6-m/nofp\libcr_c.a(stdlib.o)
                              ./source/Speed_Direction/SpeedDirection.o (abs)
f:/mcuxpressoide_11.7.0_9198/ide/plugins/com.nxp.mcuxpresso.tools.win32_11.7.0.202209140929/tools/bin/../lib/gcc/arm-none-eabi/10.3.1/../../../../arm-none-eabi/lib/thumb/v6-m/nofp\libcr_c.a(strlen.o)
                              ./utilities/fsl_debug_console.o (strlen)
f:/mcuxpressoide_11.7.0_9198/ide/plugins/com.nxp.mcuxpresso.tools.win32_11.7.0.202209140929/tools/bin/../lib/gcc/arm-none-eabi/10.3.1/../../../../arm-none-eabi/lib/thumb/v6-m/nofp\libcr_c.a(ungetc.o)
                              f:/mcuxpressoide_11.7.0_9198/ide/plugins/com.nxp.mcuxpresso.tools.win32_11.7.0.202209140929/tools/bin/../lib/gcc/arm-none-eabi/10.3.1/../../../../arm-none-eabi/lib/thumb/v6-m/nofp\libcr_c.a(scanf.o) (ungetc)
f:/mcuxpressoide_11.7.0_9198/ide/plugins/com.nxp.mcuxpresso.tools.win32_11.7.0.202209140929/tools/bin/../lib/gcc/arm-none-eabi/10.3.1/../../../../arm-none-eabi/lib/thumb/v6-m/nofp\libcr_c.a(__fillbuf.o)
                              f:/mcuxpressoide_11.7.0_9198/ide/plugins/com.nxp.mcuxpresso.tools.win32_11.7.0.202209140929/tools/bin/../lib/gcc/arm-none-eabi/10.3.1/../../../../arm-none-eabi/lib/thumb/v6-m/nofp\libcr_c.a(scanf.o) (__filbuf)
f:/mcuxpressoide_11.7.0_9198/ide/plugins/com.nxp.mcuxpresso.tools.win32_11.7.0.202209140929/tools/bin/../lib/gcc/arm-none-eabi/10.3.1/../../../../arm-none-eabi/lib/thumb/v6-m/nofp\libcr_c.a(__init_alloc.o)
                              f:/mcuxpressoide_11.7.0_9198/ide/plugins/com.nxp.mcuxpresso.tools.win32_11.7.0.202209140929/tools/bin/../lib/gcc/arm-none-eabi/10.3.1/../../../../arm-none-eabi/lib/thumb/v6-m/nofp\libcr_c.a(alloc.o) (__heaps)
f:/mcuxpressoide_11.7.0_9198/ide/plugins/com.nxp.mcuxpresso.tools.win32_11.7.0.202209140929/tools/bin/../lib/gcc/arm-none-eabi/10.3.1/../../../../arm-none-eabi/lib/thumb/v6-m/nofp\libcr_c.a(_cr_sbrk.o)
[...]
Memory Configuration

Name             Origin             Length             Attributes
PROGRAM_FLASH    0x00000000         0x00010000         xr
SRAM             0x10000000         0x00003fe0         xrw
IAP_SRAM         0x10003fe0         0x00000020         xrw
*default*        0x00000000         0xffffffff

Linker script and memory map

LOAD ./utilities/fsl_assert.o
LOAD ./utilities/fsl_debug_console.o
LOAD ./utilities/fsl_str.o
LOAD ./startup/startup_lpc845.o
LOAD ./source/Speed_Direction/SpeedDirection.o
LOAD ./source/Dist/Measure.o
LOAD ./source/Dist/UH_HCSR-04.o
LOAD ./source/SysTimer.o
LOAD ./source/fixSpeed.o
LOAD ./source/kisauto.o
LOAD ./source/letsdothis.o
LOAD ./source/mtb.o
LOAD ./source/semihost_hardfault.o
LOAD ./source/sys.o
LOAD ./source/timeBetween.o
LOAD ./drivers/fsl_clock.o
LOAD ./drivers/fsl_common.o
LOAD ./drivers/fsl_common_arm.o
LOAD ./drivers/fsl_ctimer.o
LOAD ./drivers/fsl_gpio.o
LOAD ./drivers/fsl_power.o
LOAD ./drivers/fsl_reset.o
LOAD ./drivers/fsl_sctimer.o
LOAD ./drivers/fsl_swm.o
LOAD ./drivers/fsl_usart.o
LOAD ./device/system_LPC845.o
LOAD ./component/uart/fsl_adapter_miniusart.o
LOAD ./board/board.o
LOAD ./board/clock_config.o
LOAD ./board/peripherals.o
LOAD ./board/pin_mux.o
START GROUP
LOAD f:/mcuxpressoide_11.7.0_9198/ide/plugins/com.nxp.mcuxpresso.tools.win32_11.7.0.202209140929/tools/bin/../lib/gcc/arm-none-eabi/10.3.1/../../../../arm-none-eabi/lib/thumb/v6-m/nofp\libcr_nohost_nf.a
LOAD f:/mcuxpressoide_11.7.0_9198/ide/plugins/com.nxp.mcuxpresso.tools.win32_11.7.0.202209140929/tools/bin/../lib/gcc/arm-none-eabi/10.3.1/../../../../arm-none-eabi/lib/thumb/v6-m/nofp\libcr_c.a
LOAD f:/mcuxpressoide_11.7.0_9198/ide/plugins/com.nxp.mcuxpresso.tools.win32_11.7.0.202209140929/tools/bin/../lib/gcc/arm-none-eabi/10.3.1/thumb/v6-m/nofp\libcr_eabihelpers.a
LOAD f:/mcuxpressoide_11.7.0_9198/ide/plugins/com.nxp.mcuxpresso.tools.win32_11.7.0.202209140929/tools/bin/../lib/gcc/arm-none-eabi/10.3.1/thumb/v6-m/nofp\libgcc.a
END GROUP
                0x00000000                __base_PROGRAM_FLASH = 0x0
                0x00000000                __base_Flash = 0x0
                0x00010000                __top_PROGRAM_FLASH = 0x10000
                0x00010000                __top_Flash = 0x10000
                0x10000000                __base_SRAM = 0x10000000
                0x10000000                __base_RAM = 0x10000000
                0x10003fe0                __top_SRAM = 0x10003fe0
                0x10003fe0                __top_RAM = 0x10003fe0
                0x10003fe0                __base_IAP_SRAM = 0x10003fe0
                0x10003fe0                __base_RAM2 = 0x10003fe0
                0x10004000                __top_IAP_SRAM = 0x10004000
                0x10004000                __top_RAM2 = 0x10004000

.text           0x00000000     0x5da8
 FILL mask 0xff
                0x00000000                __vectors_start__ = ABSOLUTE (.)
 *(SORT_BY_ALIGNMENT(.isr_vector))
 .isr_vector    0x00000000       0xc0 ./startup/startup_lpc845.o
                0x00000000                g_pfnVectors
                0x00000000                __Vectors
                0x000000c0                . = ALIGN (0x4)
                0x000000c0                __section_table_start = .
                0x000000c0                __data_section_table = .
                0x000000c0        0x4 LONG 0x5da8 LOADADDR (.data)
                0x000000c4        0x4 LONG 0x10000080 ADDR (.data)
                0x000000c8        0x4 LONG 0x2c SIZEOF (.data)
                0x000000cc        0x4 LONG 0x5da8 LOADADDR (.data_RAM2)
                0x000000d0        0x4 LONG 0x10003fe0 ADDR (.data_RAM2)
                0x000000d4        0x4 LONG 0x0 SIZEOF (.data_RAM2)
                0x000000d8                __data_section_table_end = .
                0x000000d8                __bss_section_table = .
                0x000000d8        0x4 LONG 0x100000ac ADDR (.bss)
                0x000000dc        0x4 LONG 0x22c SIZEOF (.bss)
                0x000000e0        0x4 LONG 0x10003fe0 ADDR (.bss_RAM2)
                0x000000e4        0x4 LONG 0x0 SIZEOF (.bss_RAM2)
                0x000000e8                __bss_section_table_end = .
                0x000000e8                __section_table_end = .
 *(SORT_BY_ALIGNMENT(.after_vectors*))
 .after_vectors.reset
                0x000000e8       0x54 ./startup/startup_lpc845.o
                0x000000e8                ResetISR
 .after_vectors.init_data
                0x0000013c       0x12 ./startup/startup_lpc845.o
                0x0000013c                data_init
 .after_vectors.init_bss
                0x0000014e       0x10 ./startup/startup_lpc845.o
                0x0000014e                bss_init
 .after_vectors
                0x0000015e      0x10c ./startup/startup_lpc845.o
                0x0000015e                NMI_Handler
                0x00000162                SVC_Handler
                0x00000164                PendSV_Handler
                0x00000168                BOD_DriverIRQHandler
                0x00000168                SPI1_DriverIRQHandler
                0x00000168                PIN_INT1_DriverIRQHandler
                0x00000168                I2C0_DriverIRQHandler
                0x00000168                DMA0_DriverIRQHandler
                0x00000168                ADC0_OVR_DriverIRQHandler
                0x00000168                WDT_DriverIRQHandler
                0x00000168                I2C3_DriverIRQHandler
                0x00000168                I2C1_DriverIRQHandler
                0x00000168                PIN_INT3_DriverIRQHandler
                0x00000168                PIN_INT5_DAC1_DriverIRQHandler
                0x00000168                PIN_INT2_DriverIRQHandler
                0x00000168                ADC0_SEQB_DriverIRQHandler
                0x00000168                I2C2_DriverIRQHandler
                0x00000168                PIN_INT0_DriverIRQHandler
                0x00000168                FLASH_DriverIRQHandler
                0x00000168                ADC0_THCMP_DriverIRQHandler
                0x00000168                IntDefaultHandler
                0x00000168                SPI0_DriverIRQHandler
                0x00000168                WKT_DriverIRQHandler
                0x00000168                DAC0_DriverIRQHandler
                0x00000168                MRT0_DriverIRQHandler
                0x00000168                PIN_INT4_DriverIRQHandler
                0x00000168                ADC0_SEQA_DriverIRQHandler
                0x00000168                CMP_CAPT_DriverIRQHandler
                0x00000168                Reserved22_DriverIRQHandler
                0x0000016a                SPI0_IRQHandler
                0x00000172                SPI1_IRQHandler
                0x0000017a                DAC0_IRQHandler
                0x00000182                USART0_IRQHandler
                0x0000018a                USART1_IRQHandler
                0x00000192                USART2_IRQHandler
                0x0000019a                Reserved22_IRQHandler
                0x000001a2                I2C1_IRQHandler
                0x000001aa                I2C0_IRQHandler
                0x000001b2                SCT0_IRQHandler
                0x000001ba                MRT0_IRQHandler
                0x000001c2                CMP_CAPT_IRQHandler
                0x000001ca                WDT_IRQHandler
                0x000001d2                BOD_IRQHandler
                0x000001da                FLASH_IRQHandler
                0x000001e2                WKT_IRQHandler
                0x000001ea                ADC0_SEQA_IRQHandler
                0x000001f2                ADC0_SEQB_IRQHandler
                0x000001fa                ADC0_THCMP_IRQHandler
                0x00000202                ADC0_OVR_IRQHandler
                0x0000020a                DMA0_IRQHandler
                0x00000212                I2C2_IRQHandler
                0x0000021a                I2C3_IRQHandler
                0x00000222                CTIMER0_IRQHandler
                0x0000022a                PIN_INT0_IRQHandler
                0x00000232                PIN_INT1_IRQHandler
                0x0000023a                PIN_INT2_IRQHandler
                0x00000242                PIN_INT3_IRQHandler
                0x0000024a                PIN_INT4_IRQHandler
                0x00000252                PIN_INT5_DAC1_IRQHandler
                0x0000025a                PIN_INT6_USART3_IRQHandler
                0x00000262                PIN_INT7_USART4_IRQHandler
                0x000002fc                . = 0x2fc
 *fill*         0x0000026a       0x92 ff
                0x000002fc                PROVIDE (__CRP_WORD_START__ = .)
 *(SORT_BY_ALIGNMENT(.crp))
 .crp           0x000002fc        0x4 ./startup/startup_lpc845.o
                0x000002fc                CRP_WORD
                0x00000300                PROVIDE (__CRP_WORD_END__ = .)
                0x00000001                ASSERT (! ((__CRP_WORD_START__ == __CRP_WORD_END__)), Linker CRP Enabled, but no CRP_WORD provided within application)
 *(SORT_BY_ALIGNMENT(.text*))
 .text.__assertion_failed
                0x00000300       0x1c ./utilities/fsl_assert.o
                0x00000300                __assertion_failed
 .text.DbgConsole_Init
                0x0000031c       0xa8 ./utilities/fsl_debug_console.o
                0x0000031c                DbgConsole_Init
 .text.DbgConsole_Vprintf
                0x000003c4       0x40 ./utilities/fsl_debug_console.o
                0x000003c4                DbgConsole_Vprintf
 .text.DbgConsole_Putchar
                0x00000404       0x30 ./utilities/fsl_debug_console.o
                0x00000404                DbgConsole_Putchar
 .text.ctimer0_callback
                0x00000434       0xa8 ./source/Dist/UH_HCSR-04.o
                0x00000434                ctimer0_callback
 .text.rightAverage
                0x000004dc       0x84 ./source/Dist/UH_HCSR-04.o
                0x000004dc                rightAverage
 .text.leftAverage
                0x00000560       0x84 ./source/Dist/UH_HCSR-04.o
                0x00000560                leftAverage
 .text.rightWheel_cb
                0x000005e4       0xd4 ./source/Dist/UH_HCSR-04.o
                0x000005e4                rightWheel_cb
 .text.leftWheel_cb
                0x000006b8       0xd4 ./source/Dist/UH_HCSR-04.o
                0x000006b8                leftWheel_cb
 .text.UH_measure
                0x0000078c      0x12c ./source/Dist/UH_HCSR-04.o
                0x0000078c                UH_measure
 .text.SysTimer_Tou1
                0x000008b8       0x18 ./source/SysTimer.o
                0x000008b8                SysTimer_Tou1
 .text.TimeoutDone1
                0x000008d0       0x18 ./source/SysTimer.o
                0x000008d0                TimeoutDone1
 .text.SysTimer_Tou2
                0x000008e8       0x18 ./source/SysTimer.o
                0x000008e8                SysTimer_Tou2
 .text.SysTimer_Tou3
                0x00000900       0x18 ./source/SysTimer.o
                0x00000900                SysTimer_Tou3
 .text.SysTimer_Tou4
                0x00000918       0x18 ./source/SysTimer.o
                0x00000918                SysTimer_Tou4
 .text.StartTimeout4
                0x00000930       0x28 ./source/SysTimer.o
                0x00000930                StartTimeout4
 .text.TimeoutDone4
                0x00000958       0x18 ./source/SysTimer.o
                0x00000958                TimeoutDone4
 .text.regulateSpeed
                0x00000970       0xb4 ./source/fixSpeed.o
                0x00000970                regulateSpeed
 .text.setDesiredEdgeDelay
                0x00000a24       0x28 ./source/fixSpeed.o
                0x00000a24                setDesiredEdgeDelay
 .text.__NVIC_SetPriority
                0x00000a4c       0xdc ./source/kisauto.o
 .text.SysTick_Config
                0x00000b28       0x48 ./source/kisauto.o
 .text.Init     0x00000b70       0x48 ./source/kisauto.o
                0x00000b70                Init
 .text.main     0x00000bb8       0xa8 ./source/kisauto.o
                0x00000bb8                main
 .text.resetDistances
                0x00000c60       0x74 ./source/letsdothis.o
                0x00000c60                resetDistances
 .text.stop     0x00000cd4       0x80 ./source/letsdothis.o
                0x00000cd4                stop
 .text.set_wheels
                0x00000d54      0x168 ./source/letsdothis.o
                0x00000d54                set_wheels
 .text.rotateOne
                0x00000ebc       0x98 ./source/letsdothis.o
                0x00000ebc                rotateOne
 .text.rotateTo
                0x00000f54      0x14c ./source/letsdothis.o
                0x00000f54                rotateTo
 .text.scan     0x000010a0      0x19c ./source/letsdothis.o
                0x000010a0                scan
 .text.isFarEnough
                0x0000123c       0xec ./source/letsdothis.o
                0x0000123c                isFarEnough
 .text.canGo    0x00001328       0xa0 ./source/letsdothis.o
                0x00001328                canGo
 .text.HardFault_Handler
                0x000013c8       0x30 ./source/semihost_hardfault.o
                0x000013c8                HardFault_Handler
 .text.SysTick_Handler
                0x000013f8       0x34 ./source/sys.o
                0x000013f8                SysTick_Handler
 .text.CLOCK_GetSystemPLLFreq
                0x0000142c       0x20 ./drivers/fsl_clock.o
 .text.CLOCK_GetWdtOscFreq
                0x0000144c       0x14 ./drivers/fsl_clock.o
 .text.CLOCK_GetExtClkFreq
                0x00001460       0x14 ./drivers/fsl_clock.o
 .text.CLOCK_UpdateClkSrc
                0x00001474       0x4c ./drivers/fsl_clock.o
 .text.CLOCK_GetMainClkFreq
                0x000014c0       0x78 ./drivers/fsl_clock.o
                0x000014c0                CLOCK_GetMainClkFreq
 .text.CLOCK_GetFroFreq
                0x00001538       0x78 ./drivers/fsl_clock.o
                0x00001538                CLOCK_GetFroFreq
 .text.CLOCK_GetSystemPLLInClockRate
                0x000015b0       0x64 ./drivers/fsl_clock.o
                0x000015b0                CLOCK_GetSystemPLLInClockRate
 .text.CLOCK_SetMainClkSrc
                0x00001614       0x9c ./drivers/fsl_clock.o
                0x00001614                CLOCK_SetMainClkSrc
 .text.CLOCK_SetFroOutClkSrc
                0x000016b0       0x48 ./drivers/fsl_clock.o
                0x000016b0                CLOCK_SetFroOutClkSrc
 .text.__NVIC_EnableIRQ
                0x000016f8       0x34 ./drivers/fsl_ctimer.o
 .text.CLOCK_EnableClock
                0x0000172c       0x54 ./drivers/fsl_ctimer.o
 .text.CTIMER_GetInstance
                0x00001780       0x50 ./drivers/fsl_ctimer.o
 .text.CTIMER_Init
                0x000017d0       0x68 ./drivers/fsl_ctimer.o
                0x000017d0                CTIMER_Init
 .text.CTIMER_RegisterCallBack
                0x00001838       0x40 ./drivers/fsl_ctimer.o
                0x00001838                CTIMER_RegisterCallBack
 .text.CTIMER_GenericIRQHandler
                0x00001878       0xb0 ./drivers/fsl_ctimer.o
 .text.CLOCK_EnableClock
                0x00001928       0x54 ./drivers/fsl_gpio.o
 .text.GPIO_EnablePortClock
                0x0000197c       0x38 ./drivers/fsl_gpio.o
 .text.RESET_SetPeripheralReset
                0x000019b4       0x70 ./drivers/fsl_reset.o
 .text.RESET_ClearPeripheralReset
                0x00001a24       0x6c ./drivers/fsl_reset.o
 .text.CLOCK_EnableClock
                0x00001a90       0x54 ./drivers/fsl_sctimer.o
 .text.SCTIMER_StartTimer
                0x00001ae4       0xe4 ./drivers/fsl_sctimer.o
 .text.SCTIMER_StopTimer
                0x00001bc8       0xe0 ./drivers/fsl_sctimer.o
 .text.SCTIMER_SetupOutputSetAction
                0x00001ca8       0x48 ./drivers/fsl_sctimer.o
 .text.SCTIMER_SetupOutputClearAction
                0x00001cf0       0x4c ./drivers/fsl_sctimer.o
 .text.SCTIMER_SetupCounterLimitAction
                0x00001d3c       0xc4 ./drivers/fsl_sctimer.o
 .text.SCTIMER_GetInstance
                0x00001e00       0x50 ./drivers/fsl_sctimer.o
 .text.SCTIMER_Init
                0x00001e50      0x148 ./drivers/fsl_sctimer.o
                0x00001e50                SCTIMER_Init
 .text.SCTIMER_SetupPwm
                0x00001f98      0x2dc ./drivers/fsl_sctimer.o
                0x00001f98                SCTIMER_SetupPwm
 .text.SCTIMER_UpdatePwmDutycycle
                0x00002274      0x19c ./drivers/fsl_sctimer.o
                0x00002274                SCTIMER_UpdatePwmDutycycle
 .text.SCTIMER_CreateAndScheduleEvent
                0x00002410      0x248 ./drivers/fsl_sctimer.o
                0x00002410                SCTIMER_CreateAndScheduleEvent
 .text.SCTIMER_EventHandleIRQ
                0x00002658       0x78 ./drivers/fsl_sctimer.o
                0x00002658                SCTIMER_EventHandleIRQ
 .text.SCT0_DriverIRQHandler
                0x000026d0       0x1c ./drivers/fsl_sctimer.o
                0x000026d0                SCT0_DriverIRQHandler
 .text.SWM_SetMovablePinSelect
                0x000026ec       0x98 ./drivers/fsl_swm.o
                0x000026ec                SWM_SetMovablePinSelect
 .text.SWM_SetFixedPinSelect
                0x00002784       0xa0 ./drivers/fsl_swm.o
                0x00002784                SWM_SetFixedPinSelect
 .text.CLOCK_EnableClock
                0x00002824       0x54 ./drivers/fsl_usart.o
 .text.USART_EnableContinuousSCLK
                0x00002878       0x40 ./drivers/fsl_usart.o
 .text.USART_GetInstance
                0x000028b8       0x4c ./drivers/fsl_usart.o
                0x000028b8                USART_GetInstance
 .text.USART_Init
                0x00002904      0x12c ./drivers/fsl_usart.o
                0x00002904                USART_Init
 .text.USART_GetDefaultConfig
                0x00002a30       0x74 ./drivers/fsl_usart.o
                0x00002a30                USART_GetDefaultConfig
 .text.USART_SetBaudRate
                0x00002aa4      0x148 ./drivers/fsl_usart.o
                0x00002aa4                USART_SetBaudRate
 .text.USART_WriteBlocking
                0x00002bec       0x64 ./drivers/fsl_usart.o
                0x00002bec                USART_WriteBlocking
 .text.USART_ReadBlocking
                0x00002c50       0xc0 ./drivers/fsl_usart.o
                0x00002c50                USART_ReadBlocking
 .text.USART0_DriverIRQHandler
                0x00002d10       0x24 ./drivers/fsl_usart.o
                0x00002d10                USART0_DriverIRQHandler
 .text.USART1_DriverIRQHandler
                0x00002d34       0x24 ./drivers/fsl_usart.o
                0x00002d34                USART1_DriverIRQHandler
 .text.USART2_DriverIRQHandler
                0x00002d58       0x24 ./drivers/fsl_usart.o
                0x00002d58                USART2_DriverIRQHandler
 .text.PIN_INT6_USART3_DriverIRQHandler
                0x00002d7c       0x24 ./drivers/fsl_usart.o
                0x00002d7c                PIN_INT6_USART3_DriverIRQHandler
 .text.PIN_INT7_USART4_DriverIRQHandler
                0x00002da0       0x24 ./drivers/fsl_usart.o
                0x00002da0                PIN_INT7_USART4_DriverIRQHandler
 .text.SystemInit
                0x00002dc4       0x3c ./device/system_LPC845.o
                0x00002dc4                SystemInit
 .text.HAL_UartGetStatus
                0x00002e00       0x20 ./component/uart/fsl_adapter_miniusart.o
 .text.HAL_UartInit
                0x00002e20      0x11c ./component/uart/fsl_adapter_miniusart.o
                0x00002e20                HAL_UartInit
 .text.HAL_UartReceiveBlocking
                0x00002f3c       0x78 ./component/uart/fsl_adapter_miniusart.o
                0x00002f3c                HAL_UartReceiveBlocking
 .text.HAL_UartSendBlocking
                0x00002fb4       0x6c ./component/uart/fsl_adapter_miniusart.o
                0x00002fb4                HAL_UartSendBlocking
 .text.CLOCK_Select
                0x00003020       0x38 ./board/board.o
 .text.BOARD_InitDebugConsole
                0x00003058       0x4c ./board/board.o
                0x00003058                BOARD_InitDebugConsole
 .text.CLOCK_Select
                0x000030a4       0x38 ./board/clock_config.o
 .text.CLOCK_SetClkDivider
                0x000030dc       0x30 ./board/clock_config.o
 .text.CLOCK_SetCoreSysClkDiv
                0x0000310c       0x3c ./board/clock_config.o
 .text.CLOCK_SetFroOscFreq
                0x00003148       0x24 ./board/clock_config.o
 .text.POWER_DisablePD
                0x0000316c       0x2c ./board/clock_config.o
 .text.BOARD_BootClockFRO18M
                0x00003198       0x74 ./board/clock_config.o
                0x00003198                BOARD_BootClockFRO18M
 .text.__NVIC_SetPriority
                0x0000320c       0xdc ./board/peripherals.o
 .text.SCTIMER_StartTimer
                0x000032e8       0xe4 ./board/peripherals.o
 .text.CTIMER0_init
                0x000033cc       0x5c ./board/peripherals.o
 .text.SCT0_init
                0x00003428       0xa0 ./board/peripherals.o
 .text.CLOCK_EnableClock
                0x000034c8       0x54 ./board/pin_mux.o
 .text.CLOCK_DisableClock
                0x0000351c       0x58 ./board/pin_mux.o
 .text.BOARD_InitPins
                0x00003574       0x70 ./board/pin_mux.o
                0x00003574                BOARD_InitPins
 .text.BOARD_InitLEDsPins
                0x000035e4       0x9c ./board/pin_mux.o
                0x000035e4                BOARD_InitLEDsPins
 .text.BOARD_InitDEBUG_UARTPins
                0x00003680       0x60 ./board/pin_mux.o
                0x00003680                BOARD_InitDEBUG_UARTPins
 .text.BOARD_InitSWD_DEBUGPins
                0x000036e0       0x80 ./board/pin_mux.o
                0x000036e0                BOARD_InitSWD_DEBUGPins
 .text.BOARD_InitBUTTONsPins
                0x00003760       0x50 ./board/pin_mux.o
                0x00003760                BOARD_InitBUTTONsPins
 .text.BOARD_InitCAPTPins
                0x000037b0       0xa4 ./board/pin_mux.o
                0x000037b0                BOARD_InitCAPTPins
 .text.Board_InitCTIMER0_CAP01
                0x00003854       0x40 ./board/pin_mux.o
                0x00003854                Board_InitCTIMER0_CAP01
 .text.ceilf    0x00003894       0x54 f:/mcuxpressoide_11.7.0_9198/ide/plugins/com.nxp.mcuxpresso.tools.win32_11.7.0.202209140929/tools/bin/../lib/gcc/arm-none-eabi/10.3.1/../../../../arm-none-eabi/lib/thumb/v6-m/nofp\libcr_c.a(ceilf.o)
                0x00003894                ceilf
 .text._initio  0x000038e8       0x7c f:/mcuxpressoide_11.7.0_9198/ide/plugins/com.nxp.mcuxpresso.tools.win32_11.7.0.202209140929/tools/bin/../lib/gcc/arm-none-eabi/10.3.1/../../../../arm-none-eabi/lib/thumb/v6-m/nofp\libcr_c.a(initio.o)
                0x000038e8                _initio
 .text.setvbuf  0x00003964       0x4c f:/mcuxpressoide_11.7.0_9198/ide/plugins/com.nxp.mcuxpresso.tools.win32_11.7.0.202209140929/tools/bin/../lib/gcc/arm-none-eabi/10.3.1/../../../../arm-none-eabi/lib/thumb/v6-m/nofp\libcr_c.a(setvbuf.o)
                0x00003964                setvbuf
 .text.strlen   0x000039b0       0x58 f:/mcuxpressoide_11.7.0_9198/ide/plugins/com.nxp.mcuxpresso.tools.win32_11.7.0.202209140929/tools/bin/../lib/gcc/arm-none-eabi/10.3.1/../../../../arm-none-eabi/lib/thumb/v6-m/nofp\libcr_c.a(strlen.o)
                0x000039b0                strlen
 .text._deferredlazyseek
                0x00003a08       0x40 f:/mcuxpressoide_11.7.0_9198/ide/plugins/com.nxp.mcuxpresso.tools.win32_11.7.0.202209140929/tools/bin/../lib/gcc/arm-none-eabi/10.3.1/../../../../arm-none-eabi/lib/thumb/v6-m/nofp\libcr_c.a(_deferredlazyseek.o)
                0x00003a08                _deferredlazyseek
 .text._fdopen  0x00003a48       0x74 f:/mcuxpressoide_11.7.0_9198/ide/plugins/com.nxp.mcuxpresso.tools.win32_11.7.0.202209140929/tools/bin/../lib/gcc/arm-none-eabi/10.3.1/../../../../arm-none-eabi/lib/thumb/v6-m/nofp\libcr_c.a(_fdopen.o)
                0x00003a48                _fdopen
 .text._fflush  0x00003abc       0x60 f:/mcuxpressoide_11.7.0_9198/ide/plugins/com.nxp.mcuxpresso.tools.win32_11.7.0.202209140929/tools/bin/../lib/gcc/arm-none-eabi/10.3.1/../../../../arm-none-eabi/lib/thumb/v6-m/nofp\libcr_c.a(_fflush.o)
                0x00003abc                _fflush
 .text._Cwritebuf
                0x00003b1c       0x68 f:/mcuxpressoide_11.7.0_9198/ide/plugins/com.nxp.mcuxpresso.tools.win32_11.7.0.202209140929/tools/bin/../lib/gcc/arm-none-eabi/10.3.1/../../../../arm-none-eabi/lib/thumb/v6-m/nofp\libcr_c.a(_writebuf.o)
                0x00003b1c                _Cwritebuf
 .text.fclose   0x00003b84       0x5c f:/mcuxpressoide_11.7.0_9198/ide/plugins/com.nxp.mcuxpresso.tools.win32_11.7.0.202209140929/tools/bin/../lib/gcc/arm-none-eabi/10.3.1/../../../../arm-none-eabi/lib/thumb/v6-m/nofp\libcr_c.a(fclose.o)
                0x00003b84                fclose
 .text.fflush   0x00003be0       0x44 f:/mcuxpressoide_11.7.0_9198/ide/plugins/com.nxp.mcuxpresso.tools.win32_11.7.0.202209140929/tools/bin/../lib/gcc/arm-none-eabi/10.3.1/../../../../arm-none-eabi/lib/thumb/v6-m/nofp\libcr_c.a(fflush.o)
                0x00003be0                fflush
 .text.fseek    0x00003c24       0xf0 f:/mcuxpressoide_11.7.0_9198/ide/plugins/com.nxp.mcuxpresso.tools.win32_11.7.0.202209140929/tools/bin/../lib/gcc/arm-none-eabi/10.3.1/../../../../arm-none-eabi/lib/thumb/v6-m/nofp\libcr_c.a(fseek.o)
                0x00003c24                fseek
 .text.ftell    0x00003d14       0x48 f:/mcuxpressoide_11.7.0_9198/ide/plugins/com.nxp.mcuxpresso.tools.win32_11.7.0.202209140929/tools/bin/../lib/gcc/arm-none-eabi/10.3.1/../../../../arm-none-eabi/lib/thumb/v6-m/nofp\libcr_c.a(ftell.o)
                0x00003d14                ftell
 .text._do_fflush
                0x00003d5c       0x48 f:/mcuxpressoide_11.7.0_9198/ide/plugins/com.nxp.mcuxpresso.tools.win32_11.7.0.202209140929/tools/bin/../lib/gcc/arm-none-eabi/10.3.1/../../../../arm-none-eabi/lib/thumb/v6-m/nofp\libcr_c.a(_do_fflush.o)
                0x00003d5c                _do_fflush
 .text.__aeabi_ddiv
                0x00003da4      0x14c f:/mcuxpressoide_11.7.0_9198/ide/plugins/com.nxp.mcuxpresso.tools.win32_11.7.0.202209140929/tools/bin/../lib/gcc/arm-none-eabi/10.3.1/thumb/v6-m/nofp\libcr_eabihelpers.a(double.o)
                0x00003da4                __aeabi_ddiv
 .text.__aeabi_d2uiz
                0x00003ef0       0x38 f:/mcuxpressoide_11.7.0_9198/ide/plugins/com.nxp.mcuxpresso.tools.win32_11.7.0.202209140929/tools/bin/../lib/gcc/arm-none-eabi/10.3.1/thumb/v6-m/nofp\libcr_eabihelpers.a(double.o)
                0x00003ef0                __aeabi_d2uiz
 .text.__aeabi_fdiv
                0x00003f28       0xe8 f:/mcuxpressoide_11.7.0_9198/ide/plugins/com.nxp.mcuxpresso.tools.win32_11.7.0.202209140929/tools/bin/../lib/gcc/arm-none-eabi/10.3.1/thumb/v6-m/nofp\libcr_eabihelpers.a(float.o)
                0x00003f28                __aeabi_fdiv
 .text.__aeabi_fsub
                0x00004010      0x128 f:/mcuxpressoide_11.7.0_9198/ide/plugins/com.nxp.mcuxpresso.tools.win32_11.7.0.202209140929/tools/bin/../lib/gcc/arm-none-eabi/10.3.1/thumb/v6-m/nofp\libcr_eabihelpers.a(float.o)
                0x00004010                __aeabi_fsub
 .text.__aeabi_fadd
                0x00004138       0xac f:/mcuxpressoide_11.7.0_9198/ide/plugins/com.nxp.mcuxpresso.tools.win32_11.7.0.202209140929/tools/bin/../lib/gcc/arm-none-eabi/10.3.1/thumb/v6-m/nofp\libcr_eabihelpers.a(float.o)
                0x00004138                __aeabi_fadd
 .text.DbgConsole_Printf
                0x000041e4       0x32 ./utilities/fsl_debug_console.o
                0x000041e4                DbgConsole_Printf
 .text.DbgConsole_PrintfPaddingCharacter
                0x00004216       0x48 ./utilities/fsl_debug_console.o
 .text.DbgConsole_ConvertRadixNumToString
                0x0000425e       0xc2 ./utilities/fsl_debug_console.o
 .text.DbgConsole_PrintfFormattedData
                0x00004320      0x3da ./utilities/fsl_debug_console.o
 .text.GPIO_PortSet
                0x000046fa       0x26 ./source/Dist/UH_HCSR-04.o
 .text.GPIO_PortClear
                0x00004720       0x26 ./source/Dist/UH_HCSR-04.o
 .text.CTIMER_GetCaptureValue
                0x00004746       0x26 ./source/Dist/UH_HCSR-04.o
 .text.StartUH_TRG
                0x0000476c       0x20 ./source/Dist/UH_HCSR-04.o
                0x0000476c                StartUH_TRG
 .text.SysTimer_Tou
                0x0000478c       0x34 ./source/SysTimer.o
                0x0000478c                SysTimer_Tou
 .text.StartTimeout
                0x000047c0       0x44 ./source/SysTimer.o
                0x000047c0                StartTimeout
 .text.TimeoutDone
                0x00004804       0x3a ./source/SysTimer.o
                0x00004804                TimeoutDone
 .text.TimeoutExtension
                0x0000483e       0x1a ./source/SysTimer.o
                0x0000483e                TimeoutExtension
 .text.GPIO_PortSet
                0x00004858       0x26 ./source/kisauto.o
 .text.CTIMER_StartTimer
                0x0000487e       0x1c ./source/kisauto.o
 .text.inRangeIndex
                0x0000489a       0x4a ./source/letsdothis.o
                0x0000489a                inRangeIndex
 .text.directionIsGood
                0x000048e4       0xec ./source/letsdothis.o
                0x000048e4                directionIsGood
 .text.between  0x000049d0       0x4a ./source/timeBetween.o
                0x000049d0                between
 .text.EnableIRQ
                0x00004a1a       0x36 ./drivers/fsl_ctimer.o
 .text.CTIMER_GetStatusFlags
                0x00004a50       0x14 ./drivers/fsl_ctimer.o
 .text.CTIMER_ClearStatusFlags
                0x00004a64       0x18 ./drivers/fsl_ctimer.o
 .text.CTIMER_SetupCapture
                0x00004a7c       0xa8 ./drivers/fsl_ctimer.o
                0x00004a7c                CTIMER_SetupCapture
 .text.CTIMER0_DriverIRQHandler
                0x00004b24       0x10 ./drivers/fsl_ctimer.o
                0x00004b24                CTIMER0_DriverIRQHandler
 .text.GPIO_PinInit
                0x00004b34       0xc0 ./drivers/fsl_gpio.o
                0x00004b34                GPIO_PinInit
 .text.RESET_PeripheralReset
                0x00004bf4       0x20 ./drivers/fsl_reset.o
                0x00004bf4                RESET_PeripheralReset
 .text.USART_EnableTx
                0x00004c14       0x46 ./drivers/fsl_usart.o
 .text.USART_EnableRx
                0x00004c5a       0x44 ./drivers/fsl_usart.o
 .text.SystemInitHook
                0x00004c9e        0xa ./device/system_LPC845.o
                0x00004c9e                SystemInitHook
 .text.BOARD_InitBootClocks
                0x00004ca8        0xe ./board/clock_config.o
                0x00004ca8                BOARD_InitBootClocks
 .text.BOARD_InitPeripherals
                0x00004cb6       0x12 ./board/peripherals.o
                0x00004cb6                BOARD_InitPeripherals
 .text.BOARD_InitBootPeripherals
                0x00004cc8        0xe ./board/peripherals.o
                0x00004cc8                BOARD_InitBootPeripherals
 .text.IOCON_PinMuxSet
                0x00004cd6       0x26 ./board/pin_mux.o
 .text.BOARD_InitBootPins
                0x00004cfc       0x26 ./board/pin_mux.o
                0x00004cfc                BOARD_InitBootPins
 .text.__main   0x00004d22        0xc f:/mcuxpressoide_11.7.0_9198/ide/plugins/com.nxp.mcuxpresso.tools.win32_11.7.0.202209140929/tools/bin/../lib/gcc/arm-none-eabi/10.3.1/../../../../arm-none-eabi/lib/thumb/v6-m/nofp\libcr_nohost_nf.a(_cr__main.o)
                0x00004d22                __main
 .text.memcpy   0x00004d2e        0x8 f:/mcuxpressoide_11.7.0_9198/ide/plugins/com.nxp.mcuxpresso.tools.win32_11.7.0.202209140929/tools/bin/../lib/gcc/arm-none-eabi/10.3.1/../../../../arm-none-eabi/lib/thumb/v6-m/nofp\libcr_c.a(memcpy.o)
                0x00004d2e                memcpy
 .text.memset   0x00004d36        0x8 f:/mcuxpressoide_11.7.0_9198/ide/plugins/com.nxp.mcuxpresso.tools.win32_11.7.0.202209140929/tools/bin/../lib/gcc/arm-none-eabi/10.3.1/../../../../arm-none-eabi/lib/thumb/v6-m/nofp\libcr_c.a(memset.o)
                0x00004d36                memset
 .text.free     0x00004d3e       0x2c f:/mcuxpressoide_11.7.0_9198/ide/plugins/com.nxp.mcuxpresso.tools.win32_11.7.0.202209140929/tools/bin/../lib/gcc/arm-none-eabi/10.3.1/../../../../arm-none-eabi/lib/thumb/v6-m/nofp\libcr_c.a(alloc.o)
                0x00004d3e                free
 .text.abs      0x00004d6a        0x8 f:/mcuxpressoide_11.7.0_9198/ide/plugins/com.nxp.mcuxpresso.tools.win32_11.7.0.202209140929/tools/bin/../lib/gcc/arm-none-eabi/10.3.1/../../../../arm-none-eabi/lib/thumb/v6-m/nofp\libcr_c.a(stdlib.o)
                0x00004d6a                abs
 .text.remove   0x00004d72       0x12 f:/mcuxpressoide_11.7.0_9198/ide/plugins/com.nxp.mcuxpresso.tools.win32_11.7.0.202209140929/tools/bin/../lib/gcc/arm-none-eabi/10.3.1/../../../../arm-none-eabi/lib/thumb/v6-m/nofp\libcr_c.a(remove.o)
                0x00004d72                remove
 .text.__aeabi_division_idivmod
                0x00004d84       0x78 f:/mcuxpressoide_11.7.0_9198/ide/plugins/com.nxp.mcuxpresso.tools.win32_11.7.0.202209140929/tools/bin/../lib/gcc/arm-none-eabi/10.3.1/thumb/v6-m/nofp\libcr_eabihelpers.a(division_32.o)
                0x00004d84                __aeabi_idivmod
                0x00004d84                __aeabi_idiv
                0x00004d8a                __aeabi_uidivmod
                0x00004d8a                __aeabi_uidiv
 .text.__aeabi_division_uldivmod
                0x00004dfc       0x5a f:/mcuxpressoide_11.7.0_9198/ide/plugins/com.nxp.mcuxpresso.tools.win32_11.7.0.202209140929/tools/bin/../lib/gcc/arm-none-eabi/10.3.1/thumb/v6-m/nofp\libcr_eabihelpers.a(division_64.o)
                0x00004dfc                __aeabi_uldivmod
 .text.__aeabi_division_idiv0
                0x00004e56        0x2 f:/mcuxpressoide_11.7.0_9198/ide/plugins/com.nxp.mcuxpresso.tools.win32_11.7.0.202209140929/tools/bin/../lib/gcc/arm-none-eabi/10.3.1/thumb/v6-m/nofp\libcr_eabihelpers.a(division_idiv0.o)
                0x00004e56                __aeabi_idiv0
 .text.__bhs_ui2d
                0x00004e58       0x5e f:/mcuxpressoide_11.7.0_9198/ide/plugins/com.nxp.mcuxpresso.tools.win32_11.7.0.202209140929/tools/bin/../lib/gcc/arm-none-eabi/10.3.1/thumb/v6-m/nofp\libcr_eabihelpers.a(double.o)
                0x00004e58                __bhs_ui2d
 .text.__aeabi_ui2d
                0x00004eb6        0xc f:/mcuxpressoide_11.7.0_9198/ide/plugins/com.nxp.mcuxpresso.tools.win32_11.7.0.202209140929/tools/bin/../lib/gcc/arm-none-eabi/10.3.1/thumb/v6-m/nofp\libcr_eabihelpers.a(double.o)
                0x00004eb6                __aeabi_ui2d
 .text.__aeabi_f2uiz
                0x00004ec2       0x2a f:/mcuxpressoide_11.7.0_9198/ide/plugins/com.nxp.mcuxpresso.tools.win32_11.7.0.202209140929/tools/bin/../lib/gcc/arm-none-eabi/10.3.1/thumb/v6-m/nofp\libcr_eabihelpers.a(float.o)
                0x00004ec2                __aeabi_f2uiz
 .text.__bhs_ui2f
                0x00004eec       0x60 f:/mcuxpressoide_11.7.0_9198/ide/plugins/com.nxp.mcuxpresso.tools.win32_11.7.0.202209140929/tools/bin/../lib/gcc/arm-none-eabi/10.3.1/thumb/v6-m/nofp\libcr_eabihelpers.a(float.o)
                0x00004eec                __bhs_ui2f
 .text.__aeabi_ui2f
                0x00004f4c        0xc f:/mcuxpressoide_11.7.0_9198/ide/plugins/com.nxp.mcuxpresso.tools.win32_11.7.0.202209140929/tools/bin/../lib/gcc/arm-none-eabi/10.3.1/thumb/v6-m/nofp\libcr_eabihelpers.a(float.o)
                0x00004f4c                __aeabi_ui2f
 .text.__aeabi_fcmpeq
                0x00004f58       0x20 f:/mcuxpressoide_11.7.0_9198/ide/plugins/com.nxp.mcuxpresso.tools.win32_11.7.0.202209140929/tools/bin/../lib/gcc/arm-none-eabi/10.3.1/thumb/v6-m/nofp\libcr_eabihelpers.a(float.o)
                0x00004f58                __aeabi_fcmpeq
 .text.__aeabi_llong_lmul
                0x00004f78       0x2e f:/mcuxpressoide_11.7.0_9198/ide/plugins/com.nxp.mcuxpresso.tools.win32_11.7.0.202209140929/tools/bin/../lib/gcc/arm-none-eabi/10.3.1/thumb/v6-m/nofp\libcr_eabihelpers.a(llong.o)
                0x00004f78                __aeabi_lmul
 .text.__aeabi_memcpy
                0x00004fa6       0x2c f:/mcuxpressoide_11.7.0_9198/ide/plugins/com.nxp.mcuxpresso.tools.win32_11.7.0.202209140929/tools/bin/../lib/gcc/arm-none-eabi/10.3.1/thumb/v6-m/nofp\libcr_eabihelpers.a(memcpy.o)
                0x00004fa6                __aeabi_memcpy4
                0x00004fa6                __aeabi_memcpy8
                0x00004fa6                __aeabi_memcpy
 .text.__aeabi_memset_lowlevel
                0x00004fd2       0x2a f:/mcuxpressoide_11.7.0_9198/ide/plugins/com.nxp.mcuxpresso.tools.win32_11.7.0.202209140929/tools/bin/../lib/gcc/arm-none-eabi/10.3.1/thumb/v6-m/nofp\libcr_eabihelpers.a(memcpy.o)
                0x00004fd2                __aeabi_lowlevel_memset
 .text.__sys_close
                0x00004ffc        0x6 f:/mcuxpressoide_11.7.0_9198/ide/plugins/com.nxp.mcuxpresso.tools.win32_11.7.0.202209140929/tools/bin/../lib/gcc/arm-none-eabi/10.3.1/../../../../arm-none-eabi/lib/thumb/v6-m/nofp\libcr_nohost_nf.a(__sys_close.o)
                0x00004ffc                __sys_close
 .text.__sys_flen
                0x00005002        0x6 f:/mcuxpressoide_11.7.0_9198/ide/plugins/com.nxp.mcuxpresso.tools.win32_11.7.0.202209140929/tools/bin/../lib/gcc/arm-none-eabi/10.3.1/../../../../arm-none-eabi/lib/thumb/v6-m/nofp\libcr_nohost_nf.a(__sys_flen.o)
                0x00005002                __sys_flen
 .text.__sys_istty
                0x00005008        0x6 f:/mcuxpressoide_11.7.0_9198/ide/plugins/com.nxp.mcuxpresso.tools.win32_11.7.0.202209140929/tools/bin/../lib/gcc/arm-none-eabi/10.3.1/../../../../arm-none-eabi/lib/thumb/v6-m/nofp\libcr_nohost_nf.a(__sys_istty.o)
                0x00005008                __sys_istty
 .text.__sys_remove
                0x0000500e        0x6 f:/mcuxpressoide_11.7.0_9198/ide/plugins/com.nxp.mcuxpresso.tools.win32_11.7.0.202209140929/tools/bin/../lib/gcc/arm-none-eabi/10.3.1/../../../../arm-none-eabi/lib/thumb/v6-m/nofp\libcr_nohost_nf.a(__sys_remove.o)
                0x0000500e                __sys_remove
 .text.__sys_seek
                0x00005014        0x6 f:/mcuxpressoide_11.7.0_9198/ide/plugins/com.nxp.mcuxpresso.tools.win32_11.7.0.202209140929/tools/bin/../lib/gcc/arm-none-eabi/10.3.1/../../../../arm-none-eabi/lib/thumb/v6-m/nofp\libcr_nohost_nf.a(__sys_seek.o)
                0x00005014                __sys_seek
 .text.__sys_tmpnam
                0x0000501a        0x6 f:/mcuxpressoide_11.7.0_9198/ide/plugins/com.nxp.mcuxpresso.tools.win32_11.7.0.202209140929/tools/bin/../lib/gcc/arm-none-eabi/10.3.1/../../../../arm-none-eabi/lib/thumb/v6-m/nofp\libcr_nohost_nf.a(__sys_tmpnam.o)
                0x0000501a                __sys_tmpnam
 .text.__sys_write
                0x00005020        0x4 f:/mcuxpressoide_11.7.0_9198/ide/plugins/com.nxp.mcuxpresso.tools.win32_11.7.0.202209140929/tools/bin/../lib/gcc/arm-none-eabi/10.3.1/../../../../arm-none-eabi/lib/thumb/v6-m/nofp\libcr_nohost_nf.a(__sys_write.o)
                0x00005020                __sys_write
 *(SORT_BY_ALIGNMENT(.rodata) SORT_BY_ALIGNMENT(.rodata.*) SORT_BY_ALIGNMENT(.constdata) SORT_BY_ALIGNMENT(.constdata.*))
 .rodata.__assertion_failed.str1.4
                0x00005024       0x14 ./utilities/fsl_assert.o
 .rodata.main.str1.4
                0x00005038       0x2d ./source/kisauto.o
 *fill*         0x00005065        0x3 ff
 .rodata.CLOCK_UpdateClkSrc.str1.4
                0x00005068       0x17 ./drivers/fsl_clock.o
 *fill*         0x0000507f        0x1 ff
 .rodata.CTIMER_GetInstance.str1.4
                0x00005080       0x2e ./drivers/fsl_ctimer.o
 *fill*         0x000050ae        0x2 ff
 .rodata.CTIMER_Init.str1.4
                0x000050b0       0x22 ./drivers/fsl_ctimer.o
 *fill*         0x000050d2        0x2 ff
 .rodata.s_gpioClockName
                0x000050d4        0x4 ./drivers/fsl_gpio.o
 .rodata.GPIO_EnablePortClock.str1.4
                0x000050d8       0x33 ./drivers/fsl_gpio.o
 *fill*         0x0000510b        0x1 ff
 .rodata.RESET_SetPeripheralReset.str1.4
                0x0000510c       0x1f ./drivers/fsl_reset.o
 *fill*         0x0000512b        0x1 ff
 .rodata.RESET_ClearPeripheralReset.str1.4
                0x0000512c       0x1f ./drivers/fsl_reset.o
 .rodata.SCTIMER_StartTimer.str1.4
                0x0000514b       0x1f ./drivers/fsl_sctimer.o
                                0x12a (size before relaxing)
 *fill*         0x0000514b        0x1 ff
 .rodata.SCTIMER_StopTimer.str1.4
                0x0000514c      0x12a ./drivers/fsl_sctimer.o
 *fill*         0x00005276        0x2 ff
 .rodata.SCTIMER_SetupOutputSetAction.str1.4
                0x00005278       0x4a ./drivers/fsl_sctimer.o
 *fill*         0x000052c2        0x2 ff
 .rodata.SCTIMER_SetupOutputClearAction.str1.4
                0x000052c4       0x4a ./drivers/fsl_sctimer.o
 *fill*         0x0000530e        0x2 ff
 .rodata.SCTIMER_SetupCounterLimitAction.str1.4
                0x00005310       0xc9 ./drivers/fsl_sctimer.o
 *fill*         0x000053d9        0x3 ff
 .rodata.SCTIMER_GetInstance.str1.4
                0x000053dc       0x2c ./drivers/fsl_sctimer.o
 .rodata.SCTIMER_Init.str1.4
                0x00005408       0x23 ./drivers/fsl_sctimer.o
 *fill*         0x0000542b        0x1 ff
 .rodata.SCTIMER_SetupPwm.str1.4
                0x0000542c      0x119 ./drivers/fsl_sctimer.o
 *fill*         0x00005545        0x3 ff
 .rodata.SCTIMER_UpdatePwmDutycycle.str1.4
                0x00005548       0xc5 ./drivers/fsl_sctimer.o
 *fill*         0x0000560d        0x3 ff
 .rodata.SWM_SetMovablePinSelect.str1.4
                0x00005610       0x49 ./drivers/fsl_swm.o
 *fill*         0x00005659        0x3 ff
 .rodata.SWM_SetFixedPinSelect.str1.4
                0x0000565c       0x1d ./drivers/fsl_swm.o
 *fill*         0x00005679        0x3 ff
 .rodata.s_usartBaseAddrs
                0x0000567c       0x14 ./drivers/fsl_usart.o
 .rodata.s_usartClock
                0x00005690        0xa ./drivers/fsl_usart.o
 *fill*         0x0000569a        0x2 ff
 .rodata.s_usartRest
                0x0000569c       0x14 ./drivers/fsl_usart.o
 .rodata.USART_GetInstance.str1.4
                0x000056b0       0x3b ./drivers/fsl_usart.o
 *fill*         0x000056eb        0x1 ff
 .rodata.USART_Init.str1.4
                0x000056ec       0x4f ./drivers/fsl_usart.o
 *fill*         0x0000573b        0x1 ff
 .rodata.USART_GetDefaultConfig.str1.4
                0x0000573c       0x21 ./drivers/fsl_usart.o
 *fill*         0x0000575d        0x3 ff
 .rodata.USART_SetBaudRate.str1.4
                0x00005760       0x8f ./drivers/fsl_usart.o
 *fill*         0x000057ef        0x1 ff
 .rodata.USART_WriteBlocking.str1.4
                0x000057f0       0x36 ./drivers/fsl_usart.o
 *fill*         0x00005826        0x2 ff
 .rodata.USART_ReadBlocking.str1.4
                0x00005828       0x36 ./drivers/fsl_usart.o
 *fill*         0x0000585e        0x2 ff
 .rodata.s_UsartAdapterBase
                0x00005860       0x14 ./component/uart/fsl_adapter_miniusart.o
 .rodata.HAL_UartInit.str1.4
                0x00005874       0xfb ./component/uart/fsl_adapter_miniusart.o
 *fill*         0x0000596f        0x1 ff
 .rodata.HAL_UartReceiveBlocking.str1.4
                0x00005970       0x71 ./component/uart/fsl_adapter_miniusart.o
 *fill*         0x000059e1        0x3 ff
 .rodata.HAL_UartSendBlocking.str1.4
                0x000059e4       0x71 ./component/uart/fsl_adapter_miniusart.o
 *fill*         0x00005a55        0x3 ff
 .rodata.BOARD_InitDebugConsole.str1.4
                0x00005a58       0x27 ./board/board.o
 *fill*         0x00005a7f        0x1 ff
 .rodata.CLOCK_SetCoreSysClkDiv.str1.4
                0x00005a80       0x66 ./board/clock_config.o
 *fill*         0x00005ae6        0x2 ff
 .rodata.SCTIMER_StartTimer.str1.4
                0x00005ae8      0x292 ./board/peripherals.o
 *fill*         0x00005d7a        0x2 ff
 .rodata.CTIMER0_config
                0x00005d7c        0x8 ./board/peripherals.o
                0x00005d7c                CTIMER0_config
 .rodata.SCT0_initConfig
                0x00005d84        0x9 ./board/peripherals.o
                0x00005d84                SCT0_initConfig
 *fill*         0x00005d8d        0x3 ff
 .rodata.SCT0_pwmSignalsConfig
                0x00005d90        0xc ./board/peripherals.o
                0x00005d90                SCT0_pwmSignalsConfig
 .rodata        0x00005d9c        0x2 ./board/pin_mux.o
 *fill*         0x00005d9e        0x2 ff
 .rodata.__num_Ciob_streams
                0x00005da0        0x4 f:/mcuxpressoide_11.7.0_9198/ide/plugins/com.nxp.mcuxpresso.tools.win32_11.7.0.202209140929/tools/bin/../lib/gcc/arm-none-eabi/10.3.1/../../../../arm-none-eabi/lib/thumb/v6-m/nofp\libcr_nohost_nf.a(__ciob.o)
                0x00005da0                __num_Ciob_streams
 .rodata._initio.str1.1
                0x00005da4        0x4 f:/mcuxpressoide_11.7.0_9198/ide/plugins/com.nxp.mcuxpresso.tools.win32_11.7.0.202209140929/tools/bin/../lib/gcc/arm-none-eabi/10.3.1/../../../../arm-none-eabi/lib/thumb/v6-m/nofp\libcr_c.a(initio.o)
                0x00005da8                . = ALIGN (0x4)

.glue_7         0x00005da8        0x0
 .glue_7        0x00005da8        0x0 linker stubs

.glue_7t        0x00005da8        0x0
 .glue_7t       0x00005da8        0x0 linker stubs

.vfp11_veneer   0x00005da8        0x0
 .vfp11_veneer  0x00005da8        0x0 linker stubs

.v4_bx          0x00005da8        0x0
 .v4_bx         0x00005da8        0x0 linker stubs

.iplt           0x00005da8        0x0
 .iplt          0x00005da8        0x0 ./utilities/fsl_assert.o

.rel.dyn        0x00005da8        0x0
 .rel.iplt      0x00005da8        0x0 ./utilities/fsl_assert.o

.ARM.extab
 *(SORT_BY_ALIGNMENT(.ARM.extab*) SORT_BY_ALIGNMENT(.gnu.linkonce.armextab.*))

.ARM.exidx      0x00005da8        0x0
                0x00005da8                __exidx_start = .
 *(SORT_BY_ALIGNMENT(.ARM.exidx*) SORT_BY_ALIGNMENT(.gnu.linkonce.armexidx.*))
                0x00005da8                __exidx_end = .
                0x00005da8                _etext = .

.mtb_buffer_RAM2
 *(SORT_BY_ALIGNMENT(.mtb.$RAM2*))
 *(SORT_BY_ALIGNMENT(.mtb.$IAP_SRAM*))

.data_RAM2      0x10003fe0        0x0 load address 0x00005da8
 FILL mask 0xff
                [!provide]                PROVIDE (__start_data_RAM2 = .)
                [!provide]                PROVIDE (__start_data_IAP_SRAM = .)
 *(SORT_BY_ALIGNMENT(.ramfunc.$RAM2))
 *(SORT_BY_ALIGNMENT(.ramfunc.$IAP_SRAM))
 *(SORT_BY_ALIGNMENT(.data.$RAM2))
 *(SORT_BY_ALIGNMENT(.data.$IAP_SRAM))
 *(SORT_BY_ALIGNMENT(.data.$RAM2.*))
 *(SORT_BY_ALIGNMENT(.data.$IAP_SRAM.*))
                0x10003fe0                . = ALIGN (0x4)
                [!provide]                PROVIDE (__end_data_RAM2 = .)
                [!provide]                PROVIDE (__end_data_IAP_SRAM = .)

.mtb_buffer_default
                0x10000000       0x80
 *(SORT_BY_ALIGNMENT(.mtb*))
 .mtb.$RAM1     0x10000000       0x80 ./source/mtb.o
                0x10000000                __mtb_buffer__

.uninit_RESERVED
                0x10000080        0x0
                0x10000080                _start_uninit_RESERVED = .
 *(SORT_BY_ALIGNMENT(.bss.$RESERVED*))
                0x10000080                . = ALIGN (0x4)
                0x10000080                _end_uninit_RESERVED = .

.data           0x10000080       0x2c load address 0x00005da8
 FILL mask 0xff
                0x10000080                _data = .
                [!provide]                PROVIDE (__start_data_RAM = .)
                [!provide]                PROVIDE (__start_data_SRAM = .)
 *(SORT_BY_ALIGNMENT(vtable))
 *(SORT_BY_ALIGNMENT(.ramfunc*))
 *(SORT_BY_ALIGNMENT(CodeQuickAccess))
 *(SORT_BY_ALIGNMENT(DataQuickAccess))
 *(SORT_BY_ALIGNMENT(RamFunction))
 *(SORT_BY_ALIGNMENT(.data*))
 .data.u32_pwmCounter
                0x10000080        0x4 ./source/sys.o
                0x10000080                u32_pwmCounter
 .data.SystemCoreClock
                0x10000084        0x4 ./device/system_LPC845.o
                0x10000084                SystemCoreClock
 .data.CTIMER0_callback
                0x10000088       0x20 ./board/peripherals.o
                0x10000088                CTIMER0_callback
 .data.leftSpeed
                0x100000a8        0x1 ./source/fixSpeed.o
                0x100000a8                leftSpeed
 .data.rightSpeed
                0x100000a9        0x1 ./source/fixSpeed.o
                0x100000a9                rightSpeed
                0x100000ac                . = ALIGN (0x4)
 *fill*         0x100000aa        0x2 ff
                0x100000ac                _edata = .
                [!provide]                PROVIDE (__end_data_RAM = .)
                [!provide]                PROVIDE (__end_data_SRAM = .)

.igot.plt       0x100000ac        0x0 load address 0x00005dd4
 .igot.plt      0x100000ac        0x0 ./utilities/fsl_assert.o

.bss_RAM2       0x10003fe0        0x0
                [!provide]                PROVIDE (__start_bss_RAM2 = .)
                [!provide]                PROVIDE (__start_bss_IAP_SRAM = .)
 *(SORT_BY_ALIGNMENT(.bss.$RAM2))
 *(SORT_BY_ALIGNMENT(.bss.$IAP_SRAM))
 *(SORT_BY_ALIGNMENT(.bss.$RAM2.*))
 *(SORT_BY_ALIGNMENT(.bss.$IAP_SRAM.*))
                0x10003fe0                . = ALIGN ((. != 0x0)?0x4:0x1)
                [!provide]                PROVIDE (__end_bss_RAM2 = .)
                [!provide]                PROVIDE (__end_bss_IAP_SRAM = .)

.bss            0x100000ac      0x22c
                0x100000ac                _bss = .
                [!provide]                PROVIDE (__start_bss_RAM = .)
                [!provide]                PROVIDE (__start_bss_SRAM = .)
 *(SORT_BY_ALIGNMENT(.bss*))
 .bss.s_debugConsole
                0x100000ac       0x14 ./utilities/fsl_debug_console.o
 .bss.DistResult
                0x100000c0        0x4 ./source/Dist/UH_HCSR-04.o
 .bss.DistMeasRdy
                0x100000c4        0x4 ./source/Dist/UH_HCSR-04.o
 .bss.cap0      0x100000c8        0x4 ./source/Dist/UH_HCSR-04.o
 .bss.cap1      0x100000cc        0x4 ./source/Dist/UH_HCSR-04.o
 .bss.lastRightCapture
                0x100000d0        0x4 ./source/Dist/UH_HCSR-04.o
                0x100000d0                lastRightCapture
 .bss.lastLeftCapture
                0x100000d4        0x4 ./source/Dist/UH_HCSR-04.o
                0x100000d4                lastLeftCapture
 .bss.rightTimeSinceLast
                0x100000d8        0x4 ./source/Dist/UH_HCSR-04.o
                0x100000d8                rightTimeSinceLast
 .bss.leftTimeSinceLast
                0x100000dc        0x4 ./source/Dist/UH_HCSR-04.o
                0x100000dc                leftTimeSinceLast
 .bss.rightBuffer
                0x100000e0       0x28 ./source/Dist/UH_HCSR-04.o
                0x100000e0                rightBuffer
 .bss.leftBuffer
                0x10000108       0x28 ./source/Dist/UH_HCSR-04.o
                0x10000108                leftBuffer
 .bss.Tou1      0x10000130        0x4 ./source/SysTimer.o
 .bss.Tou2      0x10000134        0x4 ./source/SysTimer.o
 .bss.Tou3      0x10000138        0x4 ./source/SysTimer.o
 .bss.Tou4      0x1000013c        0x4 ./source/SysTimer.o
 .bss.desiredEdgeDelayLeft
                0x10000140        0x4 ./source/fixSpeed.o
                0x10000140                desiredEdgeDelayLeft
 .bss.desiredEdgeDelayRight
                0x10000144        0x4 ./source/fixSpeed.o
                0x10000144                desiredEdgeDelayRight
 .bss.distances
                0x10000148       0x5a ./source/letsdothis.o
                0x10000148                distances
 *fill*         0x100001a2        0x2 
 .bss.g_systickCounter
                0x100001a4        0x4 ./source/sys.o
                0x100001a4                g_systickCounter
 .bss.g_Ext_Clk_Freq
                0x100001a8        0x4 ./drivers/fsl_clock.o
                0x100001a8                g_Ext_Clk_Freq
 .bss.g_Wdt_Osc_Freq
                0x100001ac        0x4 ./drivers/fsl_clock.o
                0x100001ac                g_Wdt_Osc_Freq
 .bss.s_ctimerCallback
                0x100001b0        0x4 ./drivers/fsl_ctimer.o
 .bss.ctimerCallbackType
                0x100001b4        0x1 ./drivers/fsl_ctimer.o
 *fill*         0x100001b5        0x3 
 .bss.s_eventCallback
                0x100001b8       0x20 ./drivers/fsl_sctimer.o
 .bss.s_currentEvent
                0x100001d8        0x4 ./drivers/fsl_sctimer.o
 .bss.s_currentState
                0x100001dc        0x4 ./drivers/fsl_sctimer.o
 .bss.s_currentMatch
                0x100001e0        0x4 ./drivers/fsl_sctimer.o
 .bss.s_currentMatchhigh
                0x100001e4        0x4 ./drivers/fsl_sctimer.o
 .bss.s_sctimerIsr
                0x100001e8        0x4 ./drivers/fsl_sctimer.o
 .bss.s_usartHandle
                0x100001ec       0x14 ./drivers/fsl_usart.o
 .bss.s_usartIsr
                0x10000200        0x4 ./drivers/fsl_usart.o
 .bss.SCT0_pwmEvent
                0x10000204       0x10 ./board/peripherals.o
                0x10000204                SCT0_pwmEvent
 .bss.errno     0x10000214        0x4 f:/mcuxpressoide_11.7.0_9198/ide/plugins/com.nxp.mcuxpresso.tools.win32_11.7.0.202209140929/tools/bin/../lib/gcc/arm-none-eabi/10.3.1/../../../../arm-none-eabi/lib/thumb/v6-m/nofp\libcr_c.a(errno.o)
                0x10000214                errno
 .bss.__Ciob    0x10000218       0xb4 f:/mcuxpressoide_11.7.0_9198/ide/plugins/com.nxp.mcuxpresso.tools.win32_11.7.0.202209140929/tools/bin/../lib/gcc/arm-none-eabi/10.3.1/../../../../arm-none-eabi/lib/thumb/v6-m/nofp\libcr_nohost_nf.a(__ciob.o)
                0x10000218                __Ciob
 .bss.UH_state.0
                0x100002cc        0x2 ./source/Dist/UH_HCSR-04.o
 .bss.weFace    0x100002ce        0x2 ./source/letsdothis.o
                0x100002ce                weFace
 .bss.desiredDirection
                0x100002d0        0x2 ./source/letsdothis.o
                0x100002d0                desiredDirection
 .bss.cnt       0x100002d2        0x1 ./source/Dist/UH_HCSR-04.o
 .bss.rightBufferCurrSize
                0x100002d3        0x1 ./source/Dist/UH_HCSR-04.o
                0x100002d3                rightBufferCurrSize
 .bss.leftBufferCurrSize
                0x100002d4        0x1 ./source/Dist/UH_HCSR-04.o
                0x100002d4                leftBufferCurrSize
 .bss.rightBufferIndex
                0x100002d5        0x1 ./source/Dist/UH_HCSR-04.o
                0x100002d5                rightBufferIndex
 .bss.leftBufferIndex
                0x100002d6        0x1 ./source/Dist/UH_HCSR-04.o
                0x100002d6                leftBufferIndex
 .bss.isGoing   0x100002d7        0x1 ./source/kisauto.o
                0x100002d7                isGoing
 *(SORT_BY_ALIGNMENT(COMMON))
                0x100002d8                . = ALIGN (0x4)
                0x100002d8                _ebss = .
                [!provide]                PROVIDE (__end_bss_RAM = .)
                [!provide]                PROVIDE (__end_bss_SRAM = .)
                [!provide]                PROVIDE (end = .)

.noinit_RAM2    0x10003fe0        0x0
                [!provide]                PROVIDE (__start_noinit_RAM2 = .)
                [!provide]                PROVIDE (__start_noinit_IAP_SRAM = .)
 *(SORT_BY_ALIGNMENT(.noinit.$RAM2))
 *(SORT_BY_ALIGNMENT(.noinit.$IAP_SRAM))
 *(SORT_BY_ALIGNMENT(.noinit.$RAM2.*))
 *(SORT_BY_ALIGNMENT(.noinit.$IAP_SRAM.*))
                0x10003fe0                . = ALIGN (0x4)
                [!provide]                PROVIDE (__end_noinit_RAM2 = .)
                [!provide]                PROVIDE (__end_noinit_IAP_SRAM = .)

.noinit         0x100002d8        0x0
                0x100002d8                _noinit = .
                [!provide]                PROVIDE (__start_noinit_RAM = .)
                [!provide]                PROVIDE (__start_noinit_SRAM = .)
 *(SORT_BY_ALIGNMENT(.noinit*))
                0x100002d8                . = ALIGN (0x4)
                0x100002d8                _end_noinit = .
                [!provide]                PROVIDE (__end_noinit_RAM = .)
                [!provide]                PROVIDE (__end_noinit_SRAM = .)
                0x000003f8                _HeapSize = 0x3f8

.heap           0x100002d8      0x3f8
                0x100002d8                _pvHeapStart = .
                0x100006d0                . = (. + _HeapSize)
 *fill*         0x100002d8      0x3f8 
                0x100006d0                . = ALIGN (0x4)
                0x100006d0                _pvHeapLimit = .
                0x000003f8                _StackSize = 0x3f8

.heap2stackfill
                0x100006d0      0x3f8
                0x10000ac8                . = (. + _StackSize)
 *fill*         0x100006d0      0x3f8 

.stack          0x10003be8        0x0
                0x10003be8                _vStackBase = .
                0x10003be8                . = ALIGN (0x4)
                0x10003fe0                _vStackTop = (. + _StackSize)
                0xefffaa0f                PROVIDE (__valid_user_code_checksum = (0x0 - (((_vStackTop + (ResetISR + 0x1)) + (DEFINED (NMI_Handler)?NMI_Handler:M0_NMI_Handler + 0x1)) + (DEFINED (HardFault_Handler)?HardFault_Handler:M0_HardFault_Handler + 0x1))))
                0x00000000                _image_start = LOADADDR (.text)
                0x00005dd4                _image_end = (LOADADDR (.data) + SIZEOF (.data))
                0x00005dd4                _image_size = (_image_end - _image_start)
OUTPUT(kisauto.axf elf32-littlearm)
LOAD linker stubs

.debug_info     0x00000000    0x11f51
 .debug_info    0x00000000       0xa3 ./utilities/fsl_assert.o
 .debug_info    0x000000a3     0x1026 ./utilities/fsl_debug_console.o
 .debug_info    0x000010c9      0x4a6 ./startup/startup_lpc845.o
 .debug_info    0x0000156f      0xf6a ./source/Dist/UH_HCSR-04.o
 .debug_info    0x000024d9      0x2f8 ./source/SysTimer.o
 .debug_info    0x000027d1      0x134 ./source/fixSpeed.o
 .debug_info    0x00002905      0xfc1 ./source/kisauto.o
 .debug_info    0x000038c6     0x121b ./source/letsdothis.o
 .debug_info    0x00004ae1       0x53 ./source/mtb.o
 .debug_info    0x00004b34       0x3c ./source/semihost_hardfault.o
 .debug_info    0x00004b70       0xb7 ./source/sys.o
 .debug_info    0x00004c27       0xcc ./source/timeBetween.o
 .debug_info    0x00004cf3     0x11d0 ./drivers/fsl_clock.o
 .debug_info    0x00005ec3     0x171f ./drivers/fsl_ctimer.o
 .debug_info    0x000075e2      0xdb2 ./drivers/fsl_gpio.o
 .debug_info    0x00008394      0x724 ./drivers/fsl_reset.o
 .debug_info    0x00008ab8     0x1c61 ./drivers/fsl_sctimer.o
 .debug_info    0x0000a719      0x71c ./drivers/fsl_swm.o
 .debug_info    0x0000ae35     0x1ba8 ./drivers/fsl_usart.o
 .debug_info    0x0000c9dd      0x77e ./device/system_LPC845.o
 .debug_info    0x0000d15b      0xecb ./component/uart/fsl_adapter_miniusart.o
 .debug_info    0x0000e026      0xc70 ./board/board.o
 .debug_info    0x0000ec96      0xacb ./board/clock_config.o
 .debug_info    0x0000f761     0x170c ./board/peripherals.o
 .debug_info    0x00010e6d     0x10e4 ./board/pin_mux.o

.debug_abbrev   0x00000000     0x2b30
 .debug_abbrev  0x00000000       0x66 ./utilities/fsl_assert.o
 .debug_abbrev  0x00000066      0x281 ./utilities/fsl_debug_console.o
 .debug_abbrev  0x000002e7      0x1ba ./startup/startup_lpc845.o
 .debug_abbrev  0x000004a1      0x261 ./source/Dist/UH_HCSR-04.o
 .debug_abbrev  0x00000702      0x14d ./source/SysTimer.o
 .debug_abbrev  0x0000084f       0xae ./source/fixSpeed.o
 .debug_abbrev  0x000008fd      0x1fd ./source/kisauto.o
 .debug_abbrev  0x00000afa      0x278 ./source/letsdothis.o
 .debug_abbrev  0x00000d72       0x46 ./source/mtb.o
 .debug_abbrev  0x00000db8       0x31 ./source/semihost_hardfault.o
 .debug_abbrev  0x00000de9       0x70 ./source/sys.o
 .debug_abbrev  0x00000e59       0x7a ./source/timeBetween.o
 .debug_abbrev  0x00000ed3      0x2cd ./drivers/fsl_clock.o
 .debug_abbrev  0x000011a0      0x32a ./drivers/fsl_ctimer.o
 .debug_abbrev  0x000014ca      0x1c3 ./drivers/fsl_gpio.o
 .debug_abbrev  0x0000168d      0x15c ./drivers/fsl_reset.o
 .debug_abbrev  0x000017e9      0x359 ./drivers/fsl_sctimer.o
 .debug_abbrev  0x00001b42      0x16e ./drivers/fsl_swm.o
 .debug_abbrev  0x00001cb0      0x316 ./drivers/fsl_usart.o
 .debug_abbrev  0x00001fc6      0x143 ./device/system_LPC845.o
 .debug_abbrev  0x00002109      0x1cb ./component/uart/fsl_adapter_miniusart.o
 .debug_abbrev  0x000022d4      0x188 ./board/board.o
 .debug_abbrev  0x0000245c      0x217 ./board/clock_config.o
 .debug_abbrev  0x00002673      0x24f ./board/peripherals.o
 .debug_abbrev  0x000028c2      0x26e ./board/pin_mux.o

.debug_aranges  0x00000000      0xa40
 .debug_aranges
                0x00000000       0x20 ./utilities/fsl_assert.o
 .debug_aranges
                0x00000020       0x68 ./utilities/fsl_debug_console.o
 .debug_aranges
                0x00000088      0x160 ./startup/startup_lpc845.o
 .debug_aranges
                0x000001e8       0x68 ./source/Dist/UH_HCSR-04.o
 .debug_aranges
                0x00000250       0x98 ./source/SysTimer.o
 .debug_aranges
                0x000002e8       0x28 ./source/fixSpeed.o
 .debug_aranges
                0x00000310       0x48 ./source/kisauto.o
 .debug_aranges
                0x00000358       0x68 ./source/letsdothis.o
 .debug_aranges
                0x000003c0       0x18 ./source/mtb.o
 .debug_aranges
                0x000003d8       0x20 ./source/semihost_hardfault.o
 .debug_aranges
                0x000003f8       0x20 ./source/sys.o
 .debug_aranges
                0x00000418       0x20 ./source/timeBetween.o
 .debug_aranges
                0x00000438      0x100 ./drivers/fsl_clock.o
 .debug_aranges
                0x00000538       0xc0 ./drivers/fsl_ctimer.o
 .debug_aranges
                0x000005f8       0x38 ./drivers/fsl_gpio.o
 .debug_aranges
                0x00000630       0x30 ./drivers/fsl_reset.o
 .debug_aranges
                0x00000660       0xc8 ./drivers/fsl_sctimer.o
 .debug_aranges
                0x00000728       0x28 ./drivers/fsl_swm.o
 .debug_aranges
                0x00000750      0x128 ./drivers/fsl_usart.o
 .debug_aranges
                0x00000878       0x30 ./device/system_LPC845.o
 .debug_aranges
                0x000008a8       0x50 ./component/uart/fsl_adapter_miniusart.o
 .debug_aranges
                0x000008f8       0x28 ./board/board.o
 .debug_aranges
                0x00000920       0x68 ./board/clock_config.o
 .debug_aranges
                0x00000988       0x48 ./board/peripherals.o
 .debug_aranges
                0x000009d0       0x70 ./board/pin_mux.o

.debug_ranges   0x00000000      0x8a8
 .debug_ranges  0x00000000       0x10 ./utilities/fsl_assert.o
 .debug_ranges  0x00000010       0x58 ./utilities/fsl_debug_console.o
 .debug_ranges  0x00000068      0x150 ./startup/startup_lpc845.o
 .debug_ranges  0x000001b8       0x58 ./source/Dist/UH_HCSR-04.o
 .debug_ranges  0x00000210       0x88 ./source/SysTimer.o
 .debug_ranges  0x00000298       0x18 ./source/fixSpeed.o
 .debug_ranges  0x000002b0       0x38 ./source/kisauto.o
 .debug_ranges  0x000002e8       0x58 ./source/letsdothis.o
 .debug_ranges  0x00000340       0x10 ./source/semihost_hardfault.o
 .debug_ranges  0x00000350       0x10 ./source/sys.o
 .debug_ranges  0x00000360       0x10 ./source/timeBetween.o
 .debug_ranges  0x00000370       0xf0 ./drivers/fsl_clock.o
 .debug_ranges  0x00000460       0xb0 ./drivers/fsl_ctimer.o
 .debug_ranges  0x00000510       0x28 ./drivers/fsl_gpio.o
 .debug_ranges  0x00000538       0x20 ./drivers/fsl_reset.o
 .debug_ranges  0x00000558       0xb8 ./drivers/fsl_sctimer.o
 .debug_ranges  0x00000610       0x18 ./drivers/fsl_swm.o
 .debug_ranges  0x00000628      0x118 ./drivers/fsl_usart.o
 .debug_ranges  0x00000740       0x20 ./device/system_LPC845.o
 .debug_ranges  0x00000760       0x40 ./component/uart/fsl_adapter_miniusart.o
 .debug_ranges  0x000007a0       0x18 ./board/board.o
 .debug_ranges  0x000007b8       0x58 ./board/clock_config.o
 .debug_ranges  0x00000810       0x38 ./board/peripherals.o
 .debug_ranges  0x00000848       0x60 ./board/pin_mux.o

.debug_macro    0x00000000     0x95b4
 .debug_macro   0x00000000      0x13b ./utilities/fsl_assert.o
 .debug_macro   0x0000013b      0xa7e ./utilities/fsl_assert.o
 .debug_macro   0x00000bb9       0x10 ./utilities/fsl_assert.o
 .debug_macro   0x00000bc9       0x1c ./utilities/fsl_assert.o
 .debug_macro   0x00000be5       0x22 ./utilities/fsl_assert.o
 .debug_macro   0x00000c07      0x12e ./utilities/fsl_assert.o
 .debug_macro   0x00000d35      0x5b3 ./utilities/fsl_assert.o
 .debug_macro   0x000012e8       0x22 ./utilities/fsl_assert.o
 .debug_macro   0x0000130a       0x10 ./utilities/fsl_assert.o
 .debug_macro   0x0000131a       0x3f ./utilities/fsl_assert.o
 .debug_macro   0x00001359       0x1c ./utilities/fsl_assert.o
 .debug_macro   0x00001375       0x22 ./utilities/fsl_assert.o
 .debug_macro   0x00001397       0xd1 ./utilities/fsl_assert.o
 .debug_macro   0x00001468      0x3ad ./utilities/fsl_assert.o
 .debug_macro   0x00001815       0x22 ./utilities/fsl_assert.o
 .debug_macro   0x00001837     0x58a3 ./utilities/fsl_assert.o
 .debug_macro   0x000070da      0x239 ./utilities/fsl_assert.o
 .debug_macro   0x00007313       0x7a ./utilities/fsl_assert.o
 .debug_macro   0x0000738d       0x96 ./utilities/fsl_assert.o
 .debug_macro   0x00007423      0x125 ./utilities/fsl_assert.o
 .debug_macro   0x00007548       0x16 ./utilities/fsl_assert.o
 .debug_macro   0x0000755e       0x81 ./utilities/fsl_assert.o
 .debug_macro   0x000075df       0x1c ./utilities/fsl_assert.o
 .debug_macro   0x000075fb       0x1c ./utilities/fsl_assert.o
 .debug_macro   0x00007617       0x34 ./utilities/fsl_assert.o
 .debug_macro   0x0000764b      0x16b ./utilities/fsl_debug_console.o
 .debug_macro   0x000077b6       0x16 ./utilities/fsl_debug_console.o
 .debug_macro   0x000077cc       0x10 ./utilities/fsl_debug_console.o
 .debug_macro   0x000077dc       0x28 ./utilities/fsl_debug_console.o
 .debug_macro   0x00007804       0xc4 ./utilities/fsl_debug_console.o
 .debug_macro   0x000078c8       0x16 ./utilities/fsl_debug_console.o
 .debug_macro   0x000078de       0x46 ./utilities/fsl_debug_console.o
 .debug_macro   0x00007924       0x32 ./startup/startup_lpc845.o
 .debug_macro   0x00007956       0x34 ./startup/startup_lpc845.o
 .debug_macro   0x0000798a      0x1f5 ./source/Dist/UH_HCSR-04.o
 .debug_macro   0x00007b7f       0x57 ./source/SysTimer.o
 .debug_macro   0x00007bd6       0x50 ./source/fixSpeed.o
 .debug_macro   0x00007c26      0x1ed ./source/kisauto.o
 .debug_macro   0x00007e13       0xd8 ./source/kisauto.o
 .debug_macro   0x00007eeb      0x1c0 ./source/letsdothis.o
 .debug_macro   0x000080ab       0x2f ./source/mtb.o
 .debug_macro   0x000080da       0x82 ./source/mtb.o
 .debug_macro   0x0000815c       0x10 ./source/mtb.o
 .debug_macro   0x0000816c       0x11 ./source/semihost_hardfault.o
 .debug_macro   0x0000817d       0x4b ./source/sys.o
 .debug_macro   0x000081c8       0x22 ./source/sys.o
 .debug_macro   0x000081ea       0x4f ./source/timeBetween.o
 .debug_macro   0x00008239      0x14e ./drivers/fsl_clock.o
 .debug_macro   0x00008387      0x13a ./drivers/fsl_ctimer.o
 .debug_macro   0x000084c1      0x13a ./drivers/fsl_gpio.o
 .debug_macro   0x000085fb      0x12a ./drivers/fsl_reset.o
 .debug_macro   0x00008725      0x13a ./drivers/fsl_sctimer.o
 .debug_macro   0x0000885f      0x144 ./drivers/fsl_swm.o
 .debug_macro   0x000089a3      0x139 ./drivers/fsl_usart.o
 .debug_macro   0x00008adc       0x1c ./drivers/fsl_usart.o
 .debug_macro   0x00008af8       0x97 ./device/system_LPC845.o
 .debug_macro   0x00008b8f      0x136 ./component/uart/fsl_adapter_miniusart.o
 .debug_macro   0x00008cc5       0x22 ./component/uart/fsl_adapter_miniusart.o
 .debug_macro   0x00008ce7      0x162 ./board/board.o
 .debug_macro   0x00008e49      0x309 ./board/board.o
 .debug_macro   0x00009152      0x14a ./board/clock_config.o
 .debug_macro   0x0000929c      0x149 ./board/peripherals.o
 .debug_macro   0x000093e5      0x159 ./board/pin_mux.o
 .debug_macro   0x0000953e       0x76 ./board/pin_mux.o

.debug_line     0x00000000     0x7f46
 .debug_line    0x00000000      0x38a ./utilities/fsl_assert.o
 .debug_line    0x0000038a      0x81b ./utilities/fsl_debug_console.o
 .debug_line    0x00000ba5      0x26b ./startup/startup_lpc845.o
 .debug_line    0x00000e10      0x789 ./source/Dist/UH_HCSR-04.o
 .debug_line    0x00001599      0x334 ./source/SysTimer.o
 .debug_line    0x000018cd      0x1d0 ./source/fixSpeed.o
 .debug_line    0x00001a9d      0x64c ./source/kisauto.o
 .debug_line    0x000020e9      0x882 ./source/letsdothis.o
 .debug_line    0x0000296b       0xcd ./source/mtb.o
 .debug_line    0x00002a38       0x59 ./source/semihost_hardfault.o
 .debug_line    0x00002a91      0x189 ./source/sys.o
 .debug_line    0x00002c1a      0x1b4 ./source/timeBetween.o
 .debug_line    0x00002dce      0xa23 ./drivers/fsl_clock.o
 .debug_line    0x000037f1      0x849 ./drivers/fsl_ctimer.o
 .debug_line    0x0000403a      0x3b8 ./drivers/fsl_gpio.o
 .debug_line    0x000043f2      0x385 ./drivers/fsl_reset.o
 .debug_line    0x00004777      0xb2e ./drivers/fsl_sctimer.o
 .debug_line    0x000052a5      0x3d9 ./drivers/fsl_swm.o
 .debug_line    0x0000567e      0xcbc ./drivers/fsl_usart.o
 .debug_line    0x0000633a      0x3e0 ./device/system_LPC845.o
 .debug_line    0x0000671a      0x513 ./component/uart/fsl_adapter_miniusart.o
 .debug_line    0x00006c2d      0x426 ./board/board.o
 .debug_line    0x00007053      0x4cb ./board/clock_config.o
 .debug_line    0x0000751e      0x4b9 ./board/peripherals.o
 .debug_line    0x000079d7      0x56f ./board/pin_mux.o

.debug_str      0x00000000    0x40e67
 .debug_str     0x00000000    0x36817 ./utilities/fsl_assert.o
                              0x368a1 (size before relaxing)
 .debug_str     0x00036817     0x1932 ./utilities/fsl_debug_console.o
                              0x38231 (size before relaxing)
 .debug_str     0x00038149      0x4bf ./startup/startup_lpc845.o
                               0x31af (size before relaxing)
 .debug_str     0x00038608     0x2c53 ./source/Dist/UH_HCSR-04.o
                              0x3a16d (size before relaxing)
 .debug_str     0x0003b25b      0x104 ./source/SysTimer.o
                               0x4a11 (size before relaxing)
 .debug_str     0x0003b35f       0x9c ./source/fixSpeed.o
                               0x4430 (size before relaxing)
 .debug_str     0x0003b3fb      0x5bb ./source/kisauto.o
                              0x3a510 (size before relaxing)
 .debug_str     0x0003b9b6      0x363 ./source/letsdothis.o
                              0x39862 (size before relaxing)
 .debug_str     0x0003bd19      0x532 ./source/mtb.o
                               0x31e1 (size before relaxing)
 .debug_str     0x0003c24b       0x1f ./source/semihost_hardfault.o
                               0x2cce (size before relaxing)
 .debug_str     0x0003c26a       0x1f ./source/sys.o
                               0x43f1 (size before relaxing)
 .debug_str     0x0003c289       0x20 ./source/timeBetween.o
                               0x43ca (size before relaxing)
 .debug_str     0x0003c2a9      0x90f ./drivers/fsl_clock.o
                              0x37c6e (size before relaxing)
 .debug_str     0x0003cbb8      0xa40 ./drivers/fsl_ctimer.o
                              0x38265 (size before relaxing)
 .debug_str     0x0003d5f8      0x11c ./drivers/fsl_gpio.o
                              0x37958 (size before relaxing)
 .debug_str     0x0003d714       0xae ./drivers/fsl_reset.o
                              0x36d4c (size before relaxing)
 .debug_str     0x0003d7c2      0xc5d ./drivers/fsl_sctimer.o
                              0x387e4 (size before relaxing)
 .debug_str     0x0003e41f      0xb13 ./drivers/fsl_swm.o
                              0x37328 (size before relaxing)
 .debug_str     0x0003ef32      0xcf7 ./drivers/fsl_usart.o
                              0x388b2 (size before relaxing)
 .debug_str     0x0003fc29       0x9b ./device/system_LPC845.o
                              0x35147 (size before relaxing)
 .debug_str     0x0003fcc4       0xfb ./component/uart/fsl_adapter_miniusart.o
                              0x37c72 (size before relaxing)
 .debug_str     0x0003fdbf      0x6e2 ./board/board.o
                              0x39d01 (size before relaxing)
 .debug_str     0x000404a1      0x3f5 ./board/clock_config.o
                              0x38845 (size before relaxing)
 .debug_str     0x00040896       0xa4 ./board/peripherals.o
                              0x38222 (size before relaxing)
 .debug_str     0x0004093a      0x52d ./board/pin_mux.o
                              0x386fd (size before relaxing)

.comment        0x00000000       0x49
 .comment       0x00000000       0x49 ./utilities/fsl_assert.o
                                 0x4a (size before relaxing)
 .comment       0x00000049       0x4a ./utilities/fsl_debug_console.o
 .comment       0x00000049       0x4a ./startup/startup_lpc845.o
 .comment       0x00000049       0x4a ./source/Dist/UH_HCSR-04.o
 .comment       0x00000049       0x4a ./source/SysTimer.o
 .comment       0x00000049       0x4a ./source/fixSpeed.o
 .comment       0x00000049       0x4a ./source/kisauto.o
 .comment       0x00000049       0x4a ./source/letsdothis.o
 .comment       0x00000049       0x4a ./source/mtb.o
 .comment       0x00000049       0x4a ./source/semihost_hardfault.o
 .comment       0x00000049       0x4a ./source/sys.o
 .comment       0x00000049       0x4a ./source/timeBetween.o
 .comment       0x00000049       0x4a ./drivers/fsl_clock.o
 .comment       0x00000049       0x4a ./drivers/fsl_ctimer.o
 .comment       0x00000049       0x4a ./drivers/fsl_gpio.o
 .comment       0x00000049       0x4a ./drivers/fsl_reset.o
 .comment       0x00000049       0x4a ./drivers/fsl_sctimer.o
 .comment       0x00000049       0x4a ./drivers/fsl_swm.o
 .comment       0x00000049       0x4a ./drivers/fsl_usart.o
 .comment       0x00000049       0x4a ./device/system_LPC845.o
 .comment       0x00000049       0x4a ./component/uart/fsl_adapter_miniusart.o
 .comment       0x00000049       0x4a ./board/board.o
 .comment       0x00000049       0x4a ./board/clock_config.o
 .comment       0x00000049       0x4a ./board/peripherals.o
 .comment       0x00000049       0x4a ./board/pin_mux.o
 .comment       0x00000049       0x4a f:/mcuxpressoide_11.7.0_9198/ide/plugins/com.nxp.mcuxpresso.tools.win32_11.7.0.202209140929/tools/bin/../lib/gcc/arm-none-eabi/10.3.1/../../../../arm-none-eabi/lib/thumb/v6-m/nofp\libcr_nohost_nf.a(_cr__main.o)
 .comment       0x00000049       0x4a f:/mcuxpressoide_11.7.0_9198/ide/plugins/com.nxp.mcuxpresso.tools.win32_11.7.0.202209140929/tools/bin/../lib/gcc/arm-none-eabi/10.3.1/../../../../arm-none-eabi/lib/thumb/v6-m/nofp\libcr_c.a(ceilf.o)
 .comment       0x00000049       0x4a f:/mcuxpressoide_11.7.0_9198/ide/plugins/com.nxp.mcuxpresso.tools.win32_11.7.0.202209140929/tools/bin/../lib/gcc/arm-none-eabi/10.3.1/../../../../arm-none-eabi/lib/thumb/v6-m/nofp\libcr_c.a(memcpy.o)
 .comment       0x00000049       0x4a f:/mcuxpressoide_11.7.0_9198/ide/plugins/com.nxp.mcuxpresso.tools.win32_11.7.0.202209140929/tools/bin/../lib/gcc/arm-none-eabi/10.3.1/../../../../arm-none-eabi/lib/thumb/v6-m/nofp\libcr_c.a(memset.o)
 .comment       0x00000049       0x4a f:/mcuxpressoide_11.7.0_9198/ide/plugins/com.nxp.mcuxpresso.tools.win32_11.7.0.202209140929/tools/bin/../lib/gcc/arm-none-eabi/10.3.1/../../../../arm-none-eabi/lib/thumb/v6-m/nofp\libcr_c.a(alloc.o)
 .comment       0x00000049       0x4a f:/mcuxpressoide_11.7.0_9198/ide/plugins/com.nxp.mcuxpresso.tools.win32_11.7.0.202209140929/tools/bin/../lib/gcc/arm-none-eabi/10.3.1/../../../../arm-none-eabi/lib/thumb/v6-m/nofp\libcr_c.a(errno.o)
 .comment       0x00000049       0x4a f:/mcuxpressoide_11.7.0_9198/ide/plugins/com.nxp.mcuxpresso.tools.win32_11.7.0.202209140929/tools/bin/../lib/gcc/arm-none-eabi/10.3.1/../../../../arm-none-eabi/lib/thumb/v6-m/nofp\libcr_c.a(initio.o)
 .comment       0x00000049       0x4a f:/mcuxpressoide_11.7.0_9198/ide/plugins/com.nxp.mcuxpresso.tools.win32_11.7.0.202209140929/tools/bin/../lib/gcc/arm-none-eabi/10.3.1/../../../../arm-none-eabi/lib/thumb/v6-m/nofp\libcr_c.a(setvbuf.o)
 .comment       0x00000049       0x4a f:/mcuxpressoide_11.7.0_9198/ide/plugins/com.nxp.mcuxpresso.tools.win32_11.7.0.202209140929/tools/bin/../lib/gcc/arm-none-eabi/10.3.1/../../../../arm-none-eabi/lib/thumb/v6-m/nofp\libcr_c.a(stdlib.o)
 .comment       0x00000049       0x4a f:/mcuxpressoide_11.7.0_9198/ide/plugins/com.nxp.mcuxpresso.tools.win32_11.7.0.202209140929/tools/bin/../lib/gcc/arm-none-eabi/10.3.1/../../../../arm-none-eabi/lib/thumb/v6-m/nofp\libcr_c.a(strlen.o)
 .comment       0x00000049       0x4a f:/mcuxpressoide_11.7.0_9198/ide/plugins/com.nxp.mcuxpresso.tools.win32_11.7.0.202209140929/tools/bin/../lib/gcc/arm-none-eabi/10.3.1/../../../../arm-none-eabi/lib/thumb/v6-m/nofp\libcr_c.a(_deferredlazyseek.o)
 .comment       0x00000049       0x4a f:/mcuxpressoide_11.7.0_9198/ide/plugins/com.nxp.mcuxpresso.tools.win32_11.7.0.202209140929/tools/bin/../lib/gcc/arm-none-eabi/10.3.1/../../../../arm-none-eabi/lib/thumb/v6-m/nofp\libcr_c.a(_fdopen.o)
 .comment       0x00000049       0x4a f:/mcuxpressoide_11.7.0_9198/ide/plugins/com.nxp.mcuxpresso.tools.win32_11.7.0.202209140929/tools/bin/../lib/gcc/arm-none-eabi/10.3.1/../../../../arm-none-eabi/lib/thumb/v6-m/nofp\libcr_c.a(_fflush.o)
 .comment       0x00000049       0x4a f:/mcuxpressoide_11.7.0_9198/ide/plugins/com.nxp.mcuxpresso.tools.win32_11.7.0.202209140929/tools/bin/../lib/gcc/arm-none-eabi/10.3.1/../../../../arm-none-eabi/lib/thumb/v6-m/nofp\libcr_c.a(_writebuf.o)
 .comment       0x00000049       0x4a f:/mcuxpressoide_11.7.0_9198/ide/plugins/com.nxp.mcuxpresso.tools.win32_11.7.0.202209140929/tools/bin/../lib/gcc/arm-none-eabi/10.3.1/../../../../arm-none-eabi/lib/thumb/v6-m/nofp\libcr_c.a(fclose.o)
 .comment       0x00000049       0x4a f:/mcuxpressoide_11.7.0_9198/ide/plugins/com.nxp.mcuxpresso.tools.win32_11.7.0.202209140929/tools/bin/../lib/gcc/arm-none-eabi/10.3.1/../../../../arm-none-eabi/lib/thumb/v6-m/nofp\libcr_c.a(fflush.o)
 .comment       0x00000049       0x4a f:/mcuxpressoide_11.7.0_9198/ide/plugins/com.nxp.mcuxpresso.tools.win32_11.7.0.202209140929/tools/bin/../lib/gcc/arm-none-eabi/10.3.1/../../../../arm-none-eabi/lib/thumb/v6-m/nofp\libcr_c.a(fseek.o)
 .comment       0x00000049       0x4a f:/mcuxpressoide_11.7.0_9198/ide/plugins/com.nxp.mcuxpresso.tools.win32_11.7.0.202209140929/tools/bin/../lib/gcc/arm-none-eabi/10.3.1/../../../../arm-none-eabi/lib/thumb/v6-m/nofp\libcr_c.a(ftell.o)
 .comment       0x00000049       0x4a f:/mcuxpressoide_11.7.0_9198/ide/plugins/com.nxp.mcuxpresso.tools.win32_11.7.0.202209140929/tools/bin/../lib/gcc/arm-none-eabi/10.3.1/../../../../arm-none-eabi/lib/thumb/v6-m/nofp\libcr_c.a(remove.o)
 .comment       0x00000049       0x4a f:/mcuxpressoide_11.7.0_9198/ide/plugins/com.nxp.mcuxpresso.tools.win32_11.7.0.202209140929/tools/bin/../lib/gcc/arm-none-eabi/10.3.1/../../../../arm-none-eabi/lib/thumb/v6-m/nofp\libcr_c.a(_do_fflush.o)
 .comment       0x00000049       0x4a f:/mcuxpressoide_11.7.0_9198/ide/plugins/com.nxp.mcuxpresso.tools.win32_11.7.0.202209140929/tools/bin/../lib/gcc/arm-none-eabi/10.3.1/thumb/v6-m/nofp\libcr_eabihelpers.a(double.o)
 .comment       0x00000049       0x4a f:/mcuxpressoide_11.7.0_9198/ide/plugins/com.nxp.mcuxpresso.tools.win32_11.7.0.202209140929/tools/bin/../lib/gcc/arm-none-eabi/10.3.1/thumb/v6-m/nofp\libcr_eabihelpers.a(float.o)
 .comment       0x00000049       0x4a f:/mcuxpressoide_11.7.0_9198/ide/plugins/com.nxp.mcuxpresso.tools.win32_11.7.0.202209140929/tools/bin/../lib/gcc/arm-none-eabi/10.3.1/../../../../arm-none-eabi/lib/thumb/v6-m/nofp\libcr_nohost_nf.a(__ciob.o)
 .comment       0x00000049       0x4a f:/mcuxpressoide_11.7.0_9198/ide/plugins/com.nxp.mcuxpresso.tools.win32_11.7.0.202209140929/tools/bin/../lib/gcc/arm-none-eabi/10.3.1/../../../../arm-none-eabi/lib/thumb/v6-m/nofp\libcr_nohost_nf.a(__sys_close.o)
 .comment       0x00000049       0x4a f:/mcuxpressoide_11.7.0_9198/ide/plugins/com.nxp.mcuxpresso.tools.win32_11.7.0.202209140929/tools/bin/../lib/gcc/arm-none-eabi/10.3.1/../../../../arm-none-eabi/lib/thumb/v6-m/nofp\libcr_nohost_nf.a(__sys_flen.o)
 .comment       0x00000049       0x4a f:/mcuxpressoide_11.7.0_9198/ide/plugins/com.nxp.mcuxpresso.tools.win32_11.7.0.202209140929/tools/bin/../lib/gcc/arm-none-eabi/10.3.1/../../../../arm-none-eabi/lib/thumb/v6-m/nofp\libcr_nohost_nf.a(__sys_istty.o)
 .comment       0x00000049       0x4a f:/mcuxpressoide_11.7.0_9198/ide/plugins/com.nxp.mcuxpresso.tools.win32_11.7.0.202209140929/tools/bin/../lib/gcc/arm-none-eabi/10.3.1/../../../../arm-none-eabi/lib/thumb/v6-m/nofp\libcr_nohost_nf.a(__sys_remove.o)
 .comment       0x00000049       0x4a f:/mcuxpressoide_11.7.0_9198/ide/plugins/com.nxp.mcuxpresso.tools.win32_11.7.0.202209140929/tools/bin/../lib/gcc/arm-none-eabi/10.3.1/../../../../arm-none-eabi/lib/thumb/v6-m/nofp\libcr_nohost_nf.a(__sys_seek.o)
 .comment       0x00000049       0x4a f:/mcuxpressoide_11.7.0_9198/ide/plugins/com.nxp.mcuxpresso.tools.win32_11.7.0.202209140929/tools/bin/../lib/gcc/arm-none-eabi/10.3.1/../../../../arm-none-eabi/lib/thumb/v6-m/nofp\libcr_nohost_nf.a(__sys_tmpnam.o)
 .comment       0x00000049       0x4a f:/mcuxpressoide_11.7.0_9198/ide/plugins/com.nxp.mcuxpresso.tools.win32_11.7.0.202209140929/tools/bin/../lib/gcc/arm-none-eabi/10.3.1/../../../../arm-none-eabi/lib/thumb/v6-m/nofp\libcr_nohost_nf.a(__sys_write.o)

.ARM.attributes
                0x00000000       0x2a
 .ARM.attributes
                0x00000000       0x2c ./utilities/fsl_assert.o
 .ARM.attributes
                0x0000002c       0x2c ./utilities/fsl_debug_console.o
 .ARM.attributes
                0x00000058       0x2c ./startup/startup_lpc845.o
 .ARM.attributes
                0x00000084       0x2c ./source/Dist/UH_HCSR-04.o
 .ARM.attributes
                0x000000b0       0x2c ./source/SysTimer.o
 .ARM.attributes
                0x000000dc       0x2c ./source/fixSpeed.o
 .ARM.attributes
                0x00000108       0x2c ./source/kisauto.o
 .ARM.attributes
                0x00000134       0x2c ./source/letsdothis.o
 .ARM.attributes
                0x00000160       0x2c ./source/mtb.o
 .ARM.attributes
                0x0000018c       0x2c ./source/semihost_hardfault.o
 .ARM.attributes
                0x000001b8       0x2c ./source/sys.o
 .ARM.attributes
                0x000001e4       0x2c ./source/timeBetween.o
 .ARM.attributes
                0x00000210       0x2c ./drivers/fsl_clock.o
 .ARM.attributes
                0x0000023c       0x2c ./drivers/fsl_ctimer.o
 .ARM.attributes
                0x00000268       0x2c ./drivers/fsl_gpio.o
 .ARM.attributes
                0x00000294       0x2c ./drivers/fsl_reset.o
 .ARM.attributes
                0x000002c0       0x2c ./drivers/fsl_sctimer.o
 .ARM.attributes
                0x000002ec       0x2c ./drivers/fsl_swm.o
 .ARM.attributes
                0x00000318       0x2c ./drivers/fsl_usart.o
 .ARM.attributes
                0x00000344       0x2c ./device/system_LPC845.o
 .ARM.attributes
                0x00000370       0x2c ./component/uart/fsl_adapter_miniusart.o
 .ARM.attributes
                0x0000039c       0x2c ./board/board.o
 .ARM.attributes
                0x000003c8       0x2c ./board/clock_config.o
 .ARM.attributes
                0x000003f4       0x2c ./board/peripherals.o
 .ARM.attributes
                0x00000420       0x2c ./board/pin_mux.o
 .ARM.attributes
                0x0000044c       0x2c f:/mcuxpressoide_11.7.0_9198/ide/plugins/com.nxp.mcuxpresso.tools.win32_11.7.0.202209140929/tools/bin/../lib/gcc/arm-none-eabi/10.3.1/../../../../arm-none-eabi/lib/thumb/v6-m/nofp\libcr_nohost_nf.a(_cr__main.o)
 .ARM.attributes
                0x00000478       0x2c f:/mcuxpressoide_11.7.0_9198/ide/plugins/com.nxp.mcuxpresso.tools.win32_11.7.0.202209140929/tools/bin/../lib/gcc/arm-none-eabi/10.3.1/../../../../arm-none-eabi/lib/thumb/v6-m/nofp\libcr_c.a(ceilf.o)
 .ARM.attributes
                0x000004a4       0x2c f:/mcuxpressoide_11.7.0_9198/ide/plugins/com.nxp.mcuxpresso.tools.win32_11.7.0.202209140929/tools/bin/../lib/gcc/arm-none-eabi/10.3.1/../../../../arm-none-eabi/lib/thumb/v6-m/nofp\libcr_c.a(memcpy.o)
 .ARM.attributes
                0x000004d0       0x2c f:/mcuxpressoide_11.7.0_9198/ide/plugins/com.nxp.mcuxpresso.tools.win32_11.7.0.202209140929/tools/bin/../lib/gcc/arm-none-eabi/10.3.1/../../../../arm-none-eabi/lib/thumb/v6-m/nofp\libcr_c.a(memset.o)
 .ARM.attributes
                0x000004fc       0x2c f:/mcuxpressoide_11.7.0_9198/ide/plugins/com.nxp.mcuxpresso.tools.win32_11.7.0.202209140929/tools/bin/../lib/gcc/arm-none-eabi/10.3.1/../../../../arm-none-eabi/lib/thumb/v6-m/nofp\libcr_c.a(alloc.o)
 .ARM.attributes
                0x00000528       0x2c f:/mcuxpressoide_11.7.0_9198/ide/plugins/com.nxp.mcuxpresso.tools.win32_11.7.0.202209140929/tools/bin/../lib/gcc/arm-none-eabi/10.3.1/../../../../arm-none-eabi/lib/thumb/v6-m/nofp\libcr_c.a(errno.o)
 .ARM.attributes
                0x00000554       0x2c f:/mcuxpressoide_11.7.0_9198/ide/plugins/com.nxp.mcuxpresso.tools.win32_11.7.0.202209140929/tools/bin/../lib/gcc/arm-none-eabi/10.3.1/../../../../arm-none-eabi/lib/thumb/v6-m/nofp\libcr_c.a(initio.o)
 .ARM.attributes
                0x00000580       0x2c f:/mcuxpressoide_11.7.0_9198/ide/plugins/com.nxp.mcuxpresso.tools.win32_11.7.0.202209140929/tools/bin/../lib/gcc/arm-none-eabi/10.3.1/../../../../arm-none-eabi/lib/thumb/v6-m/nofp\libcr_c.a(setvbuf.o)
 .ARM.attributes
                0x000005ac       0x2c f:/mcuxpressoide_11.7.0_9198/ide/plugins/com.nxp.mcuxpresso.tools.win32_11.7.0.202209140929/tools/bin/../lib/gcc/arm-none-eabi/10.3.1/../../../../arm-none-eabi/lib/thumb/v6-m/nofp\libcr_c.a(stdlib.o)
 .ARM.attributes
                0x000005d8       0x2c f:/mcuxpressoide_11.7.0_9198/ide/plugins/com.nxp.mcuxpresso.tools.win32_11.7.0.202209140929/tools/bin/../lib/gcc/arm-none-eabi/10.3.1/../../../../arm-none-eabi/lib/thumb/v6-m/nofp\libcr_c.a(strlen.o)
 .ARM.attributes
                0x00000604       0x2c f:/mcuxpressoide_11.7.0_9198/ide/plugins/com.nxp.mcuxpresso.tools.win32_11.7.0.202209140929/tools/bin/../lib/gcc/arm-none-eabi/10.3.1/../../../../arm-none-eabi/lib/thumb/v6-m/nofp\libcr_c.a(_deferredlazyseek.o)
 .ARM.attributes
                0x00000630       0x2c f:/mcuxpressoide_11.7.0_9198/ide/plugins/com.nxp.mcuxpresso.tools.win32_11.7.0.202209140929/tools/bin/../lib/gcc/arm-none-eabi/10.3.1/../../../../arm-none-eabi/lib/thumb/v6-m/nofp\libcr_c.a(_fdopen.o)
 .ARM.attributes
                0x0000065c       0x2c f:/mcuxpressoide_11.7.0_9198/ide/plugins/com.nxp.mcuxpresso.tools.win32_11.7.0.202209140929/tools/bin/../lib/gcc/arm-none-eabi/10.3.1/../../../../arm-none-eabi/lib/thumb/v6-m/nofp\libcr_c.a(_fflush.o)
 .ARM.attributes
                0x00000688       0x2c f:/mcuxpressoide_11.7.0_9198/ide/plugins/com.nxp.mcuxpresso.tools.win32_11.7.0.202209140929/tools/bin/../lib/gcc/arm-none-eabi/10.3.1/../../../../arm-none-eabi/lib/thumb/v6-m/nofp\libcr_c.a(_writebuf.o)
 .ARM.attributes
                0x000006b4       0x2c f:/mcuxpressoide_11.7.0_9198/ide/plugins/com.nxp.mcuxpresso.tools.win32_11.7.0.202209140929/tools/bin/../lib/gcc/arm-none-eabi/10.3.1/../../../../arm-none-eabi/lib/thumb/v6-m/nofp\libcr_c.a(fclose.o)
 .ARM.attributes
                0x000006e0       0x2c f:/mcuxpressoide_11.7.0_9198/ide/plugins/com.nxp.mcuxpresso.tools.win32_11.7.0.202209140929/tools/bin/../lib/gcc/arm-none-eabi/10.3.1/../../../../arm-none-eabi/lib/thumb/v6-m/nofp\libcr_c.a(fflush.o)
 .ARM.attributes
                0x0000070c       0x2c f:/mcuxpressoide_11.7.0_9198/ide/plugins/com.nxp.mcuxpresso.tools.win32_11.7.0.202209140929/tools/bin/../lib/gcc/arm-none-eabi/10.3.1/../../../../arm-none-eabi/lib/thumb/v6-m/nofp\libcr_c.a(fseek.o)
 .ARM.attributes
                0x00000738       0x2c f:/mcuxpressoide_11.7.0_9198/ide/plugins/com.nxp.mcuxpresso.tools.win32_11.7.0.202209140929/tools/bin/../lib/gcc/arm-none-eabi/10.3.1/../../../../arm-none-eabi/lib/thumb/v6-m/nofp\libcr_c.a(ftell.o)
 .ARM.attributes
                0x00000764       0x2c f:/mcuxpressoide_11.7.0_9198/ide/plugins/com.nxp.mcuxpresso.tools.win32_11.7.0.202209140929/tools/bin/../lib/gcc/arm-none-eabi/10.3.1/../../../../arm-none-eabi/lib/thumb/v6-m/nofp\libcr_c.a(remove.o)
 .ARM.attributes
                0x00000790       0x2c f:/mcuxpressoide_11.7.0_9198/ide/plugins/com.nxp.mcuxpresso.tools.win32_11.7.0.202209140929/tools/bin/../lib/gcc/arm-none-eabi/10.3.1/../../../../arm-none-eabi/lib/thumb/v6-m/nofp\libcr_c.a(_do_fflush.o)
 .ARM.attributes
                0x000007bc       0x1c f:/mcuxpressoide_11.7.0_9198/ide/plugins/com.nxp.mcuxpresso.tools.win32_11.7.0.202209140929/tools/bin/../lib/gcc/arm-none-eabi/10.3.1/thumb/v6-m/nofp\libcr_eabihelpers.a(division_32.o)
 .ARM.attributes
                0x000007d8       0x1c f:/mcuxpressoide_11.7.0_9198/ide/plugins/com.nxp.mcuxpresso.tools.win32_11.7.0.202209140929/tools/bin/../lib/gcc/arm-none-eabi/10.3.1/thumb/v6-m/nofp\libcr_eabihelpers.a(division_64.o)
 .ARM.attributes
                0x000007f4       0x1c f:/mcuxpressoide_11.7.0_9198/ide/plugins/com.nxp.mcuxpresso.tools.win32_11.7.0.202209140929/tools/bin/../lib/gcc/arm-none-eabi/10.3.1/thumb/v6-m/nofp\libcr_eabihelpers.a(division_idiv0.o)
 .ARM.attributes
                0x00000810       0x2c f:/mcuxpressoide_11.7.0_9198/ide/plugins/com.nxp.mcuxpresso.tools.win32_11.7.0.202209140929/tools/bin/../lib/gcc/arm-none-eabi/10.3.1/thumb/v6-m/nofp\libcr_eabihelpers.a(double.o)
 .ARM.attributes
                0x0000083c       0x2c f:/mcuxpressoide_11.7.0_9198/ide/plugins/com.nxp.mcuxpresso.tools.win32_11.7.0.202209140929/tools/bin/../lib/gcc/arm-none-eabi/10.3.1/thumb/v6-m/nofp\libcr_eabihelpers.a(float.o)
 .ARM.attributes
                0x00000868       0x1c f:/mcuxpressoide_11.7.0_9198/ide/plugins/com.nxp.mcuxpresso.tools.win32_11.7.0.202209140929/tools/bin/../lib/gcc/arm-none-eabi/10.3.1/thumb/v6-m/nofp\libcr_eabihelpers.a(llong.o)
 .ARM.attributes
                0x00000884       0x1c f:/mcuxpressoide_11.7.0_9198/ide/plugins/com.nxp.mcuxpresso.tools.win32_11.7.0.202209140929/tools/bin/../lib/gcc/arm-none-eabi/10.3.1/thumb/v6-m/nofp\libcr_eabihelpers.a(memcpy.o)
 .ARM.attributes
                0x000008a0       0x2c f:/mcuxpressoide_11.7.0_9198/ide/plugins/com.nxp.mcuxpresso.tools.win32_11.7.0.202209140929/tools/bin/../lib/gcc/arm-none-eabi/10.3.1/../../../../arm-none-eabi/lib/thumb/v6-m/nofp\libcr_nohost_nf.a(__ciob.o)
 .ARM.attributes
                0x000008cc       0x2c f:/mcuxpressoide_11.7.0_9198/ide/plugins/com.nxp.mcuxpresso.tools.win32_11.7.0.202209140929/tools/bin/../lib/gcc/arm-none-eabi/10.3.1/../../../../arm-none-eabi/lib/thumb/v6-m/nofp\libcr_nohost_nf.a(__sys_close.o)
 .ARM.attributes
                0x000008f8       0x2c f:/mcuxpressoide_11.7.0_9198/ide/plugins/com.nxp.mcuxpresso.tools.win32_11.7.0.202209140929/tools/bin/../lib/gcc/arm-none-eabi/10.3.1/../../../../arm-none-eabi/lib/thumb/v6-m/nofp\libcr_nohost_nf.a(__sys_flen.o)
 .ARM.attributes
                0x00000924       0x2c f:/mcuxpressoide_11.7.0_9198/ide/plugins/com.nxp.mcuxpresso.tools.win32_11.7.0.202209140929/tools/bin/../lib/gcc/arm-none-eabi/10.3.1/../../../../arm-none-eabi/lib/thumb/v6-m/nofp\libcr_nohost_nf.a(__sys_istty.o)
 .ARM.attributes
                0x00000950       0x2c f:/mcuxpressoide_11.7.0_9198/ide/plugins/com.nxp.mcuxpresso.tools.win32_11.7.0.202209140929/tools/bin/../lib/gcc/arm-none-eabi/10.3.1/../../../../arm-none-eabi/lib/thumb/v6-m/nofp\libcr_nohost_nf.a(__sys_remove.o)
 .ARM.attributes
                0x0000097c       0x2c f:/mcuxpressoide_11.7.0_9198/ide/plugins/com.nxp.mcuxpresso.tools.win32_11.7.0.202209140929/tools/bin/../lib/gcc/arm-none-eabi/10.3.1/../../../../arm-none-eabi/lib/thumb/v6-m/nofp\libcr_nohost_nf.a(__sys_seek.o)
 .ARM.attributes
                0x000009a8       0x2c f:/mcuxpressoide_11.7.0_9198/ide/plugins/com.nxp.mcuxpresso.tools.win32_11.7.0.202209140929/tools/bin/../lib/gcc/arm-none-eabi/10.3.1/../../../../arm-none-eabi/lib/thumb/v6-m/nofp\libcr_nohost_nf.a(__sys_tmpnam.o)
 .ARM.attributes
                0x000009d4       0x2c f:/mcuxpressoide_11.7.0_9198/ide/plugins/com.nxp.mcuxpresso.tools.win32_11.7.0.202209140929/tools/bin/../lib/gcc/arm-none-eabi/10.3.1/../../../../arm-none-eabi/lib/thumb/v6-m/nofp\libcr_nohost_nf.a(__sys_write.o)

.debug_frame    0x00000000     0x1f28
 .debug_frame   0x00000000       0x30 ./utilities/fsl_assert.o
 .debug_frame   0x00000030      0x150 ./utilities/fsl_debug_console.o
 .debug_frame   0x00000180      0x3a8 ./startup/startup_lpc845.o
 .debug_frame   0x00000528      0x154 ./source/Dist/UH_HCSR-04.o
 .debug_frame   0x0000067c      0x1ec ./source/SysTimer.o
 .debug_frame   0x00000868       0x4c ./source/fixSpeed.o
 .debug_frame   0x000008b4       0xcc ./source/kisauto.o
 .debug_frame   0x00000980      0x15c ./source/letsdothis.o
 .debug_frame   0x00000adc       0x20 ./source/semihost_hardfault.o
 .debug_frame   0x00000afc       0x2c ./source/sys.o
 .debug_frame   0x00000b28       0x30 ./source/timeBetween.o
 .debug_frame   0x00000b58      0x3ac ./drivers/fsl_clock.o
 .debug_frame   0x00000f04      0x2b0 ./drivers/fsl_ctimer.o
 .debug_frame   0x000011b4       0x90 ./drivers/fsl_gpio.o
 .debug_frame   0x00001244       0x70 ./drivers/fsl_reset.o
 .debug_frame   0x000012b4      0x2d4 ./drivers/fsl_sctimer.o
 .debug_frame   0x00001588       0x50 ./drivers/fsl_swm.o
 .debug_frame   0x000015d8      0x43c ./drivers/fsl_usart.o
 .debug_frame   0x00001a14       0x68 ./device/system_LPC845.o
 .debug_frame   0x00001a7c       0xf0 ./component/uart/fsl_adapter_miniusart.o
 .debug_frame   0x00001b6c       0x50 ./board/board.o
 .debug_frame   0x00001bbc      0x140 ./board/clock_config.o
 .debug_frame   0x00001cfc       0xc4 ./board/peripherals.o
 .debug_frame   0x00001dc0      0x168 ./board/pin_mux.o

Cross Reference Table

Symbol                                            File
ADC0_OVR_DriverIRQHandler                         ./startup/startup_lpc845.o
ADC0_OVR_IRQHandler                               ./startup/startup_lpc845.o
ADC0_SEQA_DriverIRQHandler                        ./startup/startup_lpc845.o
ADC0_SEQA_IRQHandler                              ./startup/startup_lpc845.o