Archive member included to satisfy reference by file (symbol)

f:/mcuxpressoide_11.7.0_9198/ide/plugins/com.nxp.mcuxpresso.tools.win32_11.7.0.202209140929/tools/bin/../lib/gcc/arm-none-eabi/10.3.1/../../../../arm-none-eabi/lib/thumb/v6-m/nofp\libcr_nohost_nf.a(_cr__main.o)
                              ./startup/startup_lpc845.o (__main)
f:/mcuxpressoide_11.7.0_9198/ide/plugins/com.nxp.mcuxpresso.tools.win32_11.7.0.202209140929/tools/bin/../lib/gcc/arm-none-eabi/10.3.1/../../../../arm-none-eabi/lib/thumb/v6-m/nofp\libcr_c.a(ceilf.o)
                              ./source/SysTimer.o (ceilf)
f:/mcuxpressoide_11.7.0_9198/ide/plugins/com.nxp.mcuxpresso.tools.win32_11.7.0.202209140929/tools/bin/../lib/gcc/arm-none-eabi/10.3.1/../../../../arm-none-eabi/lib/thumb/v6-m/nofp\libcr_c.a(memcpy.o)
                              ./utilities/fsl_debug_console.o (memcpy)
f:/mcuxpressoide_11.7.0_9198/ide/plugins/com.nxp.mcuxpresso.tools.win32_11.7.0.202209140929/tools/bin/../lib/gcc/arm-none-eabi/10.3.1/../../../../arm-none-eabi/lib/thumb/v6-m/nofp\libcr_c.a(memset.o)
                              ./drivers/fsl_ctimer.o (memset)
f:/mcuxpressoide_11.7.0_9198/ide/plugins/com.nxp.mcuxpresso.tools.win32_11.7.0.202209140929/tools/bin/../lib/gcc/arm-none-eabi/10.3.1/../../../../arm-none-eabi/lib/thumb/v6-m/nofp\libcr_c.a(alloc.o)
                              ./drivers/fsl_common.o (malloc)
f:/mcuxpressoide_11.7.0_9198/ide/plugins/com.nxp.mcuxpresso.tools.win32_11.7.0.202209140929/tools/bin/../lib/gcc/arm-none-eabi/10.3.1/../../../../arm-none-eabi/lib/thumb/v6-m/nofp\libcr_c.a(errno.o)
                              ./utilities/fsl_str.o (errno)
f:/mcuxpressoide_11.7.0_9198/ide/plugins/com.nxp.mcuxpresso.tools.win32_11.7.0.202209140929/tools/bin/../lib/gcc/arm-none-eabi/10.3.1/../../../../arm-none-eabi/lib/thumb/v6-m/nofp\libcr_c.a(initio.o)
                              f:/mcuxpressoide_11.7.0_9198/ide/plugins/com.nxp.mcuxpresso.tools.win32_11.7.0.202209140929/tools/bin/../lib/gcc/arm-none-eabi/10.3.1/../../../../arm-none-eabi/lib/thumb/v6-m/nofp\libcr_nohost_nf.a(_cr__main.o) (_initio)
f:/mcuxpressoide_11.7.0_9198/ide/plugins/com.nxp.mcuxpresso.tools.win32_11.7.0.202209140929/tools/bin/../lib/gcc/arm-none-eabi/10.3.1/../../../../arm-none-eabi/lib/thumb/v6-m/nofp\libcr_c.a(scanf.o)
                              ./utilities/fsl_str.o (strtoul)
f:/mcuxpressoide_11.7.0_9198/ide/plugins/com.nxp.mcuxpresso.tools.win32_11.7.0.202209140929/tools/bin/../lib/gcc/arm-none-eabi/10.3.1/../../../../arm-none-eabi/lib/thumb/v6-m/nofp\libcr_c.a(setvbuf.o)
                              f:/mcuxpressoide_11.7.0_9198/ide/plugins/com.nxp.mcuxpresso.tools.win32_11.7.0.202209140929/tools/bin/../lib/gcc/arm-none-eabi/10.3.1/../../../../arm-none-eabi/lib/thumb/v6-m/nofp\libcr_c.a(initio.o) (setvbuf)
f:/mcuxpressoide_11.7.0_9198/ide/plugins/com.nxp.mcuxpresso.tools.win32_11.7.0.202209140929/tools/bin/../lib/gcc/arm-none-eabi/10.3.1/../../../../arm-none-eabi/lib/thumb/v6-m/nofp\libcr_c.a(strlen.o)
                              ./utilities/fsl_debug_console.o (strlen)
f:/mcuxpressoide_11.7.0_9198/ide/plugins/com.nxp.mcuxpresso.tools.win32_11.7.0.202209140929/tools/bin/../lib/gcc/arm-none-eabi/10.3.1/../../../../arm-none-eabi/lib/thumb/v6-m/nofp\libcr_c.a(ungetc.o)
                              f:/mcuxpressoide_11.7.0_9198/ide/plugins/com.nxp.mcuxpresso.tools.win32_11.7.0.202209140929/tools/bin/../lib/gcc/arm-none-eabi/10.3.1/../../../../arm-none-eabi/lib/thumb/v6-m/nofp\libcr_c.a(scanf.o) (ungetc)
f:/mcuxpressoide_11.7.0_9198/ide/plugins/com.nxp.mcuxpresso.tools.win32_11.7.0.202209140929/tools/bin/../lib/gcc/arm-none-eabi/10.3.1/../../../../arm-none-eabi/lib/thumb/v6-m/nofp\libcr_c.a(__fillbuf.o)
                              f:/mcuxpressoide_11.7.0_9198/ide/plugins/com.nxp.mcuxpresso.tools.win32_11.7.0.202209140929/tools/bin/../lib/gcc/arm-none-eabi/10.3.1/../../../../arm-none-eabi/lib/thumb/v6-m/nofp\libcr_c.a(scanf.o) (__filbuf)
f:/mcuxpressoide_11.7.0_9198/ide/plugins/com.nxp.mcuxpresso.tools.win32_11.7.0.202209140929/tools/bin/../lib/gcc/arm-none-eabi/10.3.1/../../../../arm-none-eabi/lib/thumb/v6-m/nofp\libcr_c.a(__init_alloc.o)
                              f:/mcuxpressoide_11.7.0_9198/ide/plugins/com.nxp.mcuxpresso.tools.win32_11.7.0.202209140929/tools/bin/../lib/gcc/arm-none-eabi/10.3.1/../../../../arm-none-eabi/lib/thumb/v6-m/nofp\libcr_c.a(alloc.o) (__heaps)
f:/mcuxpressoide_11.7.0_9198/ide/plugins/com.nxp.mcuxpresso.tools.win32_11.7.0.202209140929/tools/bin/../lib/gcc/arm-none-eabi/10.3.1/../../../../arm-none-eabi/lib/thumb/v6-m/nofp\libcr_c.a(_cr_sbrk.o)
                              f:/mcuxpressoide_11.7.0_9198/ide/plugins/com.nxp.mcuxpresso.tools.win32_11.7.0.202209140929/tools/bin/../lib/gcc/arm-none-eabi/10.3.1/../../../../arm-none-eabi/lib/thumb/v6-m/nofp\libcr_c.a(alloc.o) (_sbrk)
[...]
Memory Configuration

Name             Origin             Length             Attributes
PROGRAM_FLASH    0x00000000         0x00010000         xr
SRAM             0x10000000         0x00003fe0         xrw
IAP_SRAM         0x10003fe0         0x00000020         xrw
*default*        0x00000000         0xffffffff

Linker script and memory map

LOAD ./utilities/fsl_assert.o
LOAD ./utilities/fsl_debug_console.o
LOAD ./utilities/fsl_str.o
LOAD ./startup/startup_lpc845.o
LOAD ./source/Dist/Measure.o
LOAD ./source/Dist/UH_HCSR-04.o
LOAD ./source/LPC845_Project_UH_tavmero.o
LOAD ./source/SysTimer.o
LOAD ./source/mtb.o
LOAD ./source/semihost_hardfault.o
LOAD ./source/sys.o
LOAD ./drivers/fsl_clock.o
LOAD ./drivers/fsl_common.o
LOAD ./drivers/fsl_common_arm.o
LOAD ./drivers/fsl_ctimer.o
LOAD ./drivers/fsl_gpio.o
LOAD ./drivers/fsl_power.o
LOAD ./drivers/fsl_reset.o
LOAD ./drivers/fsl_sctimer.o
LOAD ./drivers/fsl_swm.o
LOAD ./drivers/fsl_usart.o
LOAD ./device/system_LPC845.o
LOAD ./component/uart/fsl_adapter_miniusart.o
LOAD ./board/board.o
LOAD ./board/clock_config.o
LOAD ./board/peripherals.o
LOAD ./board/pin_mux.o
START GROUP
LOAD f:/mcuxpressoide_11.7.0_9198/ide/plugins/com.nxp.mcuxpresso.tools.win32_11.7.0.202209140929/tools/bin/../lib/gcc/arm-none-eabi/10.3.1/../../../../arm-none-eabi/lib/thumb/v6-m/nofp\libcr_nohost_nf.a
LOAD f:/mcuxpressoide_11.7.0_9198/ide/plugins/com.nxp.mcuxpresso.tools.win32_11.7.0.202209140929/tools/bin/../lib/gcc/arm-none-eabi/10.3.1/../../../../arm-none-eabi/lib/thumb/v6-m/nofp\libcr_c.a
LOAD f:/mcuxpressoide_11.7.0_9198/ide/plugins/com.nxp.mcuxpresso.tools.win32_11.7.0.202209140929/tools/bin/../lib/gcc/arm-none-eabi/10.3.1/thumb/v6-m/nofp\libcr_eabihelpers.a
LOAD f:/mcuxpressoide_11.7.0_9198/ide/plugins/com.nxp.mcuxpresso.tools.win32_11.7.0.202209140929/tools/bin/../lib/gcc/arm-none-eabi/10.3.1/thumb/v6-m/nofp\libgcc.a
END GROUP
                0x00000000                __base_PROGRAM_FLASH = 0x0
                0x00000000                __base_Flash = 0x0
                0x00010000                __top_PROGRAM_FLASH = 0x10000
                0x00010000                __top_Flash = 0x10000
                0x10000000                __base_SRAM = 0x10000000
                0x10000000                __base_RAM = 0x10000000
                0x10003fe0                __top_SRAM = 0x10003fe0
                0x10003fe0                __top_RAM = 0x10003fe0
                0x10003fe0                __base_IAP_SRAM = 0x10003fe0
                0x10003fe0                __base_RAM2 = 0x10003fe0
                0x10004000                __top_IAP_SRAM = 0x10004000
                0x10004000                __top_RAM2 = 0x10004000

.text           0x00000000     0x5284
 FILL mask 0xff
                0x00000000                __vectors_start__ = ABSOLUTE (.)
 *(SORT_BY_ALIGNMENT(.isr_vector))
 .isr_vector    0x00000000       0xc0 ./startup/startup_lpc845.o
                0x00000000                g_pfnVectors
                0x00000000                __Vectors
                0x000000c0                . = ALIGN (0x4)
                0x000000c0                __section_table_start = .
                0x000000c0                __data_section_table = .
                0x000000c0        0x4 LONG 0x5284 LOADADDR (.data)
                0x000000c4        0x4 LONG 0x10000080 ADDR (.data)
                0x000000c8        0x4 LONG 0x2c SIZEOF (.data)
                0x000000cc        0x4 LONG 0x5284 LOADADDR (.data_RAM2)
                0x000000d0        0x4 LONG 0x10003fe0 ADDR (.data_RAM2)
                0x000000d4        0x4 LONG 0x0 SIZEOF (.data_RAM2)
                0x000000d8                __data_section_table_end = .
                0x000000d8                __bss_section_table = .
                0x000000d8        0x4 LONG 0x100000ac ADDR (.bss)
                0x000000dc        0x4 LONG 0x174 SIZEOF (.bss)
                0x000000e0        0x4 LONG 0x10003fe0 ADDR (.bss_RAM2)
                0x000000e4        0x4 LONG 0x0 SIZEOF (.bss_RAM2)
                0x000000e8                __bss_section_table_end = .
                0x000000e8                __section_table_end = .
 *(SORT_BY_ALIGNMENT(.after_vectors*))
 .after_vectors.reset
                0x000000e8       0x54 ./startup/startup_lpc845.o
                0x000000e8                ResetISR
 .after_vectors.init_data
                0x0000013c       0x12 ./startup/startup_lpc845.o
                0x0000013c                data_init
 .after_vectors.init_bss
                0x0000014e       0x10 ./startup/startup_lpc845.o
                0x0000014e                bss_init
 .after_vectors
                0x0000015e      0x10c ./startup/startup_lpc845.o
                0x0000015e                NMI_Handler
                0x00000162                SVC_Handler
                0x00000164                PendSV_Handler
                0x00000168                BOD_DriverIRQHandler
                0x00000168                SPI1_DriverIRQHandler
                0x00000168                PIN_INT1_DriverIRQHandler
                0x00000168                I2C0_DriverIRQHandler
                0x00000168                DMA0_DriverIRQHandler
                0x00000168                ADC0_OVR_DriverIRQHandler
                0x00000168                WDT_DriverIRQHandler
                0x00000168                I2C3_DriverIRQHandler
                0x00000168                I2C1_DriverIRQHandler
                0x00000168                PIN_INT3_DriverIRQHandler
                0x00000168                PIN_INT5_DAC1_DriverIRQHandler
                0x00000168                PIN_INT2_DriverIRQHandler
                0x00000168                ADC0_SEQB_DriverIRQHandler
                0x00000168                I2C2_DriverIRQHandler
                0x00000168                PIN_INT0_DriverIRQHandler
                0x00000168                FLASH_DriverIRQHandler
                0x00000168                ADC0_THCMP_DriverIRQHandler
                0x00000168                IntDefaultHandler
                0x00000168                SPI0_DriverIRQHandler
                0x00000168                WKT_DriverIRQHandler
                0x00000168                DAC0_DriverIRQHandler
                0x00000168                MRT0_DriverIRQHandler
                0x00000168                PIN_INT4_DriverIRQHandler
                0x00000168                ADC0_SEQA_DriverIRQHandler
                0x00000168                CMP_CAPT_DriverIRQHandler
                0x00000168                Reserved22_DriverIRQHandler
                0x0000016a                SPI0_IRQHandler
                0x00000172                SPI1_IRQHandler
                0x0000017a                DAC0_IRQHandler
                0x00000182                USART0_IRQHandler
                0x0000018a                USART1_IRQHandler
                0x00000192                USART2_IRQHandler
                0x0000019a                Reserved22_IRQHandler
                0x000001a2                I2C1_IRQHandler
                0x000001aa                I2C0_IRQHandler
                0x000001b2                SCT0_IRQHandler
                0x000001ba                MRT0_IRQHandler
                0x000001c2                CMP_CAPT_IRQHandler
                0x000001ca                WDT_IRQHandler
                0x000001d2                BOD_IRQHandler
                0x000001da                FLASH_IRQHandler
                0x000001e2                WKT_IRQHandler
                0x000001ea                ADC0_SEQA_IRQHandler
                0x000001f2                ADC0_SEQB_IRQHandler
                0x000001fa                ADC0_THCMP_IRQHandler
                0x00000202                ADC0_OVR_IRQHandler
                0x0000020a                DMA0_IRQHandler
                0x00000212                I2C2_IRQHandler
                0x0000021a                I2C3_IRQHandler
                0x00000222                CTIMER0_IRQHandler
                0x0000022a                PIN_INT0_IRQHandler
                0x00000232                PIN_INT1_IRQHandler
                0x0000023a                PIN_INT2_IRQHandler
                0x00000242                PIN_INT3_IRQHandler
                0x0000024a                PIN_INT4_IRQHandler
                0x00000252                PIN_INT5_DAC1_IRQHandler
                0x0000025a                PIN_INT6_USART3_IRQHandler
                0x00000262                PIN_INT7_USART4_IRQHandler
                0x000002fc                . = 0x2fc
 *fill*         0x0000026a       0x92 ff
                0x000002fc                PROVIDE (__CRP_WORD_START__ = .)
 *(SORT_BY_ALIGNMENT(.crp))
 .crp           0x000002fc        0x4 ./startup/startup_lpc845.o
                0x000002fc                CRP_WORD
                0x00000300                PROVIDE (__CRP_WORD_END__ = .)
                0x00000001                ASSERT (! ((__CRP_WORD_START__ == __CRP_WORD_END__)), Linker CRP Enabled, but no CRP_WORD provided within application)
 *(SORT_BY_ALIGNMENT(.text*))
 .text.__assertion_failed
                0x00000300       0x1c ./utilities/fsl_assert.o
                0x00000300                __assertion_failed
 .text.DbgConsole_Init
                0x0000031c       0xa8 ./utilities/fsl_debug_console.o
                0x0000031c                DbgConsole_Init
 .text.DbgConsole_Vprintf
                0x000003c4       0x40 ./utilities/fsl_debug_console.o
                0x000003c4                DbgConsole_Vprintf
 .text.DbgConsole_Putchar
                0x00000404       0x30 ./utilities/fsl_debug_console.o
                0x00000404                DbgConsole_Putchar
 .text.ctimer0_callback
                0x00000434       0xa8 ./source/Dist/UH_HCSR-04.o
                0x00000434                ctimer0_callback
 .text.rightWheel_cb
                0x000004dc       0x60 ./source/Dist/UH_HCSR-04.o
                0x000004dc                rightWheel_cb
 .text.leftWheel_cb
                0x0000053c       0x60 ./source/Dist/UH_HCSR-04.o
                0x0000053c                leftWheel_cb
 .text.UH_measure
                0x0000059c      0x12c ./source/Dist/UH_HCSR-04.o
                0x0000059c                UH_measure
 .text.__NVIC_SetPriority
                0x000006c8       0xdc ./source/LPC845_Project_UH_tavmero.o
 .text.SysTick_Config
                0x000007a4       0x48 ./source/LPC845_Project_UH_tavmero.o
 .text.Init     0x000007ec       0x48 ./source/LPC845_Project_UH_tavmero.o
                0x000007ec                Init
 .text.main     0x00000834      0x1e4 ./source/LPC845_Project_UH_tavmero.o
                0x00000834                main
 .text.SysTimer_Tou1
                0x00000a18       0x18 ./source/SysTimer.o
                0x00000a18                SysTimer_Tou1
 .text.StartTimeout1
                0x00000a30       0x28 ./source/SysTimer.o
                0x00000a30                StartTimeout1
 .text.TimeoutDone1
                0x00000a58       0x18 ./source/SysTimer.o
                0x00000a58                TimeoutDone1
 .text.SysTimer_Tou2
                0x00000a70       0x18 ./source/SysTimer.o
                0x00000a70                SysTimer_Tou2
 .text.SysTimer_Tou3
                0x00000a88       0x18 ./source/SysTimer.o
                0x00000a88                SysTimer_Tou3
 .text.SysTimer_Tou4
                0x00000aa0       0x18 ./source/SysTimer.o
                0x00000aa0                SysTimer_Tou4
 .text.StartTimeout4
                0x00000ab8       0x28 ./source/SysTimer.o
                0x00000ab8                StartTimeout4
 .text.TimeoutDone4
                0x00000ae0       0x18 ./source/SysTimer.o
                0x00000ae0                TimeoutDone4
 .text.HardFault_Handler
                0x00000af8       0x30 ./source/semihost_hardfault.o
                0x00000af8                HardFault_Handler
 .text.SysTick_Handler
                0x00000b28       0x3c ./source/sys.o
                0x00000b28                SysTick_Handler
 .text.CLOCK_GetSystemPLLFreq
                0x00000b64       0x20 ./drivers/fsl_clock.o
 .text.CLOCK_GetWdtOscFreq
                0x00000b84       0x14 ./drivers/fsl_clock.o
 .text.CLOCK_GetExtClkFreq
                0x00000b98       0x14 ./drivers/fsl_clock.o
 .text.CLOCK_UpdateClkSrc
                0x00000bac       0x4c ./drivers/fsl_clock.o
 .text.CLOCK_GetMainClkFreq
                0x00000bf8       0x78 ./drivers/fsl_clock.o
                0x00000bf8                CLOCK_GetMainClkFreq
 .text.CLOCK_GetFroFreq
                0x00000c70       0x78 ./drivers/fsl_clock.o
                0x00000c70                CLOCK_GetFroFreq
 .text.CLOCK_GetSystemPLLInClockRate
                0x00000ce8       0x64 ./drivers/fsl_clock.o
                0x00000ce8                CLOCK_GetSystemPLLInClockRate
 .text.CLOCK_SetMainClkSrc
                0x00000d4c       0x9c ./drivers/fsl_clock.o
                0x00000d4c                CLOCK_SetMainClkSrc
 .text.CLOCK_SetFroOutClkSrc
                0x00000de8       0x48 ./drivers/fsl_clock.o
                0x00000de8                CLOCK_SetFroOutClkSrc
 .text.__NVIC_EnableIRQ
                0x00000e30       0x34 ./drivers/fsl_ctimer.o
 .text.CLOCK_EnableClock
                0x00000e64       0x54 ./drivers/fsl_ctimer.o
 .text.CTIMER_GetInstance
                0x00000eb8       0x50 ./drivers/fsl_ctimer.o
 .text.CTIMER_Init
                0x00000f08       0x68 ./drivers/fsl_ctimer.o
                0x00000f08                CTIMER_Init
 .text.CTIMER_RegisterCallBack
                0x00000f70       0x40 ./drivers/fsl_ctimer.o
                0x00000f70                CTIMER_RegisterCallBack
 .text.CTIMER_GenericIRQHandler
                0x00000fb0       0xb0 ./drivers/fsl_ctimer.o
 .text.CLOCK_EnableClock
                0x00001060       0x54 ./drivers/fsl_gpio.o
 .text.GPIO_EnablePortClock
                0x000010b4       0x38 ./drivers/fsl_gpio.o
 .text.RESET_SetPeripheralReset
                0x000010ec       0x70 ./drivers/fsl_reset.o
 .text.RESET_ClearPeripheralReset
                0x0000115c       0x6c ./drivers/fsl_reset.o
 .text.CLOCK_EnableClock
                0x000011c8       0x54 ./drivers/fsl_sctimer.o
 .text.SCTIMER_StartTimer
                0x0000121c       0xe4 ./drivers/fsl_sctimer.o
 .text.SCTIMER_StopTimer
                0x00001300       0xe0 ./drivers/fsl_sctimer.o
 .text.SCTIMER_SetupOutputSetAction
                0x000013e0       0x48 ./drivers/fsl_sctimer.o
 .text.SCTIMER_SetupOutputClearAction
                0x00001428       0x4c ./drivers/fsl_sctimer.o
 .text.SCTIMER_SetupCounterLimitAction
                0x00001474       0xc4 ./drivers/fsl_sctimer.o
 .text.SCTIMER_GetInstance
                0x00001538       0x50 ./drivers/fsl_sctimer.o
 .text.SCTIMER_Init
                0x00001588      0x148 ./drivers/fsl_sctimer.o
                0x00001588                SCTIMER_Init
 .text.SCTIMER_SetupPwm
                0x000016d0      0x2dc ./drivers/fsl_sctimer.o
                0x000016d0                SCTIMER_SetupPwm
 .text.SCTIMER_UpdatePwmDutycycle
                0x000019ac      0x19c ./drivers/fsl_sctimer.o
                0x000019ac                SCTIMER_UpdatePwmDutycycle
 .text.SCTIMER_CreateAndScheduleEvent
                0x00001b48      0x248 ./drivers/fsl_sctimer.o
                0x00001b48                SCTIMER_CreateAndScheduleEvent
 .text.SCTIMER_EventHandleIRQ
                0x00001d90       0x78 ./drivers/fsl_sctimer.o
                0x00001d90                SCTIMER_EventHandleIRQ
 .text.SCT0_DriverIRQHandler
                0x00001e08       0x1c ./drivers/fsl_sctimer.o
                0x00001e08                SCT0_DriverIRQHandler
 .text.SWM_SetMovablePinSelect
                0x00001e24       0x98 ./drivers/fsl_swm.o
                0x00001e24                SWM_SetMovablePinSelect
 .text.SWM_SetFixedPinSelect
                0x00001ebc       0xa0 ./drivers/fsl_swm.o
                0x00001ebc                SWM_SetFixedPinSelect
 .text.CLOCK_EnableClock
                0x00001f5c       0x54 ./drivers/fsl_usart.o
 .text.USART_EnableContinuousSCLK
                0x00001fb0       0x40 ./drivers/fsl_usart.o
 .text.USART_GetInstance
                0x00001ff0       0x4c ./drivers/fsl_usart.o
                0x00001ff0                USART_GetInstance
 .text.USART_Init
                0x0000203c      0x12c ./drivers/fsl_usart.o
                0x0000203c                USART_Init
 .text.USART_GetDefaultConfig
                0x00002168       0x74 ./drivers/fsl_usart.o
                0x00002168                USART_GetDefaultConfig
 .text.USART_SetBaudRate
                0x000021dc      0x148 ./drivers/fsl_usart.o
                0x000021dc                USART_SetBaudRate
 .text.USART_WriteBlocking
                0x00002324       0x64 ./drivers/fsl_usart.o
                0x00002324                USART_WriteBlocking
 .text.USART_ReadBlocking
                0x00002388       0xc0 ./drivers/fsl_usart.o
                0x00002388                USART_ReadBlocking
 .text.USART0_DriverIRQHandler
                0x00002448       0x24 ./drivers/fsl_usart.o
                0x00002448                USART0_DriverIRQHandler
 .text.USART1_DriverIRQHandler
                0x0000246c       0x24 ./drivers/fsl_usart.o
                0x0000246c                USART1_DriverIRQHandler
 .text.USART2_DriverIRQHandler
                0x00002490       0x24 ./drivers/fsl_usart.o
                0x00002490                USART2_DriverIRQHandler
 .text.PIN_INT6_USART3_DriverIRQHandler
                0x000024b4       0x24 ./drivers/fsl_usart.o
                0x000024b4                PIN_INT6_USART3_DriverIRQHandler
 .text.PIN_INT7_USART4_DriverIRQHandler
                0x000024d8       0x24 ./drivers/fsl_usart.o
                0x000024d8                PIN_INT7_USART4_DriverIRQHandler
 .text.SystemInit
                0x000024fc       0x3c ./device/system_LPC845.o
                0x000024fc                SystemInit
 .text.HAL_UartGetStatus
                0x00002538       0x20 ./component/uart/fsl_adapter_miniusart.o
 .text.HAL_UartInit
                0x00002558      0x11c ./component/uart/fsl_adapter_miniusart.o
                0x00002558                HAL_UartInit
 .text.HAL_UartReceiveBlocking
                0x00002674       0x78 ./component/uart/fsl_adapter_miniusart.o
                0x00002674                HAL_UartReceiveBlocking
 .text.HAL_UartSendBlocking
                0x000026ec       0x6c ./component/uart/fsl_adapter_miniusart.o
                0x000026ec                HAL_UartSendBlocking
 .text.CLOCK_Select
                0x00002758       0x38 ./board/board.o
 .text.BOARD_InitDebugConsole
                0x00002790       0x4c ./board/board.o
                0x00002790                BOARD_InitDebugConsole
 .text.CLOCK_Select
                0x000027dc       0x38 ./board/clock_config.o
 .text.CLOCK_SetClkDivider
                0x00002814       0x30 ./board/clock_config.o
 .text.CLOCK_SetCoreSysClkDiv
                0x00002844       0x3c ./board/clock_config.o
 .text.CLOCK_SetFroOscFreq
                0x00002880       0x24 ./board/clock_config.o
 .text.POWER_DisablePD
                0x000028a4       0x2c ./board/clock_config.o
 .text.BOARD_BootClockFRO18M
                0x000028d0       0x74 ./board/clock_config.o
                0x000028d0                BOARD_BootClockFRO18M
 .text.__NVIC_SetPriority
                0x00002944       0xdc ./board/peripherals.o
 .text.SCTIMER_StartTimer
                0x00002a20       0xe4 ./board/peripherals.o
 .text.CTIMER0_init
                0x00002b04       0x5c ./board/peripherals.o
 .text.SCT0_init
                0x00002b60       0xa0 ./board/peripherals.o
 .text.CLOCK_EnableClock
                0x00002c00       0x54 ./board/pin_mux.o
 .text.CLOCK_DisableClock
                0x00002c54       0x58 ./board/pin_mux.o
 .text.BOARD_InitPins
                0x00002cac       0x70 ./board/pin_mux.o
                0x00002cac                BOARD_InitPins
 .text.BOARD_InitLEDsPins
                0x00002d1c       0x9c ./board/pin_mux.o
                0x00002d1c                BOARD_InitLEDsPins
 .text.BOARD_InitDEBUG_UARTPins
                0x00002db8       0x60 ./board/pin_mux.o
                0x00002db8                BOARD_InitDEBUG_UARTPins
 .text.BOARD_InitSWD_DEBUGPins
                0x00002e18       0x80 ./board/pin_mux.o
                0x00002e18                BOARD_InitSWD_DEBUGPins
 .text.BOARD_InitBUTTONsPins
                0x00002e98       0x50 ./board/pin_mux.o
                0x00002e98                BOARD_InitBUTTONsPins
 .text.BOARD_InitCAPTPins
                0x00002ee8       0xa4 ./board/pin_mux.o
                0x00002ee8                BOARD_InitCAPTPins
 .text.Board_InitCTIMER0_CAP01
                0x00002f8c       0x40 ./board/pin_mux.o
                0x00002f8c                Board_InitCTIMER0_CAP01
 .text.ceilf    0x00002fcc       0x54 f:/mcuxpressoide_11.7.0_9198/ide/plugins/com.nxp.mcuxpresso.tools.win32_11.7.0.202209140929/tools/bin/../lib/gcc/arm-none-eabi/10.3.1/../../../../arm-none-eabi/lib/thumb/v6-m/nofp\libcr_c.a(ceilf.o)
                0x00002fcc                ceilf
 .text._initio  0x00003020       0x7c f:/mcuxpressoide_11.7.0_9198/ide/plugins/com.nxp.mcuxpresso.tools.win32_11.7.0.202209140929/tools/bin/../lib/gcc/arm-none-eabi/10.3.1/../../../../arm-none-eabi/lib/thumb/v6-m/nofp\libcr_c.a(initio.o)
                0x00003020                _initio
 .text.setvbuf  0x0000309c       0x4c f:/mcuxpressoide_11.7.0_9198/ide/plugins/com.nxp.mcuxpresso.tools.win32_11.7.0.202209140929/tools/bin/../lib/gcc/arm-none-eabi/10.3.1/../../../../arm-none-eabi/lib/thumb/v6-m/nofp\libcr_c.a(setvbuf.o)
                0x0000309c                setvbuf
 .text.strlen   0x000030e8       0x58 f:/mcuxpressoide_11.7.0_9198/ide/plugins/com.nxp.mcuxpresso.tools.win32_11.7.0.202209140929/tools/bin/../lib/gcc/arm-none-eabi/10.3.1/../../../../arm-none-eabi/lib/thumb/v6-m/nofp\libcr_c.a(strlen.o)
                0x000030e8                strlen
 .text._deferredlazyseek
                0x00003140       0x40 f:/mcuxpressoide_11.7.0_9198/ide/plugins/com.nxp.mcuxpresso.tools.win32_11.7.0.202209140929/tools/bin/../lib/gcc/arm-none-eabi/10.3.1/../../../../arm-none-eabi/lib/thumb/v6-m/nofp\libcr_c.a(_deferredlazyseek.o)
                0x00003140                _deferredlazyseek
 .text._fdopen  0x00003180       0x74 f:/mcuxpressoide_11.7.0_9198/ide/plugins/com.nxp.mcuxpresso.tools.win32_11.7.0.202209140929/tools/bin/../lib/gcc/arm-none-eabi/10.3.1/../../../../arm-none-eabi/lib/thumb/v6-m/nofp\libcr_c.a(_fdopen.o)
                0x00003180                _fdopen
 .text._fflush  0x000031f4       0x60 f:/mcuxpressoide_11.7.0_9198/ide/plugins/com.nxp.mcuxpresso.tools.win32_11.7.0.202209140929/tools/bin/../lib/gcc/arm-none-eabi/10.3.1/../../../../arm-none-eabi/lib/thumb/v6-m/nofp\libcr_c.a(_fflush.o)
                0x000031f4                _fflush
 .text._Cwritebuf
                0x00003254       0x68 f:/mcuxpressoide_11.7.0_9198/ide/plugins/com.nxp.mcuxpresso.tools.win32_11.7.0.202209140929/tools/bin/../lib/gcc/arm-none-eabi/10.3.1/../../../../arm-none-eabi/lib/thumb/v6-m/nofp\libcr_c.a(_writebuf.o)
                0x00003254                _Cwritebuf
 .text.fclose   0x000032bc       0x5c f:/mcuxpressoide_11.7.0_9198/ide/plugins/com.nxp.mcuxpresso.tools.win32_11.7.0.202209140929/tools/bin/../lib/gcc/arm-none-eabi/10.3.1/../../../../arm-none-eabi/lib/thumb/v6-m/nofp\libcr_c.a(fclose.o)
                0x000032bc                fclose
 .text.fflush   0x00003318       0x44 f:/mcuxpressoide_11.7.0_9198/ide/plugins/com.nxp.mcuxpresso.tools.win32_11.7.0.202209140929/tools/bin/../lib/gcc/arm-none-eabi/10.3.1/../../../../arm-none-eabi/lib/thumb/v6-m/nofp\libcr_c.a(fflush.o)
                0x00003318                fflush
 .text.fseek    0x0000335c       0xf0 f:/mcuxpressoide_11.7.0_9198/ide/plugins/com.nxp.mcuxpresso.tools.win32_11.7.0.202209140929/tools/bin/../lib/gcc/arm-none-eabi/10.3.1/../../../../arm-none-eabi/lib/thumb/v6-m/nofp\libcr_c.a(fseek.o)
                0x0000335c                fseek
 .text.ftell    0x0000344c       0x48 f:/mcuxpressoide_11.7.0_9198/ide/plugins/com.nxp.mcuxpresso.tools.win32_11.7.0.202209140929/tools/bin/../lib/gcc/arm-none-eabi/10.3.1/../../../../arm-none-eabi/lib/thumb/v6-m/nofp\libcr_c.a(ftell.o)
                0x0000344c                ftell
 .text._do_fflush
                0x00003494       0x48 f:/mcuxpressoide_11.7.0_9198/ide/plugins/com.nxp.mcuxpresso.tools.win32_11.7.0.202209140929/tools/bin/../lib/gcc/arm-none-eabi/10.3.1/../../../../arm-none-eabi/lib/thumb/v6-m/nofp\libcr_c.a(_do_fflush.o)
                0x00003494                _do_fflush
 .text.__aeabi_fdiv
                0x000034dc       0xe8 f:/mcuxpressoide_11.7.0_9198/ide/plugins/com.nxp.mcuxpresso.tools.win32_11.7.0.202209140929/tools/bin/../lib/gcc/arm-none-eabi/10.3.1/thumb/v6-m/nofp\libcr_eabihelpers.a(float.o)
                0x000034dc                __aeabi_fdiv
 .text.__aeabi_fsub
                0x000035c4      0x128 f:/mcuxpressoide_11.7.0_9198/ide/plugins/com.nxp.mcuxpresso.tools.win32_11.7.0.202209140929/tools/bin/../lib/gcc/arm-none-eabi/10.3.1/thumb/v6-m/nofp\libcr_eabihelpers.a(float.o)
                0x000035c4                __aeabi_fsub
 .text.__aeabi_fadd
                0x000036ec       0xac f:/mcuxpressoide_11.7.0_9198/ide/plugins/com.nxp.mcuxpresso.tools.win32_11.7.0.202209140929/tools/bin/../lib/gcc/arm-none-eabi/10.3.1/thumb/v6-m/nofp\libcr_eabihelpers.a(float.o)
                0x000036ec                __aeabi_fadd
 .text.DbgConsole_Printf
                0x00003798       0x32 ./utilities/fsl_debug_console.o
                0x00003798                DbgConsole_Printf
 .text.DbgConsole_PrintfPaddingCharacter
                0x000037ca       0x48 ./utilities/fsl_debug_console.o
 .text.DbgConsole_ConvertRadixNumToString
                0x00003812       0xc2 ./utilities/fsl_debug_console.o
 .text.DbgConsole_PrintfFormattedData
                0x000038d4      0x3da ./utilities/fsl_debug_console.o
 .text.GPIO_PortClear
                0x00003cae       0x26 ./source/Dist/Measure.o
 .text.Measure  0x00003cd4       0x90 ./source/Dist/Measure.o
                0x00003cd4                Measure
 .text.FirstMeasure
                0x00003d64       0x26 ./source/Dist/Measure.o
                0x00003d64                FirstMeasure
 .text.GPIO_PortSet
                0x00003d8a       0x26 ./source/Dist/UH_HCSR-04.o
 .text.GPIO_PortClear
                0x00003db0       0x26 ./source/Dist/UH_HCSR-04.o
 .text.CTIMER_GetCaptureValue
                0x00003dd6       0x26 ./source/Dist/UH_HCSR-04.o
 .text.StartUH_TRG
                0x00003dfc       0x20 ./source/Dist/UH_HCSR-04.o
                0x00003dfc                StartUH_TRG
 .text.GPIO_PortSet
                0x00003e1c       0x26 ./source/LPC845_Project_UH_tavmero.o
 .text.CTIMER_StartTimer
                0x00003e42       0x1c ./source/LPC845_Project_UH_tavmero.o
 .text.SysTimer_Tou
                0x00003e5e       0x34 ./source/SysTimer.o
                0x00003e5e                SysTimer_Tou
 .text.StartTimeout
                0x00003e92       0x44 ./source/SysTimer.o
                0x00003e92                StartTimeout
 .text.TimeoutDone
                0x00003ed6       0x3a ./source/SysTimer.o
                0x00003ed6                TimeoutDone
 .text.TimeoutExtension
                0x00003f10       0x1a ./source/SysTimer.o
                0x00003f10                TimeoutExtension
 .text.EnableIRQ
                0x00003f2a       0x36 ./drivers/fsl_ctimer.o
 .text.CTIMER_GetStatusFlags
                0x00003f60       0x14 ./drivers/fsl_ctimer.o
 .text.CTIMER_ClearStatusFlags
                0x00003f74       0x18 ./drivers/fsl_ctimer.o
 .text.CTIMER_SetupCapture
                0x00003f8c       0xa8 ./drivers/fsl_ctimer.o
                0x00003f8c                CTIMER_SetupCapture
 .text.CTIMER0_DriverIRQHandler
                0x00004034       0x10 ./drivers/fsl_ctimer.o
                0x00004034                CTIMER0_DriverIRQHandler
 .text.GPIO_PinInit
                0x00004044       0xc0 ./drivers/fsl_gpio.o
                0x00004044                GPIO_PinInit
 .text.RESET_PeripheralReset
                0x00004104       0x20 ./drivers/fsl_reset.o
                0x00004104                RESET_PeripheralReset
 .text.USART_EnableTx
                0x00004124       0x46 ./drivers/fsl_usart.o
 .text.USART_EnableRx
                0x0000416a       0x44 ./drivers/fsl_usart.o
 .text.SystemInitHook
                0x000041ae        0xa ./device/system_LPC845.o
                0x000041ae                SystemInitHook
 .text.BOARD_InitBootClocks
                0x000041b8        0xe ./board/clock_config.o
                0x000041b8                BOARD_InitBootClocks
 .text.BOARD_InitPeripherals
                0x000041c6       0x12 ./board/peripherals.o
                0x000041c6                BOARD_InitPeripherals
 .text.BOARD_InitBootPeripherals
                0x000041d8        0xe ./board/peripherals.o
                0x000041d8                BOARD_InitBootPeripherals
 .text.IOCON_PinMuxSet
                0x000041e6       0x26 ./board/pin_mux.o
 .text.BOARD_InitBootPins
                0x0000420c       0x26 ./board/pin_mux.o
                0x0000420c                BOARD_InitBootPins
 .text.__main   0x00004232        0xc f:/mcuxpressoide_11.7.0_9198/ide/plugins/com.nxp.mcuxpresso.tools.win32_11.7.0.202209140929/tools/bin/../lib/gcc/arm-none-eabi/10.3.1/../../../../arm-none-eabi/lib/thumb/v6-m/nofp\libcr_nohost_nf.a(_cr__main.o)
                0x00004232                __main
 .text.memcpy   0x0000423e        0x8 f:/mcuxpressoide_11.7.0_9198/ide/plugins/com.nxp.mcuxpresso.tools.win32_11.7.0.202209140929/tools/bin/../lib/gcc/arm-none-eabi/10.3.1/../../../../arm-none-eabi/lib/thumb/v6-m/nofp\libcr_c.a(memcpy.o)
                0x0000423e                memcpy
 .text.memset   0x00004246        0x8 f:/mcuxpressoide_11.7.0_9198/ide/plugins/com.nxp.mcuxpresso.tools.win32_11.7.0.202209140929/tools/bin/../lib/gcc/arm-none-eabi/10.3.1/../../../../arm-none-eabi/lib/thumb/v6-m/nofp\libcr_c.a(memset.o)
                0x00004246                memset
 .text.free     0x0000424e       0x2c f:/mcuxpressoide_11.7.0_9198/ide/plugins/com.nxp.mcuxpresso.tools.win32_11.7.0.202209140929/tools/bin/../lib/gcc/arm-none-eabi/10.3.1/../../../../arm-none-eabi/lib/thumb/v6-m/nofp\libcr_c.a(alloc.o)
                0x0000424e                free
 .text.remove   0x0000427a       0x12 f:/mcuxpressoide_11.7.0_9198/ide/plugins/com.nxp.mcuxpresso.tools.win32_11.7.0.202209140929/tools/bin/../lib/gcc/arm-none-eabi/10.3.1/../../../../arm-none-eabi/lib/thumb/v6-m/nofp\libcr_c.a(remove.o)
                0x0000427a                remove
 .text.__aeabi_division_idivmod
                0x0000428c       0x78 f:/mcuxpressoide_11.7.0_9198/ide/plugins/com.nxp.mcuxpresso.tools.win32_11.7.0.202209140929/tools/bin/../lib/gcc/arm-none-eabi/10.3.1/thumb/v6-m/nofp\libcr_eabihelpers.a(division_32.o)
                0x0000428c                __aeabi_idivmod
                0x0000428c                __aeabi_idiv
                0x00004292                __aeabi_uidivmod
                0x00004292                __aeabi_uidiv
 .text.__aeabi_division_uldivmod
                0x00004304       0x5a f:/mcuxpressoide_11.7.0_9198/ide/plugins/com.nxp.mcuxpresso.tools.win32_11.7.0.202209140929/tools/bin/../lib/gcc/arm-none-eabi/10.3.1/thumb/v6-m/nofp\libcr_eabihelpers.a(division_64.o)
                0x00004304                __aeabi_uldivmod
 .text.__aeabi_division_idiv0
                0x0000435e        0x2 f:/mcuxpressoide_11.7.0_9198/ide/plugins/com.nxp.mcuxpresso.tools.win32_11.7.0.202209140929/tools/bin/../lib/gcc/arm-none-eabi/10.3.1/thumb/v6-m/nofp\libcr_eabihelpers.a(division_idiv0.o)
                0x0000435e                __aeabi_idiv0
 .text.__aeabi_f2uiz
                0x00004360       0x2a f:/mcuxpressoide_11.7.0_9198/ide/plugins/com.nxp.mcuxpresso.tools.win32_11.7.0.202209140929/tools/bin/../lib/gcc/arm-none-eabi/10.3.1/thumb/v6-m/nofp\libcr_eabihelpers.a(float.o)
                0x00004360                __aeabi_f2uiz
 .text.__bhs_ui2f
                0x0000438a       0x60 f:/mcuxpressoide_11.7.0_9198/ide/plugins/com.nxp.mcuxpresso.tools.win32_11.7.0.202209140929/tools/bin/../lib/gcc/arm-none-eabi/10.3.1/thumb/v6-m/nofp\libcr_eabihelpers.a(float.o)
                0x0000438a                __bhs_ui2f
 .text.__aeabi_ui2f
                0x000043ea        0xc f:/mcuxpressoide_11.7.0_9198/ide/plugins/com.nxp.mcuxpresso.tools.win32_11.7.0.202209140929/tools/bin/../lib/gcc/arm-none-eabi/10.3.1/thumb/v6-m/nofp\libcr_eabihelpers.a(float.o)
                0x000043ea                __aeabi_ui2f
 .text.__aeabi_fcmpeq
                0x000043f6       0x20 f:/mcuxpressoide_11.7.0_9198/ide/plugins/com.nxp.mcuxpresso.tools.win32_11.7.0.202209140929/tools/bin/../lib/gcc/arm-none-eabi/10.3.1/thumb/v6-m/nofp\libcr_eabihelpers.a(float.o)
                0x000043f6                __aeabi_fcmpeq
 .text.__aeabi_llong_lmul
                0x00004416       0x2e f:/mcuxpressoide_11.7.0_9198/ide/plugins/com.nxp.mcuxpresso.tools.win32_11.7.0.202209140929/tools/bin/../lib/gcc/arm-none-eabi/10.3.1/thumb/v6-m/nofp\libcr_eabihelpers.a(llong.o)
                0x00004416                __aeabi_lmul
 .text.__aeabi_memcpy
                0x00004444       0x2c f:/mcuxpressoide_11.7.0_9198/ide/plugins/com.nxp.mcuxpresso.tools.win32_11.7.0.202209140929/tools/bin/../lib/gcc/arm-none-eabi/10.3.1/thumb/v6-m/nofp\libcr_eabihelpers.a(memcpy.o)
                0x00004444                __aeabi_memcpy4
                0x00004444                __aeabi_memcpy8
                0x00004444                __aeabi_memcpy
 .text.__aeabi_memset_lowlevel
                0x00004470       0x2a f:/mcuxpressoide_11.7.0_9198/ide/plugins/com.nxp.mcuxpresso.tools.win32_11.7.0.202209140929/tools/bin/../lib/gcc/arm-none-eabi/10.3.1/thumb/v6-m/nofp\libcr_eabihelpers.a(memcpy.o)
                0x00004470                __aeabi_lowlevel_memset
 .text.__sys_close
                0x0000449a        0x6 f:/mcuxpressoide_11.7.0_9198/ide/plugins/com.nxp.mcuxpresso.tools.win32_11.7.0.202209140929/tools/bin/../lib/gcc/arm-none-eabi/10.3.1/../../../../arm-none-eabi/lib/thumb/v6-m/nofp\libcr_nohost_nf.a(__sys_close.o)
                0x0000449a                __sys_close
 .text.__sys_flen
                0x000044a0        0x6 f:/mcuxpressoide_11.7.0_9198/ide/plugins/com.nxp.mcuxpresso.tools.win32_11.7.0.202209140929/tools/bin/../lib/gcc/arm-none-eabi/10.3.1/../../../../arm-none-eabi/lib/thumb/v6-m/nofp\libcr_nohost_nf.a(__sys_flen.o)
                0x000044a0                __sys_flen
 .text.__sys_istty
                0x000044a6        0x6 f:/mcuxpressoide_11.7.0_9198/ide/plugins/com.nxp.mcuxpresso.tools.win32_11.7.0.202209140929/tools/bin/../lib/gcc/arm-none-eabi/10.3.1/../../../../arm-none-eabi/lib/thumb/v6-m/nofp\libcr_nohost_nf.a(__sys_istty.o)
                0x000044a6                __sys_istty
 .text.__sys_remove
                0x000044ac        0x6 f:/mcuxpressoide_11.7.0_9198/ide/plugins/com.nxp.mcuxpresso.tools.win32_11.7.0.202209140929/tools/bin/../lib/gcc/arm-none-eabi/10.3.1/../../../../arm-none-eabi/lib/thumb/v6-m/nofp\libcr_nohost_nf.a(__sys_remove.o)
                0x000044ac                __sys_remove
 .text.__sys_seek
                0x000044b2        0x6 f:/mcuxpressoide_11.7.0_9198/ide/plugins/com.nxp.mcuxpresso.tools.win32_11.7.0.202209140929/tools/bin/../lib/gcc/arm-none-eabi/10.3.1/../../../../arm-none-eabi/lib/thumb/v6-m/nofp\libcr_nohost_nf.a(__sys_seek.o)
                0x000044b2                __sys_seek
 .text.__sys_tmpnam
                0x000044b8        0x6 f:/mcuxpressoide_11.7.0_9198/ide/plugins/com.nxp.mcuxpresso.tools.win32_11.7.0.202209140929/tools/bin/../lib/gcc/arm-none-eabi/10.3.1/../../../../arm-none-eabi/lib/thumb/v6-m/nofp\libcr_nohost_nf.a(__sys_tmpnam.o)
                0x000044b8                __sys_tmpnam
 .text.__sys_write
                0x000044be        0x4 f:/mcuxpressoide_11.7.0_9198/ide/plugins/com.nxp.mcuxpresso.tools.win32_11.7.0.202209140929/tools/bin/../lib/gcc/arm-none-eabi/10.3.1/../../../../arm-none-eabi/lib/thumb/v6-m/nofp\libcr_nohost_nf.a(__sys_write.o)
                0x000044be                __sys_write
 *(SORT_BY_ALIGNMENT(.rodata) SORT_BY_ALIGNMENT(.rodata.*) SORT_BY_ALIGNMENT(.constdata) SORT_BY_ALIGNMENT(.constdata.*))
 *fill*         0x000044c2        0x2 ff
 .rodata.__assertion_failed.str1.4
                0x000044c4       0x14 ./utilities/fsl_assert.o
 .rodata.main.str1.4
                0x000044d8       0x6b ./source/LPC845_Project_UH_tavmero.o
 *fill*         0x00004543        0x1 ff
 .rodata.CLOCK_UpdateClkSrc.str1.4
                0x00004544       0x17 ./drivers/fsl_clock.o
 *fill*         0x0000455b        0x1 ff
 .rodata.CTIMER_GetInstance.str1.4
                0x0000455c       0x2e ./drivers/fsl_ctimer.o
 *fill*         0x0000458a        0x2 ff
 .rodata.CTIMER_Init.str1.4
                0x0000458c       0x22 ./drivers/fsl_ctimer.o
 *fill*         0x000045ae        0x2 ff
 .rodata.s_gpioClockName
                0x000045b0        0x4 ./drivers/fsl_gpio.o
 .rodata.GPIO_EnablePortClock.str1.4
                0x000045b4       0x33 ./drivers/fsl_gpio.o
 *fill*         0x000045e7        0x1 ff
 .rodata.RESET_SetPeripheralReset.str1.4
                0x000045e8       0x1f ./drivers/fsl_reset.o
 *fill*         0x00004607        0x1 ff
 .rodata.RESET_ClearPeripheralReset.str1.4
                0x00004608       0x1f ./drivers/fsl_reset.o
 .rodata.SCTIMER_StartTimer.str1.4
                0x00004627       0x1f ./drivers/fsl_sctimer.o
                                0x12a (size before relaxing)
 *fill*         0x00004627        0x1 ff
 .rodata.SCTIMER_StopTimer.str1.4
                0x00004628      0x12a ./drivers/fsl_sctimer.o
 *fill*         0x00004752        0x2 ff
 .rodata.SCTIMER_SetupOutputSetAction.str1.4
                0x00004754       0x4a ./drivers/fsl_sctimer.o
 *fill*         0x0000479e        0x2 ff
 .rodata.SCTIMER_SetupOutputClearAction.str1.4
                0x000047a0       0x4a ./drivers/fsl_sctimer.o
 *fill*         0x000047ea        0x2 ff
 .rodata.SCTIMER_SetupCounterLimitAction.str1.4
                0x000047ec       0xc9 ./drivers/fsl_sctimer.o
 *fill*         0x000048b5        0x3 ff
 .rodata.SCTIMER_GetInstance.str1.4
                0x000048b8       0x2c ./drivers/fsl_sctimer.o
 .rodata.SCTIMER_Init.str1.4
                0x000048e4       0x23 ./drivers/fsl_sctimer.o
 *fill*         0x00004907        0x1 ff
 .rodata.SCTIMER_SetupPwm.str1.4
                0x00004908      0x119 ./drivers/fsl_sctimer.o
 *fill*         0x00004a21        0x3 ff
 .rodata.SCTIMER_UpdatePwmDutycycle.str1.4
                0x00004a24       0xc5 ./drivers/fsl_sctimer.o
 *fill*         0x00004ae9        0x3 ff
 .rodata.SWM_SetMovablePinSelect.str1.4
                0x00004aec       0x49 ./drivers/fsl_swm.o
 *fill*         0x00004b35        0x3 ff
 .rodata.SWM_SetFixedPinSelect.str1.4
                0x00004b38       0x1d ./drivers/fsl_swm.o
 *fill*         0x00004b55        0x3 ff
 .rodata.s_usartBaseAddrs
                0x00004b58       0x14 ./drivers/fsl_usart.o
 .rodata.s_usartClock
                0x00004b6c        0xa ./drivers/fsl_usart.o
 *fill*         0x00004b76        0x2 ff
 .rodata.s_usartRest
                0x00004b78       0x14 ./drivers/fsl_usart.o
 .rodata.USART_GetInstance.str1.4
                0x00004b8c       0x3b ./drivers/fsl_usart.o
 *fill*         0x00004bc7        0x1 ff
 .rodata.USART_Init.str1.4
                0x00004bc8       0x4f ./drivers/fsl_usart.o
 *fill*         0x00004c17        0x1 ff
 .rodata.USART_GetDefaultConfig.str1.4
                0x00004c18       0x21 ./drivers/fsl_usart.o
 *fill*         0x00004c39        0x3 ff
 .rodata.USART_SetBaudRate.str1.4
                0x00004c3c       0x8f ./drivers/fsl_usart.o
 *fill*         0x00004ccb        0x1 ff
 .rodata.USART_WriteBlocking.str1.4
                0x00004ccc       0x36 ./drivers/fsl_usart.o
 *fill*         0x00004d02        0x2 ff
 .rodata.USART_ReadBlocking.str1.4
                0x00004d04       0x36 ./drivers/fsl_usart.o
 *fill*         0x00004d3a        0x2 ff
 .rodata.s_UsartAdapterBase
                0x00004d3c       0x14 ./component/uart/fsl_adapter_miniusart.o
 .rodata.HAL_UartInit.str1.4
                0x00004d50       0xfb ./component/uart/fsl_adapter_miniusart.o
 *fill*         0x00004e4b        0x1 ff
 .rodata.HAL_UartReceiveBlocking.str1.4
                0x00004e4c       0x71 ./component/uart/fsl_adapter_miniusart.o
 *fill*         0x00004ebd        0x3 ff
 .rodata.HAL_UartSendBlocking.str1.4
                0x00004ec0       0x71 ./component/uart/fsl_adapter_miniusart.o
 *fill*         0x00004f31        0x3 ff
 .rodata.BOARD_InitDebugConsole.str1.4
                0x00004f34       0x27 ./board/board.o
 *fill*         0x00004f5b        0x1 ff
 .rodata.CLOCK_SetCoreSysClkDiv.str1.4
                0x00004f5c       0x66 ./board/clock_config.o
 *fill*         0x00004fc2        0x2 ff
 .rodata.SCTIMER_StartTimer.str1.4
                0x00004fc4      0x292 ./board/peripherals.o
 *fill*         0x00005256        0x2 ff
 .rodata.CTIMER0_config
                0x00005258        0x8 ./board/peripherals.o
                0x00005258                CTIMER0_config
 .rodata.SCT0_initConfig
                0x00005260        0x9 ./board/peripherals.o
                0x00005260                SCT0_initConfig
 *fill*         0x00005269        0x3 ff
 .rodata.SCT0_pwmSignalsConfig
                0x0000526c        0xc ./board/peripherals.o
                0x0000526c                SCT0_pwmSignalsConfig
 .rodata        0x00005278        0x2 ./board/pin_mux.o
 *fill*         0x0000527a        0x2 ff
 .rodata.__num_Ciob_streams
                0x0000527c        0x4 f:/mcuxpressoide_11.7.0_9198/ide/plugins/com.nxp.mcuxpresso.tools.win32_11.7.0.202209140929/tools/bin/../lib/gcc/arm-none-eabi/10.3.1/../../../../arm-none-eabi/lib/thumb/v6-m/nofp\libcr_nohost_nf.a(__ciob.o)
                0x0000527c                __num_Ciob_streams
 .rodata._initio.str1.1
                0x00005280        0x4 f:/mcuxpressoide_11.7.0_9198/ide/plugins/com.nxp.mcuxpresso.tools.win32_11.7.0.202209140929/tools/bin/../lib/gcc/arm-none-eabi/10.3.1/../../../../arm-none-eabi/lib/thumb/v6-m/nofp\libcr_c.a(initio.o)
                0x00005284                . = ALIGN (0x4)

.glue_7         0x00005284        0x0
 .glue_7        0x00005284        0x0 linker stubs

.glue_7t        0x00005284        0x0
 .glue_7t       0x00005284        0x0 linker stubs

.vfp11_veneer   0x00005284        0x0
 .vfp11_veneer  0x00005284        0x0 linker stubs

.v4_bx          0x00005284        0x0
 .v4_bx         0x00005284        0x0 linker stubs

.iplt           0x00005284        0x0
 .iplt          0x00005284        0x0 ./utilities/fsl_assert.o

.rel.dyn        0x00005284        0x0
 .rel.iplt      0x00005284        0x0 ./utilities/fsl_assert.o

.ARM.extab
 *(SORT_BY_ALIGNMENT(.ARM.extab*) SORT_BY_ALIGNMENT(.gnu.linkonce.armextab.*))

.ARM.exidx      0x00005284        0x0
                0x00005284                __exidx_start = .
 *(SORT_BY_ALIGNMENT(.ARM.exidx*) SORT_BY_ALIGNMENT(.gnu.linkonce.armexidx.*))
                0x00005284                __exidx_end = .
                0x00005284                _etext = .

.mtb_buffer_RAM2
 *(SORT_BY_ALIGNMENT(.mtb.$RAM2*))
 *(SORT_BY_ALIGNMENT(.mtb.$IAP_SRAM*))

.data_RAM2      0x10003fe0        0x0 load address 0x00005284
 FILL mask 0xff
                [!provide]                PROVIDE (__start_data_RAM2 = .)
                [!provide]                PROVIDE (__start_data_IAP_SRAM = .)
 *(SORT_BY_ALIGNMENT(.ramfunc.$RAM2))
 *(SORT_BY_ALIGNMENT(.ramfunc.$IAP_SRAM))
 *(SORT_BY_ALIGNMENT(.data.$RAM2))
 *(SORT_BY_ALIGNMENT(.data.$IAP_SRAM))
 *(SORT_BY_ALIGNMENT(.data.$RAM2.*))
 *(SORT_BY_ALIGNMENT(.data.$IAP_SRAM.*))
                0x10003fe0                . = ALIGN (0x4)
                [!provide]                PROVIDE (__end_data_RAM2 = .)
                [!provide]                PROVIDE (__end_data_IAP_SRAM = .)

.mtb_buffer_default
                0x10000000       0x80
 *(SORT_BY_ALIGNMENT(.mtb*))
 .mtb.$RAM1     0x10000000       0x80 ./source/mtb.o
                0x10000000                __mtb_buffer__

.uninit_RESERVED
                0x10000080        0x0
                0x10000080                _start_uninit_RESERVED = .
 *(SORT_BY_ALIGNMENT(.bss.$RESERVED*))
                0x10000080                . = ALIGN (0x4)
                0x10000080                _end_uninit_RESERVED = .

.data           0x10000080       0x2c load address 0x00005284
 FILL mask 0xff
                0x10000080                _data = .
                [!provide]                PROVIDE (__start_data_RAM = .)
                [!provide]                PROVIDE (__start_data_SRAM = .)
 *(SORT_BY_ALIGNMENT(vtable))
 *(SORT_BY_ALIGNMENT(.ramfunc*))
 *(SORT_BY_ALIGNMENT(CodeQuickAccess))
 *(SORT_BY_ALIGNMENT(DataQuickAccess))
 *(SORT_BY_ALIGNMENT(RamFunction))
 *(SORT_BY_ALIGNMENT(.data*))
 .data.pwmCounter
                0x10000080        0x4 ./source/sys.o
                0x10000080                pwmCounter
 .data.SystemCoreClock
                0x10000084        0x4 ./device/system_LPC845.o
                0x10000084                SystemCoreClock
 .data.CTIMER0_callback
                0x10000088       0x20 ./board/peripherals.o
                0x10000088                CTIMER0_callback
 .data.speedPercentRight
                0x100000a8        0x1 ./source/LPC845_Project_UH_tavmero.o
                0x100000a8                speedPercentRight
 .data.speedPercentLeft
                0x100000a9        0x1 ./source/LPC845_Project_UH_tavmero.o
                0x100000a9                speedPercentLeft
                0x100000ac                . = ALIGN (0x4)
 *fill*         0x100000aa        0x2 ff
                0x100000ac                _edata = .
                [!provide]                PROVIDE (__end_data_RAM = .)
                [!provide]                PROVIDE (__end_data_SRAM = .)

.igot.plt       0x100000ac        0x0 load address 0x000052b0
 .igot.plt      0x100000ac        0x0 ./utilities/fsl_assert.o

.bss_RAM2       0x10003fe0        0x0
                [!provide]                PROVIDE (__start_bss_RAM2 = .)
                [!provide]                PROVIDE (__start_bss_IAP_SRAM = .)
 *(SORT_BY_ALIGNMENT(.bss.$RAM2))
 *(SORT_BY_ALIGNMENT(.bss.$IAP_SRAM))
 *(SORT_BY_ALIGNMENT(.bss.$RAM2.*))
 *(SORT_BY_ALIGNMENT(.bss.$IAP_SRAM.*))
                0x10003fe0                . = ALIGN ((. != 0x0)?0x4:0x1)
                [!provide]                PROVIDE (__end_bss_RAM2 = .)
                [!provide]                PROVIDE (__end_bss_IAP_SRAM = .)

.bss            0x100000ac      0x174
                0x100000ac                _bss = .
                [!provide]                PROVIDE (__start_bss_RAM = .)
                [!provide]                PROVIDE (__start_bss_SRAM = .)
 *(SORT_BY_ALIGNMENT(.bss*))
 .bss.s_debugConsole
                0x100000ac       0x14 ./utilities/fsl_debug_console.o
 .bss.DistResult
                0x100000c0        0x4 ./source/Dist/UH_HCSR-04.o
 .bss.DistMeasRdy
                0x100000c4        0x4 ./source/Dist/UH_HCSR-04.o
 .bss.cap0      0x100000c8        0x4 ./source/Dist/UH_HCSR-04.o
 .bss.cap1      0x100000cc        0x4 ./source/Dist/UH_HCSR-04.o
 .bss.u32_RWSpeed
                0x100000d0        0x4 ./source/Dist/UH_HCSR-04.o
                0x100000d0                u32_RWSpeed
 .bss.u32_LWSpeed
                0x100000d4        0x4 ./source/Dist/UH_HCSR-04.o
                0x100000d4                u32_LWSpeed
 .bss.u32_lastR
                0x100000d8        0x4 ./source/Dist/UH_HCSR-04.o
                0x100000d8                u32_lastR
 .bss.u32_lastL
                0x100000dc        0x4 ./source/Dist/UH_HCSR-04.o
                0x100000dc                u32_lastL
 .bss.Tou1      0x100000e0        0x4 ./source/SysTimer.o
 .bss.Tou2      0x100000e4        0x4 ./source/SysTimer.o
 .bss.Tou3      0x100000e8        0x4 ./source/SysTimer.o
 .bss.Tou4      0x100000ec        0x4 ./source/SysTimer.o
 .bss.g_systickCounter
                0x100000f0        0x4 ./source/sys.o
 .bss.g_Ext_Clk_Freq
                0x100000f4        0x4 ./drivers/fsl_clock.o
                0x100000f4                g_Ext_Clk_Freq
 .bss.g_Wdt_Osc_Freq
                0x100000f8        0x4 ./drivers/fsl_clock.o
                0x100000f8                g_Wdt_Osc_Freq
 .bss.s_ctimerCallback
                0x100000fc        0x4 ./drivers/fsl_ctimer.o
 .bss.ctimerCallbackType
                0x10000100        0x1 ./drivers/fsl_ctimer.o
 *fill*         0x10000101        0x3 
 .bss.s_eventCallback
                0x10000104       0x20 ./drivers/fsl_sctimer.o
 .bss.s_currentEvent
                0x10000124        0x4 ./drivers/fsl_sctimer.o
 .bss.s_currentState
                0x10000128        0x4 ./drivers/fsl_sctimer.o
 .bss.s_currentMatch
                0x1000012c        0x4 ./drivers/fsl_sctimer.o
 .bss.s_currentMatchhigh
                0x10000130        0x4 ./drivers/fsl_sctimer.o
 .bss.s_sctimerIsr
                0x10000134        0x4 ./drivers/fsl_sctimer.o
 .bss.s_usartHandle
                0x10000138       0x14 ./drivers/fsl_usart.o
 .bss.s_usartIsr
                0x1000014c        0x4 ./drivers/fsl_usart.o
 .bss.SCT0_pwmEvent
                0x10000150       0x10 ./board/peripherals.o
                0x10000150                SCT0_pwmEvent
 .bss.errno     0x10000160        0x4 f:/mcuxpressoide_11.7.0_9198/ide/plugins/com.nxp.mcuxpresso.tools.win32_11.7.0.202209140929/tools/bin/../lib/gcc/arm-none-eabi/10.3.1/../../../../arm-none-eabi/lib/thumb/v6-m/nofp\libcr_c.a(errno.o)
                0x10000160                errno
 .bss.__Ciob    0x10000164       0xb4 f:/mcuxpressoide_11.7.0_9198/ide/plugins/com.nxp.mcuxpresso.tools.win32_11.7.0.202209140929/tools/bin/../lib/gcc/arm-none-eabi/10.3.1/../../../../arm-none-eabi/lib/thumb/v6-m/nofp\libcr_nohost_nf.a(__ciob.o)
                0x10000164                __Ciob
 .bss.UH_state.0
                0x10000218        0x2 ./source/Dist/UH_HCSR-04.o
 .bss.ui16_lastValidDistance
                0x1000021a        0x2 ./source/LPC845_Project_UH_tavmero.o
                0x1000021a                ui16_lastValidDistance
 .bss.cnt       0x1000021c        0x1 ./source/Dist/UH_HCSR-04.o
 *(SORT_BY_ALIGNMENT(COMMON))
                0x10000220                . = ALIGN (0x4)
 *fill*         0x1000021d        0x3 
                0x10000220                _ebss = .
                [!provide]                PROVIDE (__end_bss_RAM = .)
                [!provide]                PROVIDE (__end_bss_SRAM = .)
                [!provide]                PROVIDE (end = .)

.noinit_RAM2    0x10003fe0        0x0
                [!provide]                PROVIDE (__start_noinit_RAM2 = .)
                [!provide]                PROVIDE (__start_noinit_IAP_SRAM = .)
 *(SORT_BY_ALIGNMENT(.noinit.$RAM2))
 *(SORT_BY_ALIGNMENT(.noinit.$IAP_SRAM))
 *(SORT_BY_ALIGNMENT(.noinit.$RAM2.*))
 *(SORT_BY_ALIGNMENT(.noinit.$IAP_SRAM.*))
                0x10003fe0                . = ALIGN (0x4)
                [!provide]                PROVIDE (__end_noinit_RAM2 = .)
                [!provide]                PROVIDE (__end_noinit_IAP_SRAM = .)

.noinit         0x10000220        0x0
                0x10000220                _noinit = .
                [!provide]                PROVIDE (__start_noinit_RAM = .)
                [!provide]                PROVIDE (__start_noinit_SRAM = .)
 *(SORT_BY_ALIGNMENT(.noinit*))
                0x10000220                . = ALIGN (0x4)
                0x10000220                _end_noinit = .
                [!provide]                PROVIDE (__end_noinit_RAM = .)
                [!provide]                PROVIDE (__end_noinit_SRAM = .)
                0x000003f8                _HeapSize = 0x3f8

.heap           0x10000220      0x3f8
                0x10000220                _pvHeapStart = .
                0x10000618                . = (. + _HeapSize)
 *fill*         0x10000220      0x3f8 
                0x10000618                . = ALIGN (0x4)
                0x10000618                _pvHeapLimit = .
                0x000003f8                _StackSize = 0x3f8

.heap2stackfill
                0x10000618      0x3f8
                0x10000a10                . = (. + _StackSize)
 *fill*         0x10000618      0x3f8 

.stack          0x10003be8        0x0
                0x10003be8                _vStackBase = .
                0x10003be8                . = ALIGN (0x4)
                0x10003fe0                _vStackTop = (. + _StackSize)
                0xefffb2df                PROVIDE (__valid_user_code_checksum = (0x0 - (((_vStackTop + (ResetISR + 0x1)) + (DEFINED (NMI_Handler)?NMI_Handler:M0_NMI_Handler + 0x1)) + (DEFINED (HardFault_Handler)?HardFault_Handler:M0_HardFault_Handler + 0x1))))
                0x00000000                _image_start = LOADADDR (.text)
                0x000052b0                _image_end = (LOADADDR (.data) + SIZEOF (.data))
                0x000052b0                _image_size = (_image_end - _image_start)
OUTPUT(kisauto.axf elf32-littlearm)
LOAD linker stubs

.debug_info     0x00000000    0x11488
 .debug_info    0x00000000       0xa3 ./utilities/fsl_assert.o
 .debug_info    0x000000a3     0x1026 ./utilities/fsl_debug_console.o
 .debug_info    0x000010c9      0x4a6 ./startup/startup_lpc845.o
 .debug_info    0x0000156f      0x333 ./source/Dist/Measure.o
 .debug_info    0x000018a2      0xed6 ./source/Dist/UH_HCSR-04.o
 .debug_info    0x00002778     0x1674 ./source/LPC845_Project_UH_tavmero.o
 .debug_info    0x00003dec      0x2f8 ./source/SysTimer.o
 .debug_info    0x000040e4       0x53 ./source/mtb.o
 .debug_info    0x00004137       0x3c ./source/semihost_hardfault.o
 .debug_info    0x00004173       0xb7 ./source/sys.o
 .debug_info    0x0000422a     0x11d0 ./drivers/fsl_clock.o
 .debug_info    0x000053fa     0x171f ./drivers/fsl_ctimer.o
 .debug_info    0x00006b19      0xdb2 ./drivers/fsl_gpio.o
 .debug_info    0x000078cb      0x724 ./drivers/fsl_reset.o
 .debug_info    0x00007fef     0x1c61 ./drivers/fsl_sctimer.o
 .debug_info    0x00009c50      0x71c ./drivers/fsl_swm.o
 .debug_info    0x0000a36c     0x1ba8 ./drivers/fsl_usart.o
 .debug_info    0x0000bf14      0x77e ./device/system_LPC845.o
 .debug_info    0x0000c692      0xecb ./component/uart/fsl_adapter_miniusart.o
 .debug_info    0x0000d55d      0xc70 ./board/board.o
 .debug_info    0x0000e1cd      0xacb ./board/clock_config.o
 .debug_info    0x0000ec98     0x170c ./board/peripherals.o
 .debug_info    0x000103a4     0x10e4 ./board/pin_mux.o

.debug_abbrev   0x00000000     0x28d7
 .debug_abbrev  0x00000000       0x66 ./utilities/fsl_assert.o
 .debug_abbrev  0x00000066      0x281 ./utilities/fsl_debug_console.o
 .debug_abbrev  0x000002e7      0x1ba ./startup/startup_lpc845.o
 .debug_abbrev  0x000004a1      0x128 ./source/Dist/Measure.o
 .debug_abbrev  0x000005c9      0x229 ./source/Dist/UH_HCSR-04.o
 .debug_abbrev  0x000007f2      0x243 ./source/LPC845_Project_UH_tavmero.o
 .debug_abbrev  0x00000a35      0x14d ./source/SysTimer.o
 .debug_abbrev  0x00000b82       0x46 ./source/mtb.o
 .debug_abbrev  0x00000bc8       0x31 ./source/semihost_hardfault.o
 .debug_abbrev  0x00000bf9       0x81 ./source/sys.o
 .debug_abbrev  0x00000c7a      0x2cd ./drivers/fsl_clock.o
 .debug_abbrev  0x00000f47      0x32a ./drivers/fsl_ctimer.o
 .debug_abbrev  0x00001271      0x1c3 ./drivers/fsl_gpio.o
 .debug_abbrev  0x00001434      0x15c ./drivers/fsl_reset.o
 .debug_abbrev  0x00001590      0x359 ./drivers/fsl_sctimer.o
 .debug_abbrev  0x000018e9      0x16e ./drivers/fsl_swm.o
 .debug_abbrev  0x00001a57      0x316 ./drivers/fsl_usart.o
 .debug_abbrev  0x00001d6d      0x143 ./device/system_LPC845.o
 .debug_abbrev  0x00001eb0      0x1cb ./component/uart/fsl_adapter_miniusart.o
 .debug_abbrev  0x0000207b      0x188 ./board/board.o
 .debug_abbrev  0x00002203      0x217 ./board/clock_config.o
 .debug_abbrev  0x0000241a      0x24f ./board/peripherals.o
 .debug_abbrev  0x00002669      0x26e ./board/pin_mux.o

.debug_aranges  0x00000000      0x9b0
 .debug_aranges
                0x00000000       0x20 ./utilities/fsl_assert.o
 .debug_aranges
                0x00000020       0x68 ./utilities/fsl_debug_console.o
 .debug_aranges
                0x00000088      0x160 ./startup/startup_lpc845.o
 .debug_aranges
                0x000001e8       0x30 ./source/Dist/Measure.o
 .debug_aranges
                0x00000218       0x58 ./source/Dist/UH_HCSR-04.o
 .debug_aranges
                0x00000270       0x48 ./source/LPC845_Project_UH_tavmero.o
 .debug_aranges
                0x000002b8       0x98 ./source/SysTimer.o
 .debug_aranges
                0x00000350       0x18 ./source/mtb.o
 .debug_aranges
                0x00000368       0x20 ./source/semihost_hardfault.o
 .debug_aranges
                0x00000388       0x20 ./source/sys.o
 .debug_aranges
                0x000003a8      0x100 ./drivers/fsl_clock.o
 .debug_aranges
                0x000004a8       0xc0 ./drivers/fsl_ctimer.o
 .debug_aranges
                0x00000568       0x38 ./drivers/fsl_gpio.o
 .debug_aranges
                0x000005a0       0x30 ./drivers/fsl_reset.o
 .debug_aranges
                0x000005d0       0xc8 ./drivers/fsl_sctimer.o
 .debug_aranges
                0x00000698       0x28 ./drivers/fsl_swm.o
 .debug_aranges
                0x000006c0      0x128 ./drivers/fsl_usart.o
 .debug_aranges
                0x000007e8       0x30 ./device/system_LPC845.o
 .debug_aranges
                0x00000818       0x50 ./component/uart/fsl_adapter_miniusart.o
 .debug_aranges
                0x00000868       0x28 ./board/board.o
 .debug_aranges
                0x00000890       0x68 ./board/clock_config.o
 .debug_aranges
                0x000008f8       0x48 ./board/peripherals.o
 .debug_aranges
                0x00000940       0x70 ./board/pin_mux.o

.debug_ranges   0x00000000      0x838
 .debug_ranges  0x00000000       0x10 ./utilities/fsl_assert.o
 .debug_ranges  0x00000010       0x58 ./utilities/fsl_debug_console.o
 .debug_ranges  0x00000068      0x150 ./startup/startup_lpc845.o
 .debug_ranges  0x000001b8       0x20 ./source/Dist/Measure.o
 .debug_ranges  0x000001d8       0x48 ./source/Dist/UH_HCSR-04.o
 .debug_ranges  0x00000220       0x38 ./source/LPC845_Project_UH_tavmero.o
 .debug_ranges  0x00000258       0x88 ./source/SysTimer.o
 .debug_ranges  0x000002e0       0x10 ./source/semihost_hardfault.o
 .debug_ranges  0x000002f0       0x10 ./source/sys.o
 .debug_ranges  0x00000300       0xf0 ./drivers/fsl_clock.o
 .debug_ranges  0x000003f0       0xb0 ./drivers/fsl_ctimer.o
 .debug_ranges  0x000004a0       0x28 ./drivers/fsl_gpio.o
 .debug_ranges  0x000004c8       0x20 ./drivers/fsl_reset.o
 .debug_ranges  0x000004e8       0xb8 ./drivers/fsl_sctimer.o
 .debug_ranges  0x000005a0       0x18 ./drivers/fsl_swm.o
 .debug_ranges  0x000005b8      0x118 ./drivers/fsl_usart.o
 .debug_ranges  0x000006d0       0x20 ./device/system_LPC845.o
 .debug_ranges  0x000006f0       0x40 ./component/uart/fsl_adapter_miniusart.o
 .debug_ranges  0x00000730       0x18 ./board/board.o
 .debug_ranges  0x00000748       0x58 ./board/clock_config.o
 .debug_ranges  0x000007a0       0x38 ./board/peripherals.o
 .debug_ranges  0x000007d8       0x60 ./board/pin_mux.o

.debug_macro    0x00000000     0x9be2
 .debug_macro   0x00000000      0x13b ./utilities/fsl_assert.o
 .debug_macro   0x0000013b      0xa7e ./utilities/fsl_assert.o
 .debug_macro   0x00000bb9       0x10 ./utilities/fsl_assert.o
 .debug_macro   0x00000bc9       0x1c ./utilities/fsl_assert.o
 .debug_macro   0x00000be5       0x22 ./utilities/fsl_assert.o
 .debug_macro   0x00000c07      0x12e ./utilities/fsl_assert.o
 .debug_macro   0x00000d35      0x5b3 ./utilities/fsl_assert.o
 .debug_macro   0x000012e8       0x22 ./utilities/fsl_assert.o
 .debug_macro   0x0000130a       0x10 ./utilities/fsl_assert.o
 .debug_macro   0x0000131a       0x3f ./utilities/fsl_assert.o
 .debug_macro   0x00001359       0x1c ./utilities/fsl_assert.o
 .debug_macro   0x00001375       0x22 ./utilities/fsl_assert.o
 .debug_macro   0x00001397       0xd1 ./utilities/fsl_assert.o
 .debug_macro   0x00001468      0x3ad ./utilities/fsl_assert.o
 .debug_macro   0x00001815       0x22 ./utilities/fsl_assert.o
 .debug_macro   0x00001837     0x58a3 ./utilities/fsl_assert.o
 .debug_macro   0x000070da      0x239 ./utilities/fsl_assert.o
 .debug_macro   0x00007313       0x7a ./utilities/fsl_assert.o
 .debug_macro   0x0000738d       0x96 ./utilities/fsl_assert.o
 .debug_macro   0x00007423      0x125 ./utilities/fsl_assert.o
 .debug_macro   0x00007548       0x16 ./utilities/fsl_assert.o
 .debug_macro   0x0000755e       0x81 ./utilities/fsl_assert.o
 .debug_macro   0x000075df       0x1c ./utilities/fsl_assert.o
 .debug_macro   0x000075fb       0x1c ./utilities/fsl_assert.o
 .debug_macro   0x00007617       0x34 ./utilities/fsl_assert.o
 .debug_macro   0x0000764b      0x16b ./utilities/fsl_debug_console.o
 .debug_macro   0x000077b6       0x16 ./utilities/fsl_debug_console.o
 .debug_macro   0x000077cc       0x10 ./utilities/fsl_debug_console.o
 .debug_macro   0x000077dc       0x28 ./utilities/fsl_debug_console.o
 .debug_macro   0x00007804       0xc4 ./utilities/fsl_debug_console.o
 .debug_macro   0x000078c8       0x16 ./utilities/fsl_debug_console.o
 .debug_macro   0x000078de       0x46 ./utilities/fsl_debug_console.o
 .debug_macro   0x00007924       0x32 ./startup/startup_lpc845.o
 .debug_macro   0x00007956       0x34 ./startup/startup_lpc845.o
 .debug_macro   0x0000798a      0x16f ./source/Dist/Measure.o
 .debug_macro   0x00007af9      0x303 ./source/Dist/Measure.o
 .debug_macro   0x00007dfc       0x10 ./source/Dist/Measure.o
 .debug_macro   0x00007e0c      0x10c ./source/Dist/Measure.o
 .debug_macro   0x00007f18       0x10 ./source/Dist/Measure.o
 .debug_macro   0x00007f28       0x1c ./source/Dist/Measure.o
 .debug_macro   0x00007f44       0x28 ./source/Dist/Measure.o
 .debug_macro   0x00007f6c       0x10 ./source/Dist/Measure.o
 .debug_macro   0x00007f7c      0x1e9 ./source/Dist/UH_HCSR-04.o
 .debug_macro   0x00008165       0x10 ./source/Dist/UH_HCSR-04.o
 .debug_macro   0x00008175       0x10 ./source/Dist/UH_HCSR-04.o
 .debug_macro   0x00008185       0x52 ./source/Dist/UH_HCSR-04.o
 .debug_macro   0x000081d7      0x237 ./source/Dist/UH_HCSR-04.o
 .debug_macro   0x0000840e       0x1c ./source/Dist/UH_HCSR-04.o
 .debug_macro   0x0000842a      0x1cf ./source/LPC845_Project_UH_tavmero.o
 .debug_macro   0x000085f9       0xd8 ./source/LPC845_Project_UH_tavmero.o
 .debug_macro   0x000086d1       0x57 ./source/SysTimer.o
 .debug_macro   0x00008728       0x2f ./source/mtb.o
 .debug_macro   0x00008757       0x82 ./source/mtb.o
 .debug_macro   0x000087d9       0x10 ./source/mtb.o
 .debug_macro   0x000087e9       0x11 ./source/semihost_hardfault.o
 .debug_macro   0x000087fa       0x4b ./source/sys.o
 .debug_macro   0x00008845       0x22 ./source/sys.o
 .debug_macro   0x00008867      0x14e ./drivers/fsl_clock.o
 .debug_macro   0x000089b5      0x13a ./drivers/fsl_ctimer.o
 .debug_macro   0x00008aef      0x13a ./drivers/fsl_gpio.o
 .debug_macro   0x00008c29      0x12a ./drivers/fsl_reset.o
 .debug_macro   0x00008d53      0x13a ./drivers/fsl_sctimer.o
 .debug_macro   0x00008e8d      0x144 ./drivers/fsl_swm.o
 .debug_macro   0x00008fd1      0x139 ./drivers/fsl_usart.o
 .debug_macro   0x0000910a       0x1c ./drivers/fsl_usart.o
 .debug_macro   0x00009126       0x97 ./device/system_LPC845.o
 .debug_macro   0x000091bd      0x136 ./component/uart/fsl_adapter_miniusart.o
 .debug_macro   0x000092f3       0x22 ./component/uart/fsl_adapter_miniusart.o
 .debug_macro   0x00009315      0x162 ./board/board.o
 .debug_macro   0x00009477      0x309 ./board/board.o
 .debug_macro   0x00009780      0x14a ./board/clock_config.o
 .debug_macro   0x000098ca      0x149 ./board/peripherals.o
 .debug_macro   0x00009a13      0x159 ./board/pin_mux.o
 .debug_macro   0x00009b6c       0x76 ./board/pin_mux.o

.debug_line     0x00000000     0x771c
 .debug_line    0x00000000      0x38a ./utilities/fsl_assert.o
 .debug_line    0x0000038a      0x81b ./utilities/fsl_debug_console.o
 .debug_line    0x00000ba5      0x26b ./startup/startup_lpc845.o
 .debug_line    0x00000e10      0x4b2 ./source/Dist/Measure.o
 .debug_line    0x000012c2      0x673 ./source/Dist/UH_HCSR-04.o
 .debug_line    0x00001935      0x686 ./source/LPC845_Project_UH_tavmero.o
 .debug_line    0x00001fbb      0x334 ./source/SysTimer.o
 .debug_line    0x000022ef       0xcd ./source/mtb.o
 .debug_line    0x000023bc       0x59 ./source/semihost_hardfault.o
 .debug_line    0x00002415      0x18f ./source/sys.o
 .debug_line    0x000025a4      0xa23 ./drivers/fsl_clock.o
 .debug_line    0x00002fc7      0x849 ./drivers/fsl_ctimer.o
 .debug_line    0x00003810      0x3b8 ./drivers/fsl_gpio.o
 .debug_line    0x00003bc8      0x385 ./drivers/fsl_reset.o
 .debug_line    0x00003f4d      0xb2e ./drivers/fsl_sctimer.o
 .debug_line    0x00004a7b      0x3d9 ./drivers/fsl_swm.o
 .debug_line    0x00004e54      0xcbc ./drivers/fsl_usart.o
 .debug_line    0x00005b10      0x3e0 ./device/system_LPC845.o
 .debug_line    0x00005ef0      0x513 ./component/uart/fsl_adapter_miniusart.o
 .debug_line    0x00006403      0x426 ./board/board.o
 .debug_line    0x00006829      0x4cb ./board/clock_config.o
 .debug_line    0x00006cf4      0x4b9 ./board/peripherals.o
 .debug_line    0x000071ad      0x56f ./board/pin_mux.o

.debug_str      0x00000000    0x40c8e
 .debug_str     0x00000000    0x36817 ./utilities/fsl_assert.o
                              0x368a1 (size before relaxing)
 .debug_str     0x00036817     0x1932 ./utilities/fsl_debug_console.o
                              0x38231 (size before relaxing)
 .debug_str     0x00038149      0x4bf ./startup/startup_lpc845.o
                               0x31af (size before relaxing)
 .debug_str     0x00038608     0x1e10 ./source/Dist/Measure.o
                              0x38563 (size before relaxing)
 .debug_str     0x0003a418      0xe1a ./source/Dist/UH_HCSR-04.o
                              0x3a104 (size before relaxing)
 .debug_str     0x0003b232      0x81d ./source/LPC845_Project_UH_tavmero.o
                              0x3a7c4 (size before relaxing)
 .debug_str     0x0003ba4f      0x104 ./source/SysTimer.o
                               0x4a11 (size before relaxing)
 .debug_str     0x0003bb53      0x532 ./source/mtb.o
                               0x31e1 (size before relaxing)
 .debug_str     0x0003c085       0x1f ./source/semihost_hardfault.o
                               0x2cce (size before relaxing)
 .debug_str     0x0003c0a4       0x21 ./source/sys.o
                               0x43ed (size before relaxing)
 .debug_str     0x0003c0c5      0x914 ./drivers/fsl_clock.o
                              0x37c6e (size before relaxing)
 .debug_str     0x0003c9d9      0xa46 ./drivers/fsl_ctimer.o
                              0x38265 (size before relaxing)
 .debug_str     0x0003d41f      0x11c ./drivers/fsl_gpio.o
                              0x37958 (size before relaxing)
 .debug_str     0x0003d53b       0xae ./drivers/fsl_reset.o
                              0x36d4c (size before relaxing)
 .debug_str     0x0003d5e9      0xc5d ./drivers/fsl_sctimer.o
                              0x387e4 (size before relaxing)
 .debug_str     0x0003e246      0xb13 ./drivers/fsl_swm.o
                              0x37328 (size before relaxing)
 .debug_str     0x0003ed59      0xcf7 ./drivers/fsl_usart.o
                              0x388b2 (size before relaxing)
 .debug_str     0x0003fa50       0x9b ./device/system_LPC845.o
                              0x35147 (size before relaxing)
 .debug_str     0x0003faeb       0xfb ./component/uart/fsl_adapter_miniusart.o
                              0x37c72 (size before relaxing)
 .debug_str     0x0003fbe6      0x6e2 ./board/board.o
                              0x39d01 (size before relaxing)
 .debug_str     0x000402c8      0x3f5 ./board/clock_config.o
                              0x38845 (size before relaxing)
 .debug_str     0x000406bd       0xa4 ./board/peripherals.o
                              0x38222 (size before relaxing)
 .debug_str     0x00040761      0x52d ./board/pin_mux.o
                              0x386fd (size before relaxing)

.comment        0x00000000       0x49
 .comment       0x00000000       0x49 ./utilities/fsl_assert.o
                                 0x4a (size before relaxing)
 .comment       0x00000049       0x4a ./utilities/fsl_debug_console.o
 .comment       0x00000049       0x4a ./startup/startup_lpc845.o
 .comment       0x00000049       0x4a ./source/Dist/Measure.o
 .comment       0x00000049       0x4a ./source/Dist/UH_HCSR-04.o
 .comment       0x00000049       0x4a ./source/LPC845_Project_UH_tavmero.o
 .comment       0x00000049       0x4a ./source/SysTimer.o
 .comment       0x00000049       0x4a ./source/mtb.o
 .comment       0x00000049       0x4a ./source/semihost_hardfault.o
 .comment       0x00000049       0x4a ./source/sys.o
 .comment       0x00000049       0x4a ./drivers/fsl_clock.o
 .comment       0x00000049       0x4a ./drivers/fsl_ctimer.o
 .comment       0x00000049       0x4a ./drivers/fsl_gpio.o
 .comment       0x00000049       0x4a ./drivers/fsl_reset.o
 .comment       0x00000049       0x4a ./drivers/fsl_sctimer.o
 .comment       0x00000049       0x4a ./drivers/fsl_swm.o
 .comment       0x00000049       0x4a ./drivers/fsl_usart.o
 .comment       0x00000049       0x4a ./device/system_LPC845.o
 .comment       0x00000049       0x4a ./component/uart/fsl_adapter_miniusart.o
 .comment       0x00000049       0x4a ./board/board.o
 .comment       0x00000049       0x4a ./board/clock_config.o
 .comment       0x00000049       0x4a ./board/peripherals.o
 .comment       0x00000049       0x4a ./board/pin_mux.o
 .comment       0x00000049       0x4a f:/mcuxpressoide_11.7.0_9198/ide/plugins/com.nxp.mcuxpresso.tools.win32_11.7.0.202209140929/tools/bin/../lib/gcc/arm-none-eabi/10.3.1/../../../../arm-none-eabi/lib/thumb/v6-m/nofp\libcr_nohost_nf.a(_cr__main.o)
 .comment       0x00000049       0x4a f:/mcuxpressoide_11.7.0_9198/ide/plugins/com.nxp.mcuxpresso.tools.win32_11.7.0.202209140929/tools/bin/../lib/gcc/arm-none-eabi/10.3.1/../../../../arm-none-eabi/lib/thumb/v6-m/nofp\libcr_c.a(ceilf.o)
 .comment       0x00000049       0x4a f:/mcuxpressoide_11.7.0_9198/ide/plugins/com.nxp.mcuxpresso.tools.win32_11.7.0.202209140929/tools/bin/../lib/gcc/arm-none-eabi/10.3.1/../../../../arm-none-eabi/lib/thumb/v6-m/nofp\libcr_c.a(memcpy.o)
 .comment       0x00000049       0x4a f:/mcuxpressoide_11.7.0_9198/ide/plugins/com.nxp.mcuxpresso.tools.win32_11.7.0.202209140929/tools/bin/../lib/gcc/arm-none-eabi/10.3.1/../../../../arm-none-eabi/lib/thumb/v6-m/nofp\libcr_c.a(memset.o)
 .comment       0x00000049       0x4a f:/mcuxpressoide_11.7.0_9198/ide/plugins/com.nxp.mcuxpresso.tools.win32_11.7.0.202209140929/tools/bin/../lib/gcc/arm-none-eabi/10.3.1/../../../../arm-none-eabi/lib/thumb/v6-m/nofp\libcr_c.a(alloc.o)
 .comment       0x00000049       0x4a f:/mcuxpressoide_11.7.0_9198/ide/plugins/com.nxp.mcuxpresso.tools.win32_11.7.0.202209140929/tools/bin/../lib/gcc/arm-none-eabi/10.3.1/../../../../arm-none-eabi/lib/thumb/v6-m/nofp\libcr_c.a(errno.o)
 .comment       0x00000049       0x4a f:/mcuxpressoide_11.7.0_9198/ide/plugins/com.nxp.mcuxpresso.tools.win32_11.7.0.202209140929/tools/bin/../lib/gcc/arm-none-eabi/10.3.1/../../../../arm-none-eabi/lib/thumb/v6-m/nofp\libcr_c.a(initio.o)
 .comment       0x00000049       0x4a f:/mcuxpressoide_11.7.0_9198/ide/plugins/com.nxp.mcuxpresso.tools.win32_11.7.0.202209140929/tools/bin/../lib/gcc/arm-none-eabi/10.3.1/../../../../arm-none-eabi/lib/thumb/v6-m/nofp\libcr_c.a(setvbuf.o)
 .comment       0x00000049       0x4a f:/mcuxpressoide_11.7.0_9198/ide/plugins/com.nxp.mcuxpresso.tools.win32_11.7.0.202209140929/tools/bin/../lib/gcc/arm-none-eabi/10.3.1/../../../../arm-none-eabi/lib/thumb/v6-m/nofp\libcr_c.a(strlen.o)
 .comment       0x00000049       0x4a f:/mcuxpressoide_11.7.0_9198/ide/plugins/com.nxp.mcuxpresso.tools.win32_11.7.0.202209140929/tools/bin/../lib/gcc/arm-none-eabi/10.3.1/../../../../arm-none-eabi/lib/thumb/v6-m/nofp\libcr_c.a(_deferredlazyseek.o)
 .comment       0x00000049       0x4a f:/mcuxpressoide_11.7.0_9198/ide/plugins/com.nxp.mcuxpresso.tools.win32_11.7.0.202209140929/tools/bin/../lib/gcc/arm-none-eabi/10.3.1/../../../../arm-none-eabi/lib/thumb/v6-m/nofp\libcr_c.a(_fdopen.o)
 .comment       0x00000049       0x4a f:/mcuxpressoide_11.7.0_9198/ide/plugins/com.nxp.mcuxpresso.tools.win32_11.7.0.202209140929/tools/bin/../lib/gcc/arm-none-eabi/10.3.1/../../../../arm-none-eabi/lib/thumb/v6-m/nofp\libcr_c.a(_fflush.o)
 .comment       0x00000049       0x4a f:/mcuxpressoide_11.7.0_9198/ide/plugins/com.nxp.mcuxpresso.tools.win32_11.7.0.202209140929/tools/bin/../lib/gcc/arm-none-eabi/10.3.1/../../../../arm-none-eabi/lib/thumb/v6-m/nofp\libcr_c.a(_writebuf.o)
 .comment       0x00000049       0x4a f:/mcuxpressoide_11.7.0_9198/ide/plugins/com.nxp.mcuxpresso.tools.win32_11.7.0.202209140929/tools/bin/../lib/gcc/arm-none-eabi/10.3.1/../../../../arm-none-eabi/lib/thumb/v6-m/nofp\libcr_c.a(fclose.o)
 .comment       0x00000049       0x4a f:/mcuxpressoide_11.7.0_9198/ide/plugins/com.nxp.mcuxpresso.tools.win32_11.7.0.202209140929/tools/bin/../lib/gcc/arm-none-eabi/10.3.1/../../../../arm-none-eabi/lib/thumb/v6-m/nofp\libcr_c.a(fflush.o)
 .comment       0x00000049       0x4a f:/mcuxpressoide_11.7.0_9198/ide/plugins/com.nxp.mcuxpresso.tools.win32_11.7.0.202209140929/tools/bin/../lib/gcc/arm-none-eabi/10.3.1/../../../../arm-none-eabi/lib/thumb/v6-m/nofp\libcr_c.a(fseek.o)
 .comment       0x00000049       0x4a f:/mcuxpressoide_11.7.0_9198/ide/plugins/com.nxp.mcuxpresso.tools.win32_11.7.0.202209140929/tools/bin/../lib/gcc/arm-none-eabi/10.3.1/../../../../arm-none-eabi/lib/thumb/v6-m/nofp\libcr_c.a(ftell.o)
 .comment       0x00000049       0x4a f:/mcuxpressoide_11.7.0_9198/ide/plugins/com.nxp.mcuxpresso.tools.win32_11.7.0.202209140929/tools/bin/../lib/gcc/arm-none-eabi/10.3.1/../../../../arm-none-eabi/lib/thumb/v6-m/nofp\libcr_c.a(remove.o)
 .comment       0x00000049       0x4a f:/mcuxpressoide_11.7.0_9198/ide/plugins/com.nxp.mcuxpresso.tools.win32_11.7.0.202209140929/tools/bin/../lib/gcc/arm-none-eabi/10.3.1/../../../../arm-none-eabi/lib/thumb/v6-m/nofp\libcr_c.a(_do_fflush.o)
 .comment       0x00000049       0x4a f:/mcuxpressoide_11.7.0_9198/ide/plugins/com.nxp.mcuxpresso.tools.win32_11.7.0.202209140929/tools/bin/../lib/gcc/arm-none-eabi/10.3.1/thumb/v6-m/nofp\libcr_eabihelpers.a(float.o)
 .comment       0x00000049       0x4a f:/mcuxpressoide_11.7.0_9198/ide/plugins/com.nxp.mcuxpresso.tools.win32_11.7.0.202209140929/tools/bin/../lib/gcc/arm-none-eabi/10.3.1/../../../../arm-none-eabi/lib/thumb/v6-m/nofp\libcr_nohost_nf.a(__ciob.o)
 .comment       0x00000049       0x4a f:/mcuxpressoide_11.7.0_9198/ide/plugins/com.nxp.mcuxpresso.tools.win32_11.7.0.202209140929/tools/bin/../lib/gcc/arm-none-eabi/10.3.1/../../../../arm-none-eabi/lib/thumb/v6-m/nofp\libcr_nohost_nf.a(__sys_close.o)
 .comment       0x00000049       0x4a f:/mcuxpressoide_11.7.0_9198/ide/plugins/com.nxp.mcuxpresso.tools.win32_11.7.0.202209140929/tools/bin/../lib/gcc/arm-none-eabi/10.3.1/../../../../arm-none-eabi/lib/thumb/v6-m/nofp\libcr_nohost_nf.a(__sys_flen.o)
 .comment       0x00000049       0x4a f:/mcuxpressoide_11.7.0_9198/ide/plugins/com.nxp.mcuxpresso.tools.win32_11.7.0.202209140929/tools/bin/../lib/gcc/arm-none-eabi/10.3.1/../../../../arm-none-eabi/lib/thumb/v6-m/nofp\libcr_nohost_nf.a(__sys_istty.o)
 .comment       0x00000049       0x4a f:/mcuxpressoide_11.7.0_9198/ide/plugins/com.nxp.mcuxpresso.tools.win32_11.7.0.202209140929/tools/bin/../lib/gcc/arm-none-eabi/10.3.1/../../../../arm-none-eabi/lib/thumb/v6-m/nofp\libcr_nohost_nf.a(__sys_remove.o)
 .comment       0x00000049       0x4a f:/mcuxpressoide_11.7.0_9198/ide/plugins/com.nxp.mcuxpresso.tools.win32_11.7.0.202209140929/tools/bin/../lib/gcc/arm-none-eabi/10.3.1/../../../../arm-none-eabi/lib/thumb/v6-m/nofp\libcr_nohost_nf.a(__sys_seek.o)
 .comment       0x00000049       0x4a f:/mcuxpressoide_11.7.0_9198/ide/plugins/com.nxp.mcuxpresso.tools.win32_11.7.0.202209140929/tools/bin/../lib/gcc/arm-none-eabi/10.3.1/../../../../arm-none-eabi/lib/thumb/v6-m/nofp\libcr_nohost_nf.a(__sys_tmpnam.o)
 .comment       0x00000049       0x4a f:/mcuxpressoide_11.7.0_9198/ide/plugins/com.nxp.mcuxpresso.tools.win32_11.7.0.202209140929/tools/bin/../lib/gcc/arm-none-eabi/10.3.1/../../../../arm-none-eabi/lib/thumb/v6-m/nofp\libcr_nohost_nf.a(__sys_write.o)

.ARM.attributes
                0x00000000       0x2a
 .ARM.attributes
                0x00000000       0x2c ./utilities/fsl_assert.o
 .ARM.attributes
                0x0000002c       0x2c ./utilities/fsl_debug_console.o
 .ARM.attributes
                0x00000058       0x2c ./startup/startup_lpc845.o
 .ARM.attributes
                0x00000084       0x2c ./source/Dist/Measure.o
 .ARM.attributes
                0x000000b0       0x2c ./source/Dist/UH_HCSR-04.o
 .ARM.attributes
                0x000000dc       0x2c ./source/LPC845_Project_UH_tavmero.o
 .ARM.attributes
                0x00000108       0x2c ./source/SysTimer.o
 .ARM.attributes
                0x00000134       0x2c ./source/mtb.o
 .ARM.attributes
                0x00000160       0x2c ./source/semihost_hardfault.o
 .ARM.attributes
                0x0000018c       0x2c ./source/sys.o
 .ARM.attributes
                0x000001b8       0x2c ./drivers/fsl_clock.o
 .ARM.attributes
                0x000001e4       0x2c ./drivers/fsl_ctimer.o
 .ARM.attributes
                0x00000210       0x2c ./drivers/fsl_gpio.o
 .ARM.attributes
                0x0000023c       0x2c ./drivers/fsl_reset.o
 .ARM.attributes
                0x00000268       0x2c ./drivers/fsl_sctimer.o
 .ARM.attributes
                0x00000294       0x2c ./drivers/fsl_swm.o
 .ARM.attributes
                0x000002c0       0x2c ./drivers/fsl_usart.o
 .ARM.attributes
                0x000002ec       0x2c ./device/system_LPC845.o
 .ARM.attributes
                0x00000318       0x2c ./component/uart/fsl_adapter_miniusart.o
 .ARM.attributes
                0x00000344       0x2c ./board/board.o
 .ARM.attributes
                0x00000370       0x2c ./board/clock_config.o
 .ARM.attributes
                0x0000039c       0x2c ./board/peripherals.o
 .ARM.attributes
                0x000003c8       0x2c ./board/pin_mux.o
 .ARM.attributes
                0x000003f4       0x2c f:/mcuxpressoide_11.7.0_9198/ide/plugins/com.nxp.mcuxpresso.tools.win32_11.7.0.202209140929/tools/bin/../lib/gcc/arm-none-eabi/10.3.1/../../../../arm-none-eabi/lib/thumb/v6-m/nofp\libcr_nohost_nf.a(_cr__main.o)
 .ARM.attributes
                0x00000420       0x2c f:/mcuxpressoide_11.7.0_9198/ide/plugins/com.nxp.mcuxpresso.tools.win32_11.7.0.202209140929/tools/bin/../lib/gcc/arm-none-eabi/10.3.1/../../../../arm-none-eabi/lib/thumb/v6-m/nofp\libcr_c.a(ceilf.o)
 .ARM.attributes
                0x0000044c       0x2c f:/mcuxpressoide_11.7.0_9198/ide/plugins/com.nxp.mcuxpresso.tools.win32_11.7.0.202209140929/tools/bin/../lib/gcc/arm-none-eabi/10.3.1/../../../../arm-none-eabi/lib/thumb/v6-m/nofp\libcr_c.a(memcpy.o)
 .ARM.attributes
                0x00000478       0x2c f:/mcuxpressoide_11.7.0_9198/ide/plugins/com.nxp.mcuxpresso.tools.win32_11.7.0.202209140929/tools/bin/../lib/gcc/arm-none-eabi/10.3.1/../../../../arm-none-eabi/lib/thumb/v6-m/nofp\libcr_c.a(memset.o)
 .ARM.attributes
                0x000004a4       0x2c f:/mcuxpressoide_11.7.0_9198/ide/plugins/com.nxp.mcuxpresso.tools.win32_11.7.0.202209140929/tools/bin/../lib/gcc/arm-none-eabi/10.3.1/../../../../arm-none-eabi/lib/thumb/v6-m/nofp\libcr_c.a(alloc.o)
 .ARM.attributes
                0x000004d0       0x2c f:/mcuxpressoide_11.7.0_9198/ide/plugins/com.nxp.mcuxpresso.tools.win32_11.7.0.202209140929/tools/bin/../lib/gcc/arm-none-eabi/10.3.1/../../../../arm-none-eabi/lib/thumb/v6-m/nofp\libcr_c.a(errno.o)
 .ARM.attributes
                0x000004fc       0x2c f:/mcuxpressoide_11.7.0_9198/ide/plugins/com.nxp.mcuxpresso.tools.win32_11.7.0.202209140929/tools/bin/../lib/gcc/arm-none-eabi/10.3.1/../../../../arm-none-eabi/lib/thumb/v6-m/nofp\libcr_c.a(initio.o)
 .ARM.attributes
                0x00000528       0x2c f:/mcuxpressoide_11.7.0_9198/ide/plugins/com.nxp.mcuxpresso.tools.win32_11.7.0.202209140929/tools/bin/../lib/gcc/arm-none-eabi/10.3.1/../../../../arm-none-eabi/lib/thumb/v6-m/nofp\libcr_c.a(setvbuf.o)
 .ARM.attributes
                0x00000554       0x2c f:/mcuxpressoide_11.7.0_9198/ide/plugins/com.nxp.mcuxpresso.tools.win32_11.7.0.202209140929/tools/bin/../lib/gcc/arm-none-eabi/10.3.1/../../../../arm-none-eabi/lib/thumb/v6-m/nofp\libcr_c.a(strlen.o)
 .ARM.attributes
                0x00000580       0x2c f:/mcuxpressoide_11.7.0_9198/ide/plugins/com.nxp.mcuxpresso.tools.win32_11.7.0.202209140929/tools/bin/../lib/gcc/arm-none-eabi/10.3.1/../../../../arm-none-eabi/lib/thumb/v6-m/nofp\libcr_c.a(_deferredlazyseek.o)
 .ARM.attributes
                0x000005ac       0x2c f:/mcuxpressoide_11.7.0_9198/ide/plugins/com.nxp.mcuxpresso.tools.win32_11.7.0.202209140929/tools/bin/../lib/gcc/arm-none-eabi/10.3.1/../../../../arm-none-eabi/lib/thumb/v6-m/nofp\libcr_c.a(_fdopen.o)
 .ARM.attributes
                0x000005d8       0x2c f:/mcuxpressoide_11.7.0_9198/ide/plugins/com.nxp.mcuxpresso.tools.win32_11.7.0.202209140929/tools/bin/../lib/gcc/arm-none-eabi/10.3.1/../../../../arm-none-eabi/lib/thumb/v6-m/nofp\libcr_c.a(_fflush.o)
 .ARM.attributes
                0x00000604       0x2c f:/mcuxpressoide_11.7.0_9198/ide/plugins/com.nxp.mcuxpresso.tools.win32_11.7.0.202209140929/tools/bin/../lib/gcc/arm-none-eabi/10.3.1/../../../../arm-none-eabi/lib/thumb/v6-m/nofp\libcr_c.a(_writebuf.o)
 .ARM.attributes
                0x00000630       0x2c f:/mcuxpressoide_11.7.0_9198/ide/plugins/com.nxp.mcuxpresso.tools.win32_11.7.0.202209140929/tools/bin/../lib/gcc/arm-none-eabi/10.3.1/../../../../arm-none-eabi/lib/thumb/v6-m/nofp\libcr_c.a(fclose.o)
 .ARM.attributes
                0x0000065c       0x2c f:/mcuxpressoide_11.7.0_9198/ide/plugins/com.nxp.mcuxpresso.tools.win32_11.7.0.202209140929/tools/bin/../lib/gcc/arm-none-eabi/10.3.1/../../../../arm-none-eabi/lib/thumb/v6-m/nofp\libcr_c.a(fflush.o)
 .ARM.attributes
                0x00000688       0x2c f:/mcuxpressoide_11.7.0_9198/ide/plugins/com.nxp.mcuxpresso.tools.win32_11.7.0.202209140929/tools/bin/../lib/gcc/arm-none-eabi/10.3.1/../../../../arm-none-eabi/lib/thumb/v6-m/nofp\libcr_c.a(fseek.o)
 .ARM.attributes
                0x000006b4       0x2c f:/mcuxpressoide_11.7.0_9198/ide/plugins/com.nxp.mcuxpresso.tools.win32_11.7.0.202209140929/tools/bin/../lib/gcc/arm-none-eabi/10.3.1/../../../../arm-none-eabi/lib/thumb/v6-m/nofp\libcr_c.a(ftell.o)
 .ARM.attributes
                0x000006e0       0x2c f:/mcuxpressoide_11.7.0_9198/ide/plugins/com.nxp.mcuxpresso.tools.win32_11.7.0.202209140929/tools/bin/../lib/gcc/arm-none-eabi/10.3.1/../../../../arm-none-eabi/lib/thumb/v6-m/nofp\libcr_c.a(remove.o)
 .ARM.attributes
                0x0000070c       0x2c f:/mcuxpressoide_11.7.0_9198/ide/plugins/com.nxp.mcuxpresso.tools.win32_11.7.0.202209140929/tools/bin/../lib/gcc/arm-none-eabi/10.3.1/../../../../arm-none-eabi/lib/thumb/v6-m/nofp\libcr_c.a(_do_fflush.o)
 .ARM.attributes
                0x00000738       0x1c f:/mcuxpressoide_11.7.0_9198/ide/plugins/com.nxp.mcuxpresso.tools.win32_11.7.0.202209140929/tools/bin/../lib/gcc/arm-none-eabi/10.3.1/thumb/v6-m/nofp\libcr_eabihelpers.a(division_32.o)
 .ARM.attributes
                0x00000754       0x1c f:/mcuxpressoide_11.7.0_9198/ide/plugins/com.nxp.mcuxpresso.tools.win32_11.7.0.202209140929/tools/bin/../lib/gcc/arm-none-eabi/10.3.1/thumb/v6-m/nofp\libcr_eabihelpers.a(division_64.o)
 .ARM.attributes
                0x00000770       0x1c f:/mcuxpressoide_11.7.0_9198/ide/plugins/com.nxp.mcuxpresso.tools.win32_11.7.0.202209140929/tools/bin/../lib/gcc/arm-none-eabi/10.3.1/thumb/v6-m/nofp\libcr_eabihelpers.a(division_idiv0.o)
 .ARM.attributes
                0x0000078c       0x2c f:/mcuxpressoide_11.7.0_9198/ide/plugins/com.nxp.mcuxpresso.tools.win32_11.7.0.202209140929/tools/bin/../lib/gcc/arm-none-eabi/10.3.1/thumb/v6-m/nofp\libcr_eabihelpers.a(float.o)
 .ARM.attributes
                0x000007b8       0x1c f:/mcuxpressoide_11.7.0_9198/ide/plugins/com.nxp.mcuxpresso.tools.win32_11.7.0.202209140929/tools/bin/../lib/gcc/arm-none-eabi/10.3.1/thumb/v6-m/nofp\libcr_eabihelpers.a(llong.o)
 .ARM.attributes
                0x000007d4       0x1c f:/mcuxpressoide_11.7.0_9198/ide/plugins/com.nxp.mcuxpresso.tools.win32_11.7.0.202209140929/tools/bin/../lib/gcc/arm-none-eabi/10.3.1/thumb/v6-m/nofp\libcr_eabihelpers.a(memcpy.o)
 .ARM.attributes
                0x000007f0       0x2c f:/mcuxpressoide_11.7.0_9198/ide/plugins/com.nxp.mcuxpresso.tools.win32_11.7.0.202209140929/tools/bin/../lib/gcc/arm-none-eabi/10.3.1/../../../../arm-none-eabi/lib/thumb/v6-m/nofp\libcr_nohost_nf.a(__ciob.o)
 .ARM.attributes
                0x0000081c       0x2c f:/mcuxpressoide_11.7.0_9198/ide/plugins/com.nxp.mcuxpresso.tools.win32_11.7.0.202209140929/tools/bin/../lib/gcc/arm-none-eabi/10.3.1/../../../../arm-none-eabi/lib/thumb/v6-m/nofp\libcr_nohost_nf.a(__sys_close.o)
 .ARM.attributes
                0x00000848       0x2c f:/mcuxpressoide_11.7.0_9198/ide/plugins/com.nxp.mcuxpresso.tools.win32_11.7.0.202209140929/tools/bin/../lib/gcc/arm-none-eabi/10.3.1/../../../../arm-none-eabi/lib/thumb/v6-m/nofp\libcr_nohost_nf.a(__sys_flen.o)
 .ARM.attributes
                0x00000874       0x2c f:/mcuxpressoide_11.7.0_9198/ide/plugins/com.nxp.mcuxpresso.tools.win32_11.7.0.202209140929/tools/bin/../lib/gcc/arm-none-eabi/10.3.1/../../../../arm-none-eabi/lib/thumb/v6-m/nofp\libcr_nohost_nf.a(__sys_istty.o)
 .ARM.attributes
                0x000008a0       0x2c f:/mcuxpressoide_11.7.0_9198/ide/plugins/com.nxp.mcuxpresso.tools.win32_11.7.0.202209140929/tools/bin/../lib/gcc/arm-none-eabi/10.3.1/../../../../arm-none-eabi/lib/thumb/v6-m/nofp\libcr_nohost_nf.a(__sys_remove.o)
 .ARM.attributes
                0x000008cc       0x2c f:/mcuxpressoide_11.7.0_9198/ide/plugins/com.nxp.mcuxpresso.tools.win32_11.7.0.202209140929/tools/bin/../lib/gcc/arm-none-eabi/10.3.1/../../../../arm-none-eabi/lib/thumb/v6-m/nofp\libcr_nohost_nf.a(__sys_seek.o)
 .ARM.attributes
                0x000008f8       0x2c f:/mcuxpressoide_11.7.0_9198/ide/plugins/com.nxp.mcuxpresso.tools.win32_11.7.0.202209140929/tools/bin/../lib/gcc/arm-none-eabi/10.3.1/../../../../arm-none-eabi/lib/thumb/v6-m/nofp\libcr_nohost_nf.a(__sys_tmpnam.o)
 .ARM.attributes
                0x00000924       0x2c f:/mcuxpressoide_11.7.0_9198/ide/plugins/com.nxp.mcuxpresso.tools.win32_11.7.0.202209140929/tools/bin/../lib/gcc/arm-none-eabi/10.3.1/../../../../arm-none-eabi/lib/thumb/v6-m/nofp\libcr_nohost_nf.a(__sys_write.o)

.debug_frame    0x00000000     0x1d74
 .debug_frame   0x00000000       0x30 ./utilities/fsl_assert.o
 .debug_frame   0x00000030      0x150 ./utilities/fsl_debug_console.o
 .debug_frame   0x00000180      0x3a8 ./startup/startup_lpc845.o
 .debug_frame   0x00000528       0x6c ./source/Dist/Measure.o
 .debug_frame   0x00000594      0x10c ./source/Dist/UH_HCSR-04.o
 .debug_frame   0x000006a0       0xcc ./source/LPC845_Project_UH_tavmero.o
 .debug_frame   0x0000076c      0x1ec ./source/SysTimer.o
 .debug_frame   0x00000958       0x20 ./source/semihost_hardfault.o
 .debug_frame   0x00000978       0x2c ./source/sys.o
 .debug_frame   0x000009a4      0x3ac ./drivers/fsl_clock.o
 .debug_frame   0x00000d50      0x2b0 ./drivers/fsl_ctimer.o
 .debug_frame   0x00001000       0x90 ./drivers/fsl_gpio.o
 .debug_frame   0x00001090       0x70 ./drivers/fsl_reset.o
 .debug_frame   0x00001100      0x2d4 ./drivers/fsl_sctimer.o
 .debug_frame   0x000013d4       0x50 ./drivers/fsl_swm.o
 .debug_frame   0x00001424      0x43c ./drivers/fsl_usart.o
 .debug_frame   0x00001860       0x68 ./device/system_LPC845.o
 .debug_frame   0x000018c8       0xf0 ./component/uart/fsl_adapter_miniusart.o
 .debug_frame   0x000019b8       0x50 ./board/board.o
 .debug_frame   0x00001a08      0x140 ./board/clock_config.o
 .debug_frame   0x00001b48       0xc4 ./board/peripherals.o
 .debug_frame   0x00001c0c      0x168 ./board/pin_mux.o

Cross Reference Table

Symbol                                            File
ADC0_OVR_DriverIRQHandler                         ./startup/startup_lpc845.o
ADC0_OVR_IRQHandler                               ./startup/startup_lpc845.o
ADC0_SEQA_DriverIRQHandler                        ./startup/startup_lpc845.o
ADC0_SEQA_IRQHandler                              ./startup/startup_lpc845.o
ADC0_SEQB_DriverIRQHandler                        ./startup/startup_lpc845.o
ADC0_SEQB_IRQHandler                              ./startup/startup_lpc845.o
ADC0_THCMP_DriverIRQHandler                       ./startup/startup_lpc845.o
ADC0_THCMP_IRQHandler                             ./startup/startup_lpc845.o
BOARD_BootClockFRO18M                             ./board/clock_config.o
BOARD_BootClockFRO24M                             ./board/clock_config.o
BOARD_BootClockFRO30M                             ./board/clock_config.o
BOARD_BootClockPll24M                             ./board/clock_config.o
BOARD_InitBUTTONsPins                             ./board/pin_mux.o
BOARD_InitBootClocks                              ./board/clock_config.o
                                                  ./source/LPC845_Project_UH_tavmero.o
BOARD_InitBootPeripherals                         ./board/peripherals.o
                                                  ./source/LPC845_Project_UH_tavmero.o
BOARD_InitBootPins                                ./board/pin_mux.o
                                                  ./source/LPC845_Project_UH_tavmero.o
BOARD_InitCAPTPins                                ./board/pin_mux.o
BOARD_InitDEBUG_UARTPins                          ./board/pin_mux.o
BOARD_InitDebugConsole                            ./board/board.o
                                                  ./source/LPC845_Project_UH_tavmero.o
BOARD_InitLEDsPins                                ./board/pin_mux.o
BOARD_InitPeripherals                             ./board/peripherals.o
BOARD_InitPins                                    ./board/pin_mux.o
BOARD_InitSWD_DEBUGPins                           ./board/pin_mux.o
BOD_DriverIRQHandler                              ./startup/startup_lpc845.o
BOD_IRQHandler                                    ./startup/startup_lpc845.o
Board_InitCTIMER0_CAP01                           ./board/pin_mux.o
CLOCK_GetClockOutClkFreq                          ./drivers/fsl_clock.o
CLOCK_GetFRG0ClkFreq                              ./drivers/fsl_clock.o
CLOCK_GetFRG1ClkFreq                              ./drivers/fsl_clock.o
CLOCK_GetFreq                                     ./drivers/fsl_clock.o
CLOCK_GetFroFreq                                  ./drivers/fsl_clock.o
CLOCK_GetMainClkFreq                              ./drivers/fsl_clock.o
                                                  ./board/board.o
CLOCK_GetSystemPLLInClockRate                     ./drivers/fsl_clock.o
CLOCK_GetUart0ClkFreq                             ./drivers/fsl_clock.o
CLOCK_GetUart1ClkFreq                             ./drivers/fsl_clock.o
CLOCK_GetUart2ClkFreq                             ./drivers/fsl_clock.o
CLOCK_GetUart3ClkFreq                             ./drivers/fsl_clock.o
CLOCK_GetUart4ClkFreq                             ./drivers/fsl_clock.o
CLOCK_InitExtClkin                                ./drivers/fsl_clock.o
CLOCK_InitSysOsc                                  ./drivers/fsl_clock.o
CLOCK_InitSystemPll                               ./drivers/fsl_clock.o
                                                  ./board/clock_config.o
CLOCK_InitWdtOsc                                  ./drivers/fsl_clock.o
CLOCK_InitXtalin                                  ./drivers/fsl_clock.o
CLOCK_SetFRG0ClkFreq                              ./drivers/fsl_clock.o
CLOCK_SetFRG1ClkFreq                              ./drivers/fsl_clock.o
CLOCK_SetFroOutClkSrc                             ./drivers/fsl_clock.o
                                                  ./board/clock_config.o
CLOCK_SetMainClkSrc                               ./drivers/fsl_clock.o
                                                  ./board/clock_config.o
CMP_CAPT_DriverIRQHandler                         ./startup/startup_lpc845.o
CMP_CAPT_IRQHandler                               ./startup/startup_lpc845.o
CRP_WORD                                          ./startup/startup_lpc845.o
CTIMER0_DriverIRQHandler                          ./drivers/fsl_ctimer.o
                                                  ./startup/startup_lpc845.o
CTIMER0_IRQHandler                                ./startup/startup_lpc845.o
CTIMER0_callback                                  ./board/peripherals.o
CTIMER0_config                                    ./board/peripherals.o
CTIMER_Deinit                                     ./drivers/fsl_ctimer.o
CTIMER_GetDefaultConfig                           ./drivers/fsl_ctimer.o
CTIMER_GetOutputMatchStatus                       ./drivers/fsl_ctimer.o
CTIMER_Init                                       ./drivers/fsl_ctimer.o
                                                  ./board/peripherals.o
CTIMER_RegisterCallBack                           ./drivers/fsl_ctimer.o
                                                  ./board/peripherals.o
CTIMER_SetupCapture                               ./drivers/fsl_ctimer.o
                                                  ./board/peripherals.o
CTIMER_SetupMatch                                 ./drivers/fsl_ctimer.o
CTIMER_SetupPwm                                   ./drivers/fsl_ctimer.o
CTIMER_SetupPwmPeriod                             ./drivers/fsl_ctimer.o
CTIMER_UpdatePwmDutycycle                         ./drivers/fsl_ctimer.o
DAC0_DriverIRQHandler                             ./startup/startup_lpc845.o
DAC0_IRQHandler                                   ./startup/startup_lpc845.o
DMA0_DriverIRQHandler                             ./startup/startup_lpc845.o
DMA0_IRQHandler                                   ./startup/startup_lpc845.o
DbgConsole_Deinit                                 ./utilities/fsl_debug_console.o
DbgConsole_Getchar                                ./utilities/fsl_debug_console.o