../source/SysTimer.c:25:6:SysTimer_Tou	16	static
../source/SysTimer.c:40:6:StartTimeout	16	static
../source/SysTimer.c:48:9:TimeoutDone	24	static
../source/SysTimer.c:66:6:SysTimer_Tou1	8	static
../source/SysTimer.c:71:6:StartTimeout1	16	static
../source/SysTimer.c:76:9:TimeoutDone1	8	static
../source/SysTimer.c:83:6:SysTimer_Tou2	8	static
../source/SysTimer.c:88:6:StartTimeout2	16	static
../source/SysTimer.c:93:9:TimeoutDone2	8	static
../source/SysTimer.c:100:6:SysTimer_Tou3	8	static
../source/SysTimer.c:105:6:StartTimeout3	16	static
../source/SysTimer.c:110:9:TimeoutDone3	8	static
../source/SysTimer.c:117:6:SysTimer_Tou4	8	static
../source/SysTimer.c:122:6:StartTimeout4	16	static
../source/SysTimer.c:127:9:TimeoutDone4	8	static
../source/SysTimer.c:133:6:TimeoutExtension	8	static
